full_weighted_fit_cohort 1 / 5 candidates 4800
full_weighted_fit_cohort 2 / 5 candidates 4800
full_weighted_fit_cohort 1 / 5 candidates 4800
full_weighted_fit_cohort 2 / 5 candidates 4800
full_weighted_fit_cohort 3 / 5 candidates 4800
full_weighted_fit_cohort 4 / 5 candidates 4800
full_weighted_fit_cohort 5 / 5 candidates 4800
{"logical_cases": 24, "cohorts": 5, "designs": 150, "fit_inputs": 300, "settings": 600, "candidate_rows": 24000, "setting_fit_links": 48000, "candidate_status_counts": {"exact_four_control_covariance_basis_requires_review": 12000, "insufficient_residual_dimension": 9600, "constant_response_requires_review": 2400}, "setting_status_counts": {"exact_four_control_covariance_basis_requires_review": 24000, "insufficient_residual_dimension": 19200, "constant_response_requires_review": 4800}, "methods": ["ml", "reml"], "trees": ["t1", "t2", "t3", "t4", "t5"], "loading_modes": ["signed", "unsigned"], "policies": ["uniform", "background_node", "background_pair", "family_component"]}
independent_full_weighted_fit_cohort 1 / 5 candidates 4800
independent_full_weighted_fit_cohort 2 / 5 candidates 4800
independent_full_weighted_fit_cohort 1 / 5 candidates 4800
independent_full_weighted_fit_cohort 2 / 5 candidates 4800
independent_full_weighted_fit_cohort 3 / 5 candidates 4800
independent_full_weighted_fit_cohort 4 / 5 candidates 4800
independent_full_weighted_fit_cohort 5 / 5 candidates 4800
{"logical_cases": 24, "cohorts": 5, "designs": 150, "fit_inputs": 300, "settings": 600, "candidate_rows": 24000, "setting_fit_links": 48000, "candidate_status_counts": {"exact_four_control_covariance_basis_requires_review": 12000, "insufficient_residual_dimension": 9600, "constant_response_requires_review": 2400}, "setting_status_counts": {"exact_four_control_covariance_basis_requires_review": 24000, "insufficient_residual_dimension": 19200, "constant_response_requires_review": 4800}, "methods": ["ml", "reml"], "trees": ["t1", "t2", "t3", "t4", "t5"], "loading_modes": ["signed", "unsigned"], "policies": ["uniform", "background_node", "background_pair", "family_component"]}
full_weighted_fit_cohort 1 / 5 candidates 4800
full_weighted_fit_cohort 2 / 5 candidates 4800
full_weighted_fit_cohort 3 / 5 candidates 4800
full_weighted_fit_cohort 4 / 5 candidates 4800
full_weighted_fit_cohort 5 / 5 candidates 4800
{"logical_cases": 24, "cohorts": 5, "designs": 150, "fit_inputs": 300, "settings": 600, "candidate_rows": 24000, "setting_fit_links": 48000, "candidate_status_counts": {"exact_four_control_covariance_basis_requires_review": 7200, "insufficient_residual_dimension": 9600, "shared_entity_fit_error_requires_review": 4800, "constant_response_requires_review": 2400}, "setting_status_counts": {"exact_four_control_covariance_basis_requires_review": 14400, "insufficient_residual_dimension": 19200, "shared_entity_fit_error_requires_review": 9600, "constant_response_requires_review": 4800}, "methods": ["ml", "reml"], "trees": ["t1", "t2", "t3", "t4", "t5"], "loading_modes": ["signed", "unsigned"], "policies": ["uniform", "background_node", "background_pair", "family_component"]}
independent_full_weighted_fit_cohort 1 / 5 candidates 4800
independent_full_weighted_fit_cohort 2 / 5 candidates 4800
independent_full_weighted_fit_cohort 1 / 5 candidates 4800
independent_full_weighted_fit_cohort 2 / 5 candidates 4800
independent_full_weighted_fit_cohort 3 / 5 candidates 4800
independent_full_weighted_fit_cohort 4 / 5 candidates 4800
independent_full_weighted_fit_cohort 5 / 5 candidates 4800
{"logical_cases": 24, "cohorts": 5, "designs": 150, "fit_inputs": 300, "settings": 600, "candidate_rows": 24000, "setting_fit_links": 48000, "candidate_status_counts": {"exact_four_control_covariance_basis_requires_review": 7200, "insufficient_residual_dimension": 9600, "shared_entity_fit_error_requires_review": 4800, "constant_response_requires_review": 2400}, "setting_status_counts": {"exact_four_control_covariance_basis_requires_review": 14400, "insufficient_residual_dimension": 19200, "shared_entity_fit_error_requires_review": 9600, "constant_response_requires_review": 4800}, "methods": ["ml", "reml"], "trees": ["t1", "t2", "t3", "t4", "t5"], "loading_modes": ["signed", "unsigned"], "policies": ["uniform", "background_node", "background_pair", "family_component"]}
full_weighted_fit_cohort 1 / 5 candidates 4800
full_weighted_fit_cohort 2 / 5 candidates 4800
full_weighted_fit_cohort 3 / 5 candidates 4800
full_weighted_fit_cohort 4 / 5 candidates 4800
full_weighted_fit_cohort 5 / 5 candidates 4800
{"logical_cases": 24, "cohorts": 5, "designs": 150, "fit_inputs": 300, "settings": 600, "candidate_rows": 24000, "setting_fit_links": 48000, "candidate_status_counts": {"exact_four_control_covariance_basis_requires_review": 7200, "insufficient_residual_dimension": 9600, "shared_entity_fit_error_requires_review": 4800, "constant_response_requires_review": 2400}, "setting_status_counts": {"exact_four_control_covariance_basis_requires_review": 14400, "insufficient_residual_dimension": 19200, "shared_entity_fit_error_requires_review": 9600, "constant_response_requires_review": 4800}, "methods": ["ml", "reml"], "trees": ["t1", "t2", "t3", "t4", "t5"], "loading_modes": ["signed", "unsigned"], "policies": ["uniform", "background_node", "background_pair", "family_component"]}
independent_full_weighted_fit_cohort 1 / 5 candidates 4800
independent_full_weighted_fit_cohort 2 / 5 candidates 4800
independent_full_weighted_fit_cohort 1 / 5 candidates 4800
independent_full_weighted_fit_cohort 2 / 5 candidates 4800
independent_full_weighted_fit_cohort 3 / 5 candidates 4800
independent_full_weighted_fit_cohort 4 / 5 candidates 4800
independent_full_weighted_fit_cohort 5 / 5 candidates 4800
{"logical_cases": 24, "cohorts": 5, "designs": 150, "fit_inputs": 300, "settings": 600, "candidate_rows": 24000, "setting_fit_links": 48000, "candidate_status_counts": {"exact_four_control_covariance_basis_requires_review": 7200, "insufficient_residual_dimension": 9600, "shared_entity_fit_error_requires_review": 4800, "constant_response_requires_review": 2400}, "setting_status_counts": {"exact_four_control_covariance_basis_requires_review": 14400, "insufficient_residual_dimension": 19200, "shared_entity_fit_error_requires_review": 9600, "constant_response_requires_review": 4800}, "methods": ["ml", "reml"], "trees": ["t1", "t2", "t3", "t4", "t5"], "loading_modes": ["signed", "unsigned"], "policies": ["uniform", "background_node", "background_pair", "family_component"]}
independent_full_weighted_fit_cohort 1 / 5 candidates 4800
independent_full_weighted_fit_cohort 2 / 5 candidates 4800
independent_full_weighted_fit_cohort 3 / 5 candidates 4800
independent_full_weighted_fit_cohort 4 / 5 candidates 4800
independent_full_weighted_fit_cohort 5 / 5 candidates 4800
{"logical_cases": 24, "cohorts": 5, "designs": 150, "fit_inputs": 300, "settings": 600, "candidate_rows": 24000, "setting_fit_links": 48000, "candidate_status_counts": {"exact_four_control_covariance_basis_requires_review": 12000, "insufficient_residual_dimension": 9600, "constant_response_requires_review": 2400}, "setting_status_counts": {"exact_four_control_covariance_basis_requires_review": 24000, "insufficient_residual_dimension": 19200, "constant_response_requires_review": 4800}, "methods": ["ml", "reml"], "trees": ["t1", "t2", "t3", "t4", "t5"], "loading_modes": ["signed", "unsigned"], "policies": ["uniform", "background_node", "background_pair", "family_component"]}
{
  "status": "passed_complete_parallel_source_fitting_exports_and_numeric_reader_v1",
  "checked_utc": "2026-10-04T11:57:56.854069+00:00",
  "complete_synthetic_grids": [
    {
      "name": "unqualified",
      "candidate_rows": 24000,
      "setting_fit_links": 48000,
      "producer_status_counts": {
        "exact_four_control_covariance_basis_requires_review": 12000,
        "insufficient_residual_dimension": 9600,
        "constant_response_requires_review": 2400
      },
      "independent_status_counts": {
        "source_review_or_exclusion_retained": 24000
      }
    },
    {
      "name": "qualified-common-pair",
      "candidate_rows": 24000,
      "setting_fit_links": 48000,
      "producer_status_counts": {
        "exact_four_control_covariance_basis_requires_review": 7200,
        "insufficient_residual_dimension": 9600,
        "shared_entity_fit_error_requires_review": 4800,
        "constant_response_requires_review": 2400
      },
      "independent_status_counts": {
        "source_review_or_exclusion_retained": 19200,
        "original_numerical_failure_reproduced_requires_review": 4800
      }
    },
    {
      "name": "qualified-pair-exception",
      "candidate_rows": 24000,
      "setting_fit_links": 48000,
      "producer_status_counts": {
        "exact_four_control_covariance_basis_requires_review": 7200,
        "insufficient_residual_dimension": 9600,
        "shared_entity_fit_error_requires_review": 4800,
        "constant_response_requires_review": 2400
      },
      "independent_status_counts": {
        "source_review_or_exclusion_retained": 19200,
        "original_numerical_failure_reproduced_requires_review": 4800
      }
    }
  ],
  "total_candidate_rows": 72000,
  "total_setting_fit_links": 144000,
  "actual_serialized_numeric_replays": 64,
  "private_rehashed_corruptions_rejected": [
    "omit_candidate",
    "duplicate_candidate",
    "foreign_candidate",
    "changed_diagonal",
    "promote_science",
    "false_fit_failure",
    "missing_link",
    "duplicate_link",
    "foreign_link",
    "changed_ordinal",
    "changed_original_setting",
    "changed_control",
    "missing_artifact",
    "changed_source_hash",
    "extra_artifact",
    "false_stage_contract"
  ],
  "positive_rebound_private_control_passed": true,
  "exact_numeric_failure_captures": 6,
  "qualified_parent_artifacts_preserved": true,
  "producer_closed_chunks_reused_without_rewrite": true,
  "reader_closed_chunks_replayed_without_rewrite": true,
  "completed_role_restarts_refused": 6,
  "full_export_native_fit_branches_explicitly_mocked": true,
  "source_and_journal_fixtures_synthetic": true,
  "actual_numeric_replays_use_unchanged_frozen_independent_reader": true,
  "production_fitting_launched": false,
  "scientific_eligibility": false,
  "gpu": false
}
