diagnostic_source_load_started
diagnostic_source_load_complete 2378755
diagnostic_verified_cohort_prefix 1
diagnostic_verified_cohort_prefix 2
diagnostic_verified_cohort_prefix 3
diagnostic_verified_cohort_prefix 4
diagnostic_verified_cohort_prefix 5
diagnostic_verified_cohort_prefix 6
diagnostic_verified_cohort_prefix 7
diagnostic_verified_cohort_prefix 8
diagnostic_verified_cohort_prefix 9
diagnostic_verified_cohort_prefix 10
diagnostic_verified_cohort_prefix 11
diagnostic_group 1 / 40 004557b52f0f54dc276e118861e564bc50d72ed19b3aa88c70ce7e1fe2dc16fd passed_unchanged_original_guard
diagnostic_group 2 / 40 01c08901d3b9a1d4760ccfdf81024e480c71e64e0034619682a46c21ff39a0ed passed_unchanged_original_guard
diagnostic_group 3 / 40 10b32837f9e0b937d0d0a1d05b92eedea40673d5bf175af9c1d23734a2205d73 passed_unchanged_original_guard
diagnostic_group 4 / 40 1292458f4bfb9d47cf652df27b08a03779daa9f16ef8e45b7a8c6b3a7dbd9abe passed_unchanged_original_guard
diagnostic_group 5 / 40 2279da186a51d103e3273a0b7fdd1ef487ff512181eb81f963b179bfdfc2ec55 passed_unchanged_original_guard
diagnostic_group 6 / 40 2b90a43c7248efd2e3a0408e824657a217f124c2cfc210983c41ad9d2a51a822 passed_unchanged_original_guard
diagnostic_group 7 / 40 2eb183b0ac69619a30571e193dbe34c473c442239d4d4959e148325e05f8ff2f passed_unchanged_original_guard
diagnostic_group 8 / 40 3bc76bd5d6ee6c08eee9da8273bdfcacf57413a7deb057559b9b8c0bf29cf8e6 passed_unchanged_original_guard
diagnostic_group 9 / 40 527ec20a91ed82f748cc1f50c8835585d7d1845cd27a3cbabde93a7cacf6b083 passed_unchanged_original_guard
diagnostic_group 10 / 40 53975478336eb1263d411e1446ee25f3ddecdd94882b17a55fadad1e8c6843a9 passed_unchanged_original_guard
diagnostic_group 11 / 40 586e62915a9df70dfea0f57062a62c18654f466aa7bf3ad3d49df846d95aca4d passed_unchanged_original_guard
diagnostic_group 12 / 40 66e101962129dcce7708b7562686bad6f65e4790ca62572dabade1e57c0244ec passed_unchanged_original_guard
diagnostic_group 13 / 40 6998fbb1189bb39eb5404593861f03f61668eec3246eaea7d066d86ec146f0d1 passed_unchanged_original_guard
diagnostic_group 14 / 40 6df7894cc913f65d58e47fab35b00e029526b2f4d8dd5a3ba62319ce59e82649 passed_unchanged_original_guard
diagnostic_group 15 / 40 6e7e50b75abd54bc1aef916c8f97f952e6772e0cb2038ddc435a81707d09d3cb passed_unchanged_original_guard
diagnostic_group 16 / 40 71fa2347723459edd52e646136aabcd8b400529fc741716739dc3d2b255c4f39 passed_unchanged_original_guard
diagnostic_group 17 / 40 73cf5a8e12aa16ba69c250a8eed7969df911c75275df2dacc1648768327923e3 passed_unchanged_original_guard
diagnostic_group 18 / 40 768a967d92ec665bf1e83bcfe32ea5e81fa7978e5a3d83d9b015f52e1f32a0c0 passed_unchanged_original_guard
diagnostic_group 19 / 40 7e3087c9fb8d3c1baca953ce9c9cc3fdfb0500f19c4ec3ddc51af0255e33d45a passed_unchanged_original_guard
diagnostic_group 20 / 40 8b804a6670d8afd4489cf7e2878b3a2bc87bca616b73e259e4dacb59537b6529 passed_unchanged_original_guard
diagnostic_group 21 / 40 9073cdcd8a8e20f2dea9ce97f431b2fcf2dbbcabfc88bbd36f8d8ec49e100644 passed_unchanged_original_guard
diagnostic_group 22 / 40 92c04f5d3cdb5c3a5d2723736d3efbbb4666dc6dec32246cb6a6f8c308e824f6 passed_unchanged_original_guard
diagnostic_group 23 / 40 9461b426be50a5e88b7220ea699ac7e695ebdb0674a6608b7f8e7924eff410b8 passed_unchanged_original_guard
diagnostic_group 24 / 40 949240468056072735841da233864d0acd8207994776543de162d2cc3c8058e8 passed_unchanged_original_guard
diagnostic_group 25 / 40 99c7e30f5a3adb06c8ac7786890e29c4c6e9946ebbae1052a6e2abb39810e835 passed_unchanged_original_guard
diagnostic_group 26 / 40 9b65c071176376cfebf429a8ab68d19ebfcae02d4edfdae78afa7f87706eb518 passed_unchanged_original_guard
diagnostic_group 27 / 40 a071793ccb93359e7ad1978ef355477eb919398fd1cd546baae795b4a04e72dc passed_unchanged_original_guard
diagnostic_group 28 / 40 a31517a6067b82636cf3e5b9b37b639d9d5d627a42e6686ea889d9012fbafc7a passed_unchanged_original_guard
diagnostic_group 29 / 40 a85e8c1e21b4fca0d0a27cc799f1edbe4ed6dd6bbfc8e4800e8a9514b0d5fd6b passed_unchanged_original_guard
diagnostic_group 30 / 40 a8e2b55caab97a376e472c137316cd291df489c3a8ca29c4edce9ca538edd799 passed_unchanged_original_guard
diagnostic_group 31 / 40 b4ecf20785dbdd31023f4491a66fe7dbbce90c2ab2373d4ba78bb289c09fecbc passed_unchanged_original_guard
diagnostic_group 32 / 40 bab1e09fe1390292b5e1bc874cf8b9ba3ab94d0e5f9840f7868e3f8c6d50c734 passed_unchanged_original_guard
diagnostic_group 33 / 40 cae412e11b15a62e899a7df920f6559208dbeefe94f13476666b17f8fac4dac8 passed_unchanged_original_guard
diagnostic_group 34 / 40 d16d528829e6f70a2e8dd873e7485f45f0aeed07d8c07560babdc0be41c50045 passed_unchanged_original_guard
diagnostic_group 35 / 40 d6aab880c7bf12e52cbd7495bdc54469315670c0a279d3fd9f072a0a9c27aa24 passed_unchanged_original_guard
diagnostic_group 36 / 40 df656b49042b341983ad55096d618bcb4fe5166584996863924f93a141f61ac2 passed_unchanged_original_guard
diagnostic_group 37 / 40 e0d6626ac5d6625f0762a5caff26829648cb7308fd9fab975b6003d941884c70 passed_unchanged_original_guard
diagnostic_group 38 / 40 e488f7532c61df14c02d2cb889cfff6d5b12182fc17c82b34317936ea0445e01 passed_unchanged_original_guard
diagnostic_group 39 / 40 e6a87c8a65d856f2a416e3bf412708116ea09f0b4965f467940165da6d397033 passed_unchanged_original_guard
diagnostic_group 40 / 40 ea5a8a7ae9ea2be869b197dfdbce44c24bb1a6da9569341ca2c7ad43ebf66763 passed_unchanged_original_guard
{
  "status": "completed_exact_failed_cohort_covariance_diagnostic_v1",
  "checked_utc": "2026-10-04T07:08:20.543564+00:00",
  "plan": "metadata/retained_timing_covariance_diagnostic_plan_20261004_v1.json",
  "plan_sha256": "e51a821fe816730ca7ed0714cf1326f9fa87b1a4d06953917f0baf0056929b41",
  "cohort_id": "00c9462e56f1fcdf34d9e1f94c47c072ea4d26961d46c37b18de57bbc9ddc189",
  "records": 22881,
  "verified_cohort_prefix": 11,
  "candidate_census_rows": 1200,
  "selected_groups": 40,
  "first_sorted_guard_failure": null,
  "guard_status_counts": {
    "passed_unchanged_original_guard": 40
  },
  "full_source_bindings_freshly_verified": 2378755,
  "full_source_hash_archive": "results/phylogeny/retained-timing-covariance-diagnostic-20261004-v1/source_hashes.json.gz",
  "full_source_hash_archive_sha256": "bffa199ccb41d2b42168a0602470afffefb5be342b740c33ab0ef28b94b7e97f",
  "elapsed_seconds": 4062.4446275540395,
  "scientific_eligibility": false,
  "production_tolerance_changed": false,
  "original_jobs_restarted": false,
  "biological_fits": 0,
  "gpu": false,
  "scope": "Exact original cohort11, original selection of40representatives from1200candidates, source validation and primary construction followed by unchanged original guard. All rejections retained. Separate retained/component, independent latent and full seven-kernel principal-submatrix arithmetic comparisons. Diagnostic only: no promotion of inherited source, biological fit, tolerance relaxation or original run restart."
}
