{
  "status": "complete_closed_all24_V10_diagnostic_tables_and_figure",
  "checked_utc": "2026-10-06T02:35:45.064754+00:00",
  "roles": 24,
  "effective_inputs": 2,
  "paired_scientific_file_comparisons": 144,
  "diagnostic_rows": 504,
  "overflow_rows": 8,
  "roles_with_overflow": 2,
  "native_zero_roles": 24,
  "integrity_checked_roles": 22,
  "special_value_review_roles": 2,
  "figures": [
    "docs/figures/baliphy-log-alpha-v10-full-grid-20261006-v1/latent_alpha_diagnostics.png",
    "docs/figures/baliphy-log-alpha-v10-full-grid-20261006-v1/latent_alpha_diagnostics.pdf"
  ],
  "role_table": "docs/figures/baliphy-log-alpha-v10-full-grid-20261006-v1/role_dispositions.tsv",
  "all_row_table": "docs/figures/baliphy-log-alpha-v10-full-grid-20261006-v1/all_latent_rows.tsv",
  "scientific_eligibility": false,
  "posterior_qualified": false,
  "old_review_arrays_admitted": false,
  "historical_latent_values_recovered": false,
  "gpu": false,
  "new_predictions": 0,
  "new_native_runs": 0,
  "all_eight_aims_incomplete": true,
  "scope": "All 24 closed paired native outcomes, all 144 unchanged scientific files, and all 504 independently verified latent diagnostics retained in readable tables and a descriptive plot. Finite latent states and overflow tags explain these newly captured states only. Original special-value reviews remain excluded; no burn-in chosen, posterior admitted, historical latent recovered or biological effect inferred."
}
