v10_full_comparison_readback 1 /24 acfc837699b7ad7b47bda478356d778fa35864ba0a2af4bfe55096cf9e8b65a5-broad-scalar-cjson-v6-chain1-latent-log-alpha-v10-full-comparison full_joint_short_sampler_output_integrity_checked_not_posterior
v10_full_comparison_readback 2 /24 acfc837699b7ad7b47bda478356d778fa35864ba0a2af4bfe55096cf9e8b65a5-broad-scalar-cjson-v6-chain2-latent-log-alpha-v10-full-comparison full_joint_short_sampler_output_integrity_checked_not_posterior
v10_full_comparison_readback 3 /24 acfc837699b7ad7b47bda478356d778fa35864ba0a2af4bfe55096cf9e8b65a5-broad-scalar-cjson-v6-chain3-latent-log-alpha-v10-full-comparison explicit_nonfinite_or_literal_null_scalar_output_retained_for_review
v10_full_comparison_readback 4 /24 acfc837699b7ad7b47bda478356d778fa35864ba0a2af4bfe55096cf9e8b65a5-broad-scalar-cjson-v6-chain4-latent-log-alpha-v10-full-comparison full_joint_short_sampler_output_integrity_checked_not_posterior
v10_full_comparison_readback 5 /24 acfc837699b7ad7b47bda478356d778fa35864ba0a2af4bfe55096cf9e8b65a5-centered-scalar-cjson-v6-chain1-latent-log-alpha-v10-full-comparison full_joint_short_sampler_output_integrity_checked_not_posterior
v10_full_comparison_readback 6 /24 acfc837699b7ad7b47bda478356d778fa35864ba0a2af4bfe55096cf9e8b65a5-centered-scalar-cjson-v6-chain2-latent-log-alpha-v10-full-comparison full_joint_short_sampler_output_integrity_checked_not_posterior
v10_full_comparison_readback 7 /24 acfc837699b7ad7b47bda478356d778fa35864ba0a2af4bfe55096cf9e8b65a5-centered-scalar-cjson-v6-chain3-latent-log-alpha-v10-full-comparison full_joint_short_sampler_output_integrity_checked_not_posterior
v10_full_comparison_readback 8 /24 acfc837699b7ad7b47bda478356d778fa35864ba0a2af4bfe55096cf9e8b65a5-centered-scalar-cjson-v6-chain4-latent-log-alpha-v10-full-comparison full_joint_short_sampler_output_integrity_checked_not_posterior
v10_full_comparison_readback 9 /24 acfc837699b7ad7b47bda478356d778fa35864ba0a2af4bfe55096cf9e8b65a5-package-scalar-cjson-v6-chain1-latent-log-alpha-v10-full-comparison full_joint_short_sampler_output_integrity_checked_not_posterior
v10_full_comparison_readback 10 /24 acfc837699b7ad7b47bda478356d778fa35864ba0a2af4bfe55096cf9e8b65a5-package-scalar-cjson-v6-chain2-latent-log-alpha-v10-full-comparison full_joint_short_sampler_output_integrity_checked_not_posterior
v10_full_comparison_readback 11 /24 acfc837699b7ad7b47bda478356d778fa35864ba0a2af4bfe55096cf9e8b65a5-package-scalar-cjson-v6-chain3-latent-log-alpha-v10-full-comparison full_joint_short_sampler_output_integrity_checked_not_posterior
v10_full_comparison_readback 12 /24 acfc837699b7ad7b47bda478356d778fa35864ba0a2af4bfe55096cf9e8b65a5-package-scalar-cjson-v6-chain4-latent-log-alpha-v10-full-comparison full_joint_short_sampler_output_integrity_checked_not_posterior
v10_full_comparison_readback 13 /24 f9afda0ec2543df1e855aaf3048fa302b415440ce828b14ec71d8e686cb6b0f0-broad-scalar-cjson-v6-chain1-latent-log-alpha-v10-full-comparison full_joint_short_sampler_output_integrity_checked_not_posterior
v10_full_comparison_readback 14 /24 f9afda0ec2543df1e855aaf3048fa302b415440ce828b14ec71d8e686cb6b0f0-broad-scalar-cjson-v6-chain2-latent-log-alpha-v10-full-comparison full_joint_short_sampler_output_integrity_checked_not_posterior
v10_full_comparison_readback 15 /24 f9afda0ec2543df1e855aaf3048fa302b415440ce828b14ec71d8e686cb6b0f0-broad-scalar-cjson-v6-chain3-latent-log-alpha-v10-full-comparison full_joint_short_sampler_output_integrity_checked_not_posterior
v10_full_comparison_readback 16 /24 f9afda0ec2543df1e855aaf3048fa302b415440ce828b14ec71d8e686cb6b0f0-broad-scalar-cjson-v6-chain4-latent-log-alpha-v10-full-comparison full_joint_short_sampler_output_integrity_checked_not_posterior
v10_full_comparison_readback 17 /24 f9afda0ec2543df1e855aaf3048fa302b415440ce828b14ec71d8e686cb6b0f0-centered-scalar-cjson-v6-chain1-latent-log-alpha-v10-full-comparison full_joint_short_sampler_output_integrity_checked_not_posterior
v10_full_comparison_readback 18 /24 f9afda0ec2543df1e855aaf3048fa302b415440ce828b14ec71d8e686cb6b0f0-centered-scalar-cjson-v6-chain2-latent-log-alpha-v10-full-comparison full_joint_short_sampler_output_integrity_checked_not_posterior
v10_full_comparison_readback 19 /24 f9afda0ec2543df1e855aaf3048fa302b415440ce828b14ec71d8e686cb6b0f0-centered-scalar-cjson-v6-chain3-latent-log-alpha-v10-full-comparison full_joint_short_sampler_output_integrity_checked_not_posterior
v10_full_comparison_readback 20 /24 f9afda0ec2543df1e855aaf3048fa302b415440ce828b14ec71d8e686cb6b0f0-centered-scalar-cjson-v6-chain4-latent-log-alpha-v10-full-comparison explicit_nonfinite_or_literal_null_scalar_output_retained_for_review
v10_full_comparison_readback 21 /24 f9afda0ec2543df1e855aaf3048fa302b415440ce828b14ec71d8e686cb6b0f0-package-scalar-cjson-v6-chain1-latent-log-alpha-v10-full-comparison full_joint_short_sampler_output_integrity_checked_not_posterior
v10_full_comparison_readback 22 /24 f9afda0ec2543df1e855aaf3048fa302b415440ce828b14ec71d8e686cb6b0f0-package-scalar-cjson-v6-chain2-latent-log-alpha-v10-full-comparison full_joint_short_sampler_output_integrity_checked_not_posterior
v10_full_comparison_readback 23 /24 f9afda0ec2543df1e855aaf3048fa302b415440ce828b14ec71d8e686cb6b0f0-package-scalar-cjson-v6-chain3-latent-log-alpha-v10-full-comparison full_joint_short_sampler_output_integrity_checked_not_posterior
v10_full_comparison_readback 24 /24 f9afda0ec2543df1e855aaf3048fa302b415440ce828b14ec71d8e686cb6b0f0-package-scalar-cjson-v6-chain4-latent-log-alpha-v10-full-comparison full_joint_short_sampler_output_integrity_checked_not_posterior
{"roles": 24, "prior_quartets": 6, "effective_inputs": 2, "status_counts": {"full_joint_short_sampler_output_integrity_checked_not_posterior": 22, "explicit_nonfinite_or_literal_null_scalar_output_retained_for_review": 2}, "native_zero_exit_roles": 24, "integrity_checked_roles": 22, "complete_integrity_quartets": 4, "scalar_mapped_values": 19866, "saved_joint_frames": 66, "ancestral_residue_category_pairs": 21017330, "tip_residue_category_pairs": 18809472, "full_original_failure_grid_output_integrity_checked": false, "posterior_qualified": false}
{
  "status": "complete_all24_V10_independent_paired_files_latent_states_and_native_readback",
  "checked_utc": "2026-10-06T02:34:18.720754+00:00",
  "roles": 24,
  "paired_file_comparisons": 144,
  "paired_roles_with_identical_scientific_files": 24,
  "diagnostic_rows": 504,
  "checked_rows": 504,
  "overflow_rows": 8,
  "complete_diagnostic_roles": 24,
  "full_input_logger_noninterference_passed": true,
  "full_latent_trace_integrity_passed": true,
  "native_summary": {
    "native_zero_exit_roles": 24,
    "integrity_checked_roles": 22,
    "saved_joint_frames": 66
  },
  "scientific_eligibility": false,
  "posterior_qualified": false,
  "gpu": false,
  "scope": "All24paired native full-input roles retained; separate byte comparison and qualified strict JSON/90digit Decimal reader check every available latent row, context, derived alpha, density/rates/quality state. Errors and native failures remain review outcomes; no automatic retry, tolerance relaxation, old-array admission or adequate posterior claim. Existing native/scalar/joint serialized inspectors and job contracts are shared dependencies. New captures can explain these newly observed states, not recover missing historical latent values."
}
