{
  "status": "complete_descriptive_full_tree_view_structural_coverage_summary",
  "checked_utc": "2026-10-03T12:10:00.645335+00:00",
  "tree_views": 70,
  "view_source_summaries": 140,
  "full_panel_entries": 526,
  "full_panel_outgroups": 25,
  "primary_view_fraction_ranges": {
    "AlphaFold": {
      "insufficient_family_taxa_fraction_range_across_primary_views": [
        0.0,
        0.0
      ],
      "no_observations_on_one_side_fraction_range_across_primary_views": [
        0.1841376673040153,
        0.19304015296367114
      ],
      "terminal_projection_fraction_range_across_primary_views": [
        0.21595411089866157,
        0.22996558317399618
      ],
      "unique_internal_projection_fraction_range_across_primary_views": [
        0.37410325047801146,
        0.38878776290630973
      ],
      "shared_internal_projection_fraction_range_across_primary_views": [
        0.1898585086042065,
        0.21887571701720843
      ]
    },
    "ESMFold": {
      "insufficient_family_taxa_fraction_range_across_primary_views": [
        0.024,
        0.024
      ],
      "no_observations_on_one_side_fraction_range_across_primary_views": [
        0.2871281070745698,
        0.29655066921606116
      ],
      "terminal_projection_fraction_range_across_primary_views": [
        0.20848948374760995,
        0.21772848948374762
      ],
      "unique_internal_projection_fraction_range_across_primary_views": [
        0.27210707456978966,
        0.28651625239005735
      ],
      "shared_internal_projection_fraction_range_across_primary_views": [
        0.17674952198852772,
        0.20709751434034418
      ]
    }
  },
  "lineage_bin_source_summaries": 54,
  "scientific_eligibility": false
}
