species_raw_reference mafft_guide disagreeing_original_audits 0
species_raw_reference pmsf_mafft_profile disagreeing_original_audits 0
species_raw_reference pmsf_profile_mafft disagreeing_original_audits 0
species_raw_reference pmsf_profile_profile disagreeing_original_audits 0
species_raw_reference profile_guide disagreeing_original_audits 0
{
  "status": "completed_scoped_failed_cohort_species_raw_reference_v1",
  "checked_utc": "2026-10-04T06:10:14.775694+00:00",
  "cohort_id": "00c9462e56f1fcdf34d9e1f94c47c072ea4d26961d46c37b18de57bbc9ddc189",
  "records": 22881,
  "trees_checked": 5,
  "original_audits_checked": 300,
  "raw_entries_per_audit": 2,
  "arithmetic_mantissa_bits": 63,
  "elapsed_seconds": 55.93721137801185,
  "full_original_source_archive_replayed": false,
  "original_guard_reexecuted": false,
  "projected_gram_recomputed": false,
  "production_tolerance_changed": false,
  "scientific_eligibility": false,
  "biological_fits": 0,
  "gpu": false,
  "scope": "All300original audits of exact failed cohort11 inspected for residual/species and species/species raw entries. Counted unique factor rows and wider floating-point arithmetic compared with direct float64 and unchanged3e-9/2e-8criterion. Consumed factor/row inputs match separately closed producer receipts; whole source and original production guard are not replayed. No source acceptance or original restart."
}
