full_shared_entity_timing_cohort 1 / 5 cases 4800 timing_groups 0
full_shared_entity_timing_cohort 2 / 5 cases 4800 timing_groups 0
full_shared_entity_timing_cohort 3 / 5 cases 4800 timing_groups 0
full_shared_entity_timing_cohort 4 / 5 cases 4800 timing_groups 0
full_shared_entity_timing_cohort 5 / 5 cases 4800 timing_groups 0
{"logical_cases": 24, "model_setting_rows": 600, "unique_cohorts": 5, "candidate_rows": 24000, "eligible_candidates": 0, "timing_groups": 0, "source_status_counts": {"exact_four_control_covariance_basis_requires_review": 12000, "insufficient_residual_dimension": 9600, "constant_response_requires_review": 2400}, "timing_status_counts": {}, "measured_candidate_coverage": 0, "unmeasured_review_candidate_coverage": 0, "conditional_budget_weighted_seconds": 0}
{"logical_cases": 24, "model_setting_rows": 600, "unique_cohorts": 5, "candidate_rows": 24000, "eligible_candidates": 0, "timing_groups": 0, "source_status_counts": {"exact_four_control_covariance_basis_requires_review": 12000, "insufficient_residual_dimension": 9600, "constant_response_requires_review": 2400}, "timing_status_counts": {}, "measured_candidate_coverage": 0, "unmeasured_review_candidate_coverage": 0, "conditional_budget_weighted_seconds": 0}
parallel_weighted_timing_cohorts 1 / 5 reader False
parallel_weighted_timing_cohorts 2 / 5 reader False
parallel_weighted_timing_cohorts 3 / 5 reader False
parallel_weighted_timing_cohorts 4 / 5 reader False
parallel_weighted_timing_cohorts 5 / 5 reader False
{"status": "complete_full_four_control_input_timing_pending_accounting_readback_v2", "plan_sha256": "e4d6fcd76e1dba9949e8bd76ceb2d6a3e0ecfb5073956778fbfdd0b2b888deb3", "fit_contract": "64a796bb2d764cb570f7a1ddd1031bb6dd929faf184934fede45cf16bbdf9c99", "logical_cases": 24, "model_setting_rows": 600, "unique_cohorts": 5, "candidate_rows": 24000, "eligible_candidates": 0, "timing_groups": 0, "source_status_counts": {"exact_four_control_covariance_basis_requires_review": 12000, "insufficient_residual_dimension": 9600, "constant_response_requires_review": 2400}, "timing_status_counts": {}, "measured_candidate_coverage": 0, "unmeasured_review_candidate_coverage": 0, "conditional_budget_weighted_seconds": 0, "parallel_workers": 2, "cached_numeric_inputs_preserved_for_all_cohorts": true, "worker_address_space_gib": 12, "fits_computed": 0, "nonuniform_weighting_accepted": false, "component_variance_attribution_accepted": false, "scientific_eligibility": false, "production_finish_eta": null, "observed_wall_seconds": 3.068595045944676, "observed_current_rss_bytes": 185434112}
parallel_weighted_timing_cohorts 1 / 5 reader True
parallel_weighted_timing_cohorts 2 / 5 reader True
parallel_weighted_timing_cohorts 3 / 5 reader True
parallel_weighted_timing_cohorts 4 / 5 reader True
parallel_weighted_timing_cohorts 5 / 5 reader True
{"status": "passed_full_four_control_input_timing_census_numeric_and_planning_readback_v2", "plan_sha256": "e4d6fcd76e1dba9949e8bd76ceb2d6a3e0ecfb5073956778fbfdd0b2b888deb3", "fit_contract": "64a796bb2d764cb570f7a1ddd1031bb6dd929faf184934fede45cf16bbdf9c99", "logical_cases": 24, "model_setting_rows": 600, "unique_cohorts": 5, "candidate_rows": 24000, "eligible_candidates": 0, "timing_groups": 0, "source_status_counts": {"exact_four_control_covariance_basis_requires_review": 12000, "insufficient_residual_dimension": 9600, "constant_response_requires_review": 2400}, "timing_status_counts": {}, "measured_candidate_coverage": 0, "unmeasured_review_candidate_coverage": 0, "conditional_budget_weighted_seconds": 0, "parallel_workers": 2, "cached_numeric_inputs_preserved_for_all_cohorts": true, "worker_address_space_gib": 12, "fits_computed": 0, "nonuniform_weighting_accepted": false, "component_variance_attribution_accepted": false, "scientific_eligibility": false, "production_finish_eta": null, "producer_receipt_sha256": "f4f9c5ac40abc154e5839ee4a76096481f3d1e6141fb5985481c37fc2d014ac7", "fresh_numeric_probes_replayed": 0, "independent_hardware_timing_reimplementation": false}
full_shared_entity_timing_cohort 1 / 5 cases 4800 timing_groups 0
full_shared_entity_timing_cohort 2 / 5 cases 4800 timing_groups 0
full_shared_entity_timing_cohort 3 / 5 cases 4800 timing_groups 160
full_shared_entity_timing_cohort 4 / 5 cases 4800 timing_groups 0
full_shared_entity_timing_cohort 5 / 5 cases 4800 timing_groups 0
{"logical_cases": 24, "model_setting_rows": 600, "unique_cohorts": 5, "candidate_rows": 24000, "eligible_candidates": 4800, "timing_groups": 160, "source_status_counts": {"exact_four_control_covariance_basis_requires_review": 7200, "insufficient_residual_dimension": 9600, "numerically_qualified_exact_four_control_covariance_basis": 4800, "constant_response_requires_review": 2400}, "timing_status_counts": {"timed_all_declared_points_agree_only": 160}, "measured_candidate_coverage": 4800, "unmeasured_review_candidate_coverage": 0, "conditional_budget_weighted_seconds": 39188.81007654243}
{"logical_cases": 24, "model_setting_rows": 600, "unique_cohorts": 5, "candidate_rows": 24000, "eligible_candidates": 4800, "timing_groups": 160, "source_status_counts": {"exact_four_control_covariance_basis_requires_review": 7200, "insufficient_residual_dimension": 9600, "numerically_qualified_exact_four_control_covariance_basis": 4800, "constant_response_requires_review": 2400}, "timing_status_counts": {"timed_all_declared_points_agree_only": 160}, "measured_candidate_coverage": 4800, "unmeasured_review_candidate_coverage": 0, "conditional_budget_weighted_seconds": 39188.81007654243}
parallel_weighted_timing_cohorts 1 / 5 reader False
parallel_weighted_timing_cohorts 2 / 5 reader False
parallel_weighted_timing_cohorts 3 / 5 reader False
parallel_weighted_timing_cohorts 4 / 5 reader False
parallel_weighted_timing_cohorts 5 / 5 reader False
{"status": "complete_full_four_control_input_timing_pending_accounting_readback_v2", "plan_sha256": "54bddbf64b7f7ecc778c64b28ab30f86e988e8af831ae37889da86f5c241acd8", "fit_contract": "635c4d84ca56dfaafbdb6833db416e0be5c527fd0438ea0c40b8eae0cbb17f96", "logical_cases": 24, "model_setting_rows": 600, "unique_cohorts": 5, "candidate_rows": 24000, "eligible_candidates": 4800, "timing_groups": 160, "source_status_counts": {"exact_four_control_covariance_basis_requires_review": 7200, "insufficient_residual_dimension": 9600, "numerically_qualified_exact_four_control_covariance_basis": 4800, "constant_response_requires_review": 2400}, "timing_status_counts": {"timed_all_declared_points_agree_only": 160}, "measured_candidate_coverage": 4800, "unmeasured_review_candidate_coverage": 0, "conditional_budget_weighted_seconds": 39530.14744507265, "parallel_workers": 2, "cached_numeric_inputs_preserved_for_all_cohorts": true, "worker_address_space_gib": 12, "fits_computed": 0, "nonuniform_weighting_accepted": false, "component_variance_attribution_accepted": false, "scientific_eligibility": false, "production_finish_eta": null, "observed_wall_seconds": 6.636825622059405, "observed_current_rss_bytes": 206987264}
parallel_weighted_timing_cohorts 1 / 5 reader True
parallel_weighted_timing_cohorts 2 / 5 reader True
parallel_weighted_timing_cohorts 3 / 5 reader True
parallel_weighted_timing_cohorts 4 / 5 reader True
parallel_weighted_timing_cohorts 5 / 5 reader True
{"status": "passed_full_four_control_input_timing_census_numeric_and_planning_readback_v2", "plan_sha256": "54bddbf64b7f7ecc778c64b28ab30f86e988e8af831ae37889da86f5c241acd8", "fit_contract": "635c4d84ca56dfaafbdb6833db416e0be5c527fd0438ea0c40b8eae0cbb17f96", "logical_cases": 24, "model_setting_rows": 600, "unique_cohorts": 5, "candidate_rows": 24000, "eligible_candidates": 4800, "timing_groups": 160, "source_status_counts": {"exact_four_control_covariance_basis_requires_review": 7200, "insufficient_residual_dimension": 9600, "numerically_qualified_exact_four_control_covariance_basis": 4800, "constant_response_requires_review": 2400}, "timing_status_counts": {"timed_all_declared_points_agree_only": 160}, "measured_candidate_coverage": 4800, "unmeasured_review_candidate_coverage": 0, "conditional_budget_weighted_seconds": 39530.14744507265, "parallel_workers": 2, "cached_numeric_inputs_preserved_for_all_cohorts": true, "worker_address_space_gib": 12, "fits_computed": 0, "nonuniform_weighting_accepted": false, "component_variance_attribution_accepted": false, "scientific_eligibility": false, "production_finish_eta": null, "producer_receipt_sha256": "99422c9432c0e345bb7915d0b9adfaee030261bbdd23b93021e8f48c0a3ac355", "fresh_numeric_probes_replayed": 160, "independent_hardware_timing_reimplementation": false}
full_shared_entity_timing_cohort 1 / 5 cases 4800 timing_groups 0
full_shared_entity_timing_cohort 2 / 5 cases 4800 timing_groups 0
full_shared_entity_timing_cohort 3 / 5 cases 4800 timing_groups 160
full_shared_entity_timing_cohort 4 / 5 cases 4800 timing_groups 0
full_shared_entity_timing_cohort 5 / 5 cases 4800 timing_groups 0
{"logical_cases": 24, "model_setting_rows": 600, "unique_cohorts": 5, "candidate_rows": 24000, "eligible_candidates": 4800, "timing_groups": 160, "source_status_counts": {"exact_four_control_covariance_basis_requires_review": 7200, "insufficient_residual_dimension": 9600, "numerically_qualified_exact_four_control_covariance_basis": 4800, "constant_response_requires_review": 2400}, "timing_status_counts": {"timed_all_declared_points_agree_only": 160}, "measured_candidate_coverage": 4800, "unmeasured_review_candidate_coverage": 0, "conditional_budget_weighted_seconds": 47151.63750263862}
{"logical_cases": 24, "model_setting_rows": 600, "unique_cohorts": 5, "candidate_rows": 24000, "eligible_candidates": 4800, "timing_groups": 160, "source_status_counts": {"exact_four_control_covariance_basis_requires_review": 7200, "insufficient_residual_dimension": 9600, "numerically_qualified_exact_four_control_covariance_basis": 4800, "constant_response_requires_review": 2400}, "timing_status_counts": {"timed_all_declared_points_agree_only": 160}, "measured_candidate_coverage": 4800, "unmeasured_review_candidate_coverage": 0, "conditional_budget_weighted_seconds": 47151.63750263862}
parallel_weighted_timing_cohorts 1 / 5 reader False
parallel_weighted_timing_cohorts 2 / 5 reader False
parallel_weighted_timing_cohorts 3 / 5 reader False
parallel_weighted_timing_cohorts 4 / 5 reader False
parallel_weighted_timing_cohorts 5 / 5 reader False
{"status": "complete_full_four_control_input_timing_pending_accounting_readback_v2", "plan_sha256": "82fb81cba439dfe8e18c1ab247fe58773f95a3aadf2f380cde8de2402a1bd28b", "fit_contract": "cccd83fe52273c234ad1a599579de4c4093cb84245b537aa7e2ee0ba725cf030", "logical_cases": 24, "model_setting_rows": 600, "unique_cohorts": 5, "candidate_rows": 24000, "eligible_candidates": 4800, "timing_groups": 160, "source_status_counts": {"exact_four_control_covariance_basis_requires_review": 7200, "insufficient_residual_dimension": 9600, "numerically_qualified_exact_four_control_covariance_basis": 4800, "constant_response_requires_review": 2400}, "timing_status_counts": {"timed_all_declared_points_agree_only": 160}, "measured_candidate_coverage": 4800, "unmeasured_review_candidate_coverage": 0, "conditional_budget_weighted_seconds": 47867.882837452926, "parallel_workers": 2, "cached_numeric_inputs_preserved_for_all_cohorts": true, "worker_address_space_gib": 12, "fits_computed": 0, "nonuniform_weighting_accepted": false, "component_variance_attribution_accepted": false, "scientific_eligibility": false, "production_finish_eta": null, "observed_wall_seconds": 7.738340740907006, "observed_current_rss_bytes": 212754432}
parallel_weighted_timing_cohorts 1 / 5 reader True
parallel_weighted_timing_cohorts 2 / 5 reader True
parallel_weighted_timing_cohorts 3 / 5 reader True
parallel_weighted_timing_cohorts 4 / 5 reader True
parallel_weighted_timing_cohorts 5 / 5 reader True
{"status": "passed_full_four_control_input_timing_census_numeric_and_planning_readback_v2", "plan_sha256": "82fb81cba439dfe8e18c1ab247fe58773f95a3aadf2f380cde8de2402a1bd28b", "fit_contract": "cccd83fe52273c234ad1a599579de4c4093cb84245b537aa7e2ee0ba725cf030", "logical_cases": 24, "model_setting_rows": 600, "unique_cohorts": 5, "candidate_rows": 24000, "eligible_candidates": 4800, "timing_groups": 160, "source_status_counts": {"exact_four_control_covariance_basis_requires_review": 7200, "insufficient_residual_dimension": 9600, "numerically_qualified_exact_four_control_covariance_basis": 4800, "constant_response_requires_review": 2400}, "timing_status_counts": {"timed_all_declared_points_agree_only": 160}, "measured_candidate_coverage": 4800, "unmeasured_review_candidate_coverage": 0, "conditional_budget_weighted_seconds": 47867.882837452926, "parallel_workers": 2, "cached_numeric_inputs_preserved_for_all_cohorts": true, "worker_address_space_gib": 12, "fits_computed": 0, "nonuniform_weighting_accepted": false, "component_variance_attribution_accepted": false, "scientific_eligibility": false, "production_finish_eta": null, "producer_receipt_sha256": "f369cf76ce822919fbada4a3e83913d09deae69289e8bdaea978c5d8d8f345e3", "fresh_numeric_probes_replayed": 160, "independent_hardware_timing_reimplementation": false}
parallel_weighted_timing_cohorts 1 / 5 reader True
parallel_weighted_timing_cohorts 2 / 5 reader True
parallel_weighted_timing_cohorts 3 / 5 reader True
parallel_weighted_timing_cohorts 4 / 5 reader True
parallel_weighted_timing_cohorts 5 / 5 reader True
{"status": "passed_full_four_control_input_timing_census_numeric_and_planning_readback_v2", "plan_sha256": "35b71f420b07406ee724981f3e3ba1898302dd758c8ca2930894f7ceee297b0d", "fit_contract": "635c4d84ca56dfaafbdb6833db416e0be5c527fd0438ea0c40b8eae0cbb17f96", "logical_cases": 24, "model_setting_rows": 600, "unique_cohorts": 5, "candidate_rows": 24000, "eligible_candidates": 4800, "timing_groups": 160, "source_status_counts": {"exact_four_control_covariance_basis_requires_review": 7200, "insufficient_residual_dimension": 9600, "numerically_qualified_exact_four_control_covariance_basis": 4800, "constant_response_requires_review": 2400}, "timing_status_counts": {"timed_all_declared_points_agree_only": 160}, "measured_candidate_coverage": 4800, "unmeasured_review_candidate_coverage": 0, "conditional_budget_weighted_seconds": 39530.14744507265, "parallel_workers": 2, "cached_numeric_inputs_preserved_for_all_cohorts": true, "worker_address_space_gib": 12, "fits_computed": 0, "nonuniform_weighting_accepted": false, "component_variance_attribution_accepted": false, "scientific_eligibility": false, "production_finish_eta": null, "producer_receipt_sha256": "98b2a18818230c6879047e8de94ab6a19adcb198d21e500b0e54598e6f55f551", "fresh_numeric_probes_replayed": 160, "independent_hardware_timing_reimplementation": false}
parallel_weighted_timing_cohorts 1 / 5 reader True
parallel_weighted_timing_cohorts 2 / 5 reader True
parallel_weighted_timing_cohorts 3 / 5 reader True
parallel_timing_private_corruption_rejected omit_candidate
parallel_weighted_timing_cohorts 1 / 5 reader True
parallel_weighted_timing_cohorts 2 / 5 reader True
parallel_weighted_timing_cohorts 3 / 5 reader True
parallel_timing_private_corruption_rejected duplicate_candidate
parallel_weighted_timing_cohorts 1 / 5 reader True
parallel_weighted_timing_cohorts 2 / 5 reader True
parallel_weighted_timing_cohorts 3 / 5 reader True
parallel_timing_private_corruption_rejected control_identity
parallel_weighted_timing_cohorts 1 / 5 reader True
parallel_weighted_timing_cohorts 2 / 5 reader True
parallel_weighted_timing_cohorts 3 / 5 reader True
parallel_timing_private_corruption_rejected selected_candidate
parallel_weighted_timing_cohorts 1 / 5 reader True
parallel_weighted_timing_cohorts 2 / 5 reader True
parallel_weighted_timing_cohorts 3 / 5 reader True
parallel_timing_private_corruption_rejected eligible_count
parallel_weighted_timing_cohorts 1 / 5 reader True
parallel_weighted_timing_cohorts 2 / 5 reader True
parallel_weighted_timing_cohorts 3 / 5 reader True
parallel_timing_private_corruption_rejected missing_probe
parallel_weighted_timing_cohorts 1 / 5 reader True
parallel_weighted_timing_cohorts 2 / 5 reader True
parallel_weighted_timing_cohorts 3 / 5 reader True
parallel_timing_private_corruption_rejected false_success
parallel_weighted_timing_cohorts 1 / 5 reader True
parallel_weighted_timing_cohorts 2 / 5 reader True
parallel_weighted_timing_cohorts 3 / 5 reader True
parallel_timing_private_corruption_rejected invented_review
parallel_weighted_timing_cohorts 1 / 5 reader True
parallel_weighted_timing_cohorts 2 / 5 reader True
parallel_weighted_timing_cohorts 3 / 5 reader True
parallel_timing_private_corruption_rejected changed_diagonal
parallel_weighted_timing_cohorts 1 / 5 reader True
parallel_weighted_timing_cohorts 2 / 5 reader True
parallel_weighted_timing_cohorts 3 / 5 reader True
parallel_weighted_timing_cohorts 4 / 5 reader True
parallel_weighted_timing_cohorts 5 / 5 reader True
parallel_timing_private_corruption_rejected changed_planning
parallel_weighted_timing_cohorts 1 / 5 reader True
parallel_weighted_timing_cohorts 2 / 5 reader True
parallel_weighted_timing_cohorts 3 / 5 reader True
parallel_weighted_timing_cohorts 4 / 5 reader True
parallel_weighted_timing_cohorts 5 / 5 reader True
parallel_timing_private_corruption_rejected missing_artifact
parallel_weighted_timing_cohorts 1 / 5 reader True
parallel_weighted_timing_cohorts 2 / 5 reader True
parallel_weighted_timing_cohorts 3 / 5 reader True
parallel_weighted_timing_cohorts 4 / 5 reader True
parallel_weighted_timing_cohorts 5 / 5 reader True
parallel_timing_private_corruption_rejected extra_artifact
parallel_timing_private_corruption_rejected source_hash
parallel_weighted_timing_cohorts 1 / 5 reader True
parallel_weighted_timing_cohorts 2 / 5 reader True
parallel_weighted_timing_cohorts 3 / 5 reader True
parallel_weighted_timing_cohorts 4 / 5 reader True
parallel_timing_private_corruption_rejected stage_contract
parallel_weighted_timing_cohorts 1 / 5 reader True
parallel_weighted_timing_cohorts 2 / 5 reader True
parallel_weighted_timing_cohorts 3 / 5 reader True
parallel_weighted_timing_cohorts 4 / 5 reader True
parallel_weighted_timing_cohorts 5 / 5 reader True
parallel_timing_private_corruption_rejected cache_guard_false
parallel_weighted_timing_cohorts 1 / 5 reader True
parallel_weighted_timing_cohorts 2 / 5 reader True
parallel_weighted_timing_cohorts 3 / 5 reader True
parallel_weighted_timing_cohorts 4 / 5 reader True
parallel_weighted_timing_cohorts 5 / 5 reader True
parallel_timing_private_corruption_rejected task_guard_false
parallel_weighted_timing_cohorts 1 / 5 reader True
parallel_weighted_timing_cohorts 2 / 5 reader True
parallel_weighted_timing_cohorts 3 / 5 reader True
parallel_weighted_timing_cohorts 4 / 5 reader True
parallel_weighted_timing_cohorts 5 / 5 reader True
parallel_timing_private_corruption_rejected worker_limit
{
  "status": "passed_complete_parallel_four_control_timing_and_numeric_readback_v1",
  "checked_utc": "2026-10-04T10:58:18.262454+00:00",
  "complete_synthetic_grids": [
    {
      "name": "unqualified",
      "candidates": 24000,
      "timing_groups": 0,
      "native_producer_workers": 2
    },
    {
      "name": "qualified-common-pair",
      "candidates": 24000,
      "timing_groups": 160,
      "native_producer_workers": 2
    },
    {
      "name": "qualified-pair-exception",
      "candidates": 24000,
      "timing_groups": 160,
      "native_producer_workers": 2
    }
  ],
  "total_candidate_rows": 72000,
  "full_grid_selected_groups": 320,
  "serial_parallel_numeric_probe_groups_compared": 320,
  "independent_numeric_groups_replayed": 320,
  "actual_variance_points_per_group": 2,
  "private_rehashed_corruptions_rejected": [
    "omit_candidate",
    "duplicate_candidate",
    "control_identity",
    "selected_candidate",
    "eligible_count",
    "missing_probe",
    "false_success",
    "invented_review",
    "changed_diagonal",
    "changed_planning",
    "missing_artifact",
    "extra_artifact",
    "source_hash",
    "stage_contract",
    "cache_guard_false",
    "task_guard_false",
    "worker_limit"
  ],
  "full_grid_selections_independently_recomputed": true,
  "positive_private_rebound_control_passed": true,
  "completed_producer_reader_restarts_refused": 6,
  "cached_and_submitted_inputs_preserved_all_cohorts": true,
  "source_and_journal_fixtures_synthetic": true,
  "full_grid_native_probes_mocked": false,
  "fits_computed": 0,
  "scientific_eligibility": false
}
