all_marker_source_projections_written 0 exclude_below10_both_alignments coal:mafft:sh_alrt10
all_marker_source_projections_written 1 exclude_below10_both_alignments coal:mafft:sh_alrt80
all_marker_source_projections_written 2 exclude_below10_both_alignments coal:mafft:uncontracted
all_marker_source_projections_written 3 exclude_below10_both_alignments coal:profile:sh_alrt10
all_marker_source_projections_written 4 exclude_below10_both_alignments coal:profile:sh_alrt80
all_marker_source_projections_written 5 exclude_below10_both_alignments coal:profile:uncontracted
all_marker_source_projections_written 6 exclude_below10_both_alignments concat:mafft_mafft:consensus
all_marker_source_projections_written 7 exclude_below10_both_alignments concat:mafft_mafft:ml
all_marker_source_projections_written 8 exclude_below10_both_alignments concat:mafft_profile:consensus
all_marker_source_projections_written 9 exclude_below10_both_alignments concat:mafft_profile:ml
all_marker_source_projections_written 10 exclude_below10_both_alignments concat:profile_mafft:consensus
all_marker_source_projections_written 11 exclude_below10_both_alignments concat:profile_mafft:ml
all_marker_source_projections_written 12 exclude_below10_both_alignments concat:profile_profile:consensus
all_marker_source_projections_written 13 exclude_below10_both_alignments concat:profile_profile:ml
all_marker_source_projections_written 14 exclude_curated_hybrids coal:mafft:sh_alrt10
all_marker_source_projections_written 15 exclude_curated_hybrids coal:mafft:sh_alrt80
all_marker_source_projections_written 16 exclude_curated_hybrids coal:mafft:uncontracted
all_marker_source_projections_written 17 exclude_curated_hybrids coal:profile:sh_alrt10
all_marker_source_projections_written 18 exclude_curated_hybrids coal:profile:sh_alrt80
all_marker_source_projections_written 19 exclude_curated_hybrids coal:profile:uncontracted
all_marker_source_projections_written 20 exclude_curated_hybrids concat:mafft_mafft:consensus
all_marker_source_projections_written 21 exclude_curated_hybrids concat:mafft_mafft:ml
all_marker_source_projections_written 22 exclude_curated_hybrids concat:mafft_profile:consensus
all_marker_source_projections_written 23 exclude_curated_hybrids concat:mafft_profile:ml
all_marker_source_projections_written 24 exclude_curated_hybrids concat:profile_mafft:consensus
all_marker_source_projections_written 25 exclude_curated_hybrids concat:profile_mafft:ml
all_marker_source_projections_written 26 exclude_curated_hybrids concat:profile_profile:consensus
all_marker_source_projections_written 27 exclude_curated_hybrids concat:profile_profile:ml
all_marker_source_projections_written 28 exclude_hybrids_and_uncertain_labels coal:mafft:sh_alrt10
all_marker_source_projections_written 29 exclude_hybrids_and_uncertain_labels coal:mafft:sh_alrt80
all_marker_source_projections_written 30 exclude_hybrids_and_uncertain_labels coal:mafft:uncontracted
all_marker_source_projections_written 31 exclude_hybrids_and_uncertain_labels coal:profile:sh_alrt10
all_marker_source_projections_written 32 exclude_hybrids_and_uncertain_labels coal:profile:sh_alrt80
all_marker_source_projections_written 33 exclude_hybrids_and_uncertain_labels coal:profile:uncontracted
all_marker_source_projections_written 34 exclude_hybrids_and_uncertain_labels concat:mafft_mafft:consensus
all_marker_source_projections_written 35 exclude_hybrids_and_uncertain_labels concat:mafft_mafft:ml
all_marker_source_projections_written 36 exclude_hybrids_and_uncertain_labels concat:mafft_profile:consensus
all_marker_source_projections_written 37 exclude_hybrids_and_uncertain_labels concat:mafft_profile:ml
all_marker_source_projections_written 38 exclude_hybrids_and_uncertain_labels concat:profile_mafft:consensus
all_marker_source_projections_written 39 exclude_hybrids_and_uncertain_labels concat:profile_mafft:ml
all_marker_source_projections_written 40 exclude_hybrids_and_uncertain_labels concat:profile_profile:consensus
all_marker_source_projections_written 41 exclude_hybrids_and_uncertain_labels concat:profile_profile:ml
all_marker_source_projections_written 42 exclude_sparse_boundary_taxon coal:mafft:sh_alrt10
all_marker_source_projections_written 43 exclude_sparse_boundary_taxon coal:mafft:sh_alrt80
all_marker_source_projections_written 44 exclude_sparse_boundary_taxon coal:mafft:uncontracted
all_marker_source_projections_written 45 exclude_sparse_boundary_taxon coal:profile:sh_alrt10
all_marker_source_projections_written 46 exclude_sparse_boundary_taxon coal:profile:sh_alrt80
all_marker_source_projections_written 47 exclude_sparse_boundary_taxon coal:profile:uncontracted
all_marker_source_projections_written 48 exclude_sparse_boundary_taxon concat:mafft_mafft:consensus
all_marker_source_projections_written 49 exclude_sparse_boundary_taxon concat:mafft_mafft:ml
all_marker_source_projections_written 50 exclude_sparse_boundary_taxon concat:mafft_profile:consensus
all_marker_source_projections_written 51 exclude_sparse_boundary_taxon concat:mafft_profile:ml
all_marker_source_projections_written 52 exclude_sparse_boundary_taxon concat:profile_mafft:consensus
all_marker_source_projections_written 53 exclude_sparse_boundary_taxon concat:profile_mafft:ml
all_marker_source_projections_written 54 exclude_sparse_boundary_taxon concat:profile_profile:consensus
all_marker_source_projections_written 55 exclude_sparse_boundary_taxon concat:profile_profile:ml
all_marker_source_projections_written 56 full_primary coal:mafft:sh_alrt10
all_marker_source_projections_written 57 full_primary coal:mafft:sh_alrt80
all_marker_source_projections_written 58 full_primary coal:mafft:uncontracted
all_marker_source_projections_written 59 full_primary coal:profile:sh_alrt10
all_marker_source_projections_written 60 full_primary coal:profile:sh_alrt80
all_marker_source_projections_written 61 full_primary coal:profile:uncontracted
all_marker_source_projections_written 62 full_primary concat:mafft_mafft:consensus
all_marker_source_projections_written 63 full_primary concat:mafft_mafft:ml
all_marker_source_projections_written 64 full_primary concat:mafft_profile:consensus
all_marker_source_projections_written 65 full_primary concat:mafft_profile:ml
all_marker_source_projections_written 66 full_primary concat:profile_mafft:consensus
all_marker_source_projections_written 67 full_primary concat:profile_mafft:ml
all_marker_source_projections_written 68 full_primary concat:profile_profile:consensus
all_marker_source_projections_written 69 full_primary concat:profile_profile:ml
{
  "status": "complete_full_structural_marker_tree_projection_pending_independent_readback",
  "checked_utc": "2026-10-03T11:47:06.656481+00:00",
  "tree_views": 70,
  "cohorts": 5,
  "sources": 2,
  "markers": 125,
  "full_panel_entries": 526,
  "full_panel_outgroups": 25,
  "original_view_internal_branches": 36190,
  "projection_cases": 17500,
  "branch_projection_cells": 9047500,
  "status_counts": {
    "insufficient_family_taxa": 122570,
    "no_observations_on_one_side": 2155616,
    "terminal_projection": 1974027,
    "unique_internal_projection": 3011806,
    "shared_internal_projection": 1783481
  },
  "resources_path": "metadata/structural_marker_tree_projection_resources_20261003_v1.json",
  "scientific_eligibility": false
}
