v10_full_comparison_outcome 1 /24 acfc837699b7ad7b47bda478356d778fa35864ba0a2af4bfe55096cf9e8b65a5-broad-scalar-cjson-v6-chain1-latent-log-alpha-v10-full-comparison full_joint_short_sampler_output_integrity_checked_not_posterior
v10_full_comparison_outcome 2 /24 acfc837699b7ad7b47bda478356d778fa35864ba0a2af4bfe55096cf9e8b65a5-broad-scalar-cjson-v6-chain4-latent-log-alpha-v10-full-comparison full_joint_short_sampler_output_integrity_checked_not_posterior
v10_full_comparison_outcome 3 /24 acfc837699b7ad7b47bda478356d778fa35864ba0a2af4bfe55096cf9e8b65a5-broad-scalar-cjson-v6-chain3-latent-log-alpha-v10-full-comparison explicit_nonfinite_or_literal_null_scalar_output_retained_for_review
v10_full_comparison_outcome 4 /24 acfc837699b7ad7b47bda478356d778fa35864ba0a2af4bfe55096cf9e8b65a5-broad-scalar-cjson-v6-chain2-latent-log-alpha-v10-full-comparison full_joint_short_sampler_output_integrity_checked_not_posterior
v10_full_comparison_outcome 5 /24 acfc837699b7ad7b47bda478356d778fa35864ba0a2af4bfe55096cf9e8b65a5-centered-scalar-cjson-v6-chain1-latent-log-alpha-v10-full-comparison full_joint_short_sampler_output_integrity_checked_not_posterior
v10_full_comparison_outcome 6 /24 acfc837699b7ad7b47bda478356d778fa35864ba0a2af4bfe55096cf9e8b65a5-centered-scalar-cjson-v6-chain4-latent-log-alpha-v10-full-comparison full_joint_short_sampler_output_integrity_checked_not_posterior
v10_full_comparison_outcome 7 /24 acfc837699b7ad7b47bda478356d778fa35864ba0a2af4bfe55096cf9e8b65a5-centered-scalar-cjson-v6-chain2-latent-log-alpha-v10-full-comparison full_joint_short_sampler_output_integrity_checked_not_posterior
v10_full_comparison_outcome 8 /24 acfc837699b7ad7b47bda478356d778fa35864ba0a2af4bfe55096cf9e8b65a5-centered-scalar-cjson-v6-chain3-latent-log-alpha-v10-full-comparison full_joint_short_sampler_output_integrity_checked_not_posterior
v10_full_comparison_outcome 9 /24 acfc837699b7ad7b47bda478356d778fa35864ba0a2af4bfe55096cf9e8b65a5-package-scalar-cjson-v6-chain2-latent-log-alpha-v10-full-comparison full_joint_short_sampler_output_integrity_checked_not_posterior
v10_full_comparison_outcome 10 /24 acfc837699b7ad7b47bda478356d778fa35864ba0a2af4bfe55096cf9e8b65a5-package-scalar-cjson-v6-chain4-latent-log-alpha-v10-full-comparison full_joint_short_sampler_output_integrity_checked_not_posterior
v10_full_comparison_outcome 11 /24 acfc837699b7ad7b47bda478356d778fa35864ba0a2af4bfe55096cf9e8b65a5-package-scalar-cjson-v6-chain1-latent-log-alpha-v10-full-comparison full_joint_short_sampler_output_integrity_checked_not_posterior
v10_full_comparison_outcome 12 /24 acfc837699b7ad7b47bda478356d778fa35864ba0a2af4bfe55096cf9e8b65a5-package-scalar-cjson-v6-chain3-latent-log-alpha-v10-full-comparison full_joint_short_sampler_output_integrity_checked_not_posterior
v10_full_comparison_outcome 13 /24 f9afda0ec2543df1e855aaf3048fa302b415440ce828b14ec71d8e686cb6b0f0-broad-scalar-cjson-v6-chain1-latent-log-alpha-v10-full-comparison full_joint_short_sampler_output_integrity_checked_not_posterior
v10_full_comparison_outcome 14 /24 f9afda0ec2543df1e855aaf3048fa302b415440ce828b14ec71d8e686cb6b0f0-broad-scalar-cjson-v6-chain2-latent-log-alpha-v10-full-comparison full_joint_short_sampler_output_integrity_checked_not_posterior
v10_full_comparison_outcome 15 /24 f9afda0ec2543df1e855aaf3048fa302b415440ce828b14ec71d8e686cb6b0f0-broad-scalar-cjson-v6-chain4-latent-log-alpha-v10-full-comparison full_joint_short_sampler_output_integrity_checked_not_posterior
v10_full_comparison_outcome 16 /24 f9afda0ec2543df1e855aaf3048fa302b415440ce828b14ec71d8e686cb6b0f0-broad-scalar-cjson-v6-chain3-latent-log-alpha-v10-full-comparison full_joint_short_sampler_output_integrity_checked_not_posterior
v10_full_comparison_outcome 17 /24 f9afda0ec2543df1e855aaf3048fa302b415440ce828b14ec71d8e686cb6b0f0-centered-scalar-cjson-v6-chain1-latent-log-alpha-v10-full-comparison full_joint_short_sampler_output_integrity_checked_not_posterior
v10_full_comparison_outcome 18 /24 f9afda0ec2543df1e855aaf3048fa302b415440ce828b14ec71d8e686cb6b0f0-centered-scalar-cjson-v6-chain2-latent-log-alpha-v10-full-comparison full_joint_short_sampler_output_integrity_checked_not_posterior
v10_full_comparison_outcome 19 /24 f9afda0ec2543df1e855aaf3048fa302b415440ce828b14ec71d8e686cb6b0f0-centered-scalar-cjson-v6-chain4-latent-log-alpha-v10-full-comparison explicit_nonfinite_or_literal_null_scalar_output_retained_for_review
v10_full_comparison_outcome 20 /24 f9afda0ec2543df1e855aaf3048fa302b415440ce828b14ec71d8e686cb6b0f0-centered-scalar-cjson-v6-chain3-latent-log-alpha-v10-full-comparison full_joint_short_sampler_output_integrity_checked_not_posterior
v10_full_comparison_outcome 21 /24 f9afda0ec2543df1e855aaf3048fa302b415440ce828b14ec71d8e686cb6b0f0-package-scalar-cjson-v6-chain4-latent-log-alpha-v10-full-comparison full_joint_short_sampler_output_integrity_checked_not_posterior
v10_full_comparison_outcome 22 /24 f9afda0ec2543df1e855aaf3048fa302b415440ce828b14ec71d8e686cb6b0f0-package-scalar-cjson-v6-chain1-latent-log-alpha-v10-full-comparison full_joint_short_sampler_output_integrity_checked_not_posterior
v10_full_comparison_outcome 23 /24 f9afda0ec2543df1e855aaf3048fa302b415440ce828b14ec71d8e686cb6b0f0-package-scalar-cjson-v6-chain2-latent-log-alpha-v10-full-comparison full_joint_short_sampler_output_integrity_checked_not_posterior
v10_full_comparison_outcome 24 /24 f9afda0ec2543df1e855aaf3048fa302b415440ce828b14ec71d8e686cb6b0f0-package-scalar-cjson-v6-chain3-latent-log-alpha-v10-full-comparison full_joint_short_sampler_output_integrity_checked_not_posterior
{"roles": 24, "prior_quartets": 6, "effective_inputs": 2, "status_counts": {"full_joint_short_sampler_output_integrity_checked_not_posterior": 22, "explicit_nonfinite_or_literal_null_scalar_output_retained_for_review": 2}, "native_zero_exit_roles": 24, "integrity_checked_roles": 22, "complete_integrity_quartets": 4, "scalar_mapped_values": 19866, "saved_joint_frames": 66, "ancestral_residue_category_pairs": 21017330, "tip_residue_category_pairs": 18809472, "full_original_failure_grid_output_integrity_checked": false, "posterior_qualified": false}
