ordered_original_timing_probe 1 /40 004557b52f0f54dc276e118861e564bc50d72ed19b3aa88c70ce7e1fe2dc16fd timed_all_declared_points_agree_only inputs_preserved True
ordered_original_timing_probe 2 /40 01c08901d3b9a1d4760ccfdf81024e480c71e64e0034619682a46c21ff39a0ed timed_all_declared_points_agree_only inputs_preserved True
ordered_original_timing_probe 3 /40 10b32837f9e0b937d0d0a1d05b92eedea40673d5bf175af9c1d23734a2205d73 timed_all_declared_points_agree_only inputs_preserved True
ordered_original_timing_probe 4 /40 1292458f4bfb9d47cf652df27b08a03779daa9f16ef8e45b7a8c6b3a7dbd9abe timed_all_declared_points_agree_only inputs_preserved True
ordered_original_timing_probe 5 /40 2279da186a51d103e3273a0b7fdd1ef487ff512181eb81f963b179bfdfc2ec55 timed_all_declared_points_agree_only inputs_preserved True
ordered_original_timing_probe 6 /40 2b90a43c7248efd2e3a0408e824657a217f124c2cfc210983c41ad9d2a51a822 timed_all_declared_points_agree_only inputs_preserved True
ordered_original_timing_probe 7 /40 2eb183b0ac69619a30571e193dbe34c473c442239d4d4959e148325e05f8ff2f timed_all_declared_points_agree_only inputs_preserved True
ordered_original_timing_probe 8 /40 3bc76bd5d6ee6c08eee9da8273bdfcacf57413a7deb057559b9b8c0bf29cf8e6 timed_all_declared_points_agree_only inputs_preserved True
ordered_original_timing_probe 9 /40 527ec20a91ed82f748cc1f50c8835585d7d1845cd27a3cbabde93a7cacf6b083 timed_all_declared_points_agree_only inputs_preserved False
{
  "status": "completed_ordered_cohort_timing_probe_diagnostic_v2",
  "checked_utc": "2026-10-04T07:37:56.596552+00:00",
  "plan": "metadata/retained_timing_ordered_probe_diagnostic_plan_20261004_v2.json",
  "plan_sha256": "56e14644314a19d19749ada166cc80c5ff1c2e6505b600c5407db1e59b593af8",
  "cohort_id": "00c9462e56f1fcdf34d9e1f94c47c072ea4d26961d46c37b18de57bbc9ddc189",
  "records": 22881,
  "planned_groups": 40,
  "executed_groups": 9,
  "unattempted_group_ids": [
    "53975478336eb1263d411e1446ee25f3ddecdd94882b17a55fadad1e8c6843a9",
    "586e62915a9df70dfea0f57062a62c18654f466aa7bf3ad3d49df846d95aca4d",
    "66e101962129dcce7708b7562686bad6f65e4790ca62572dabade1e57c0244ec",
    "6998fbb1189bb39eb5404593861f03f61668eec3246eaea7d066d86ec146f0d1",
    "6df7894cc913f65d58e47fab35b00e029526b2f4d8dd5a3ba62319ce59e82649",
    "6e7e50b75abd54bc1aef916c8f97f952e6772e0cb2038ddc435a81707d09d3cb",
    "71fa2347723459edd52e646136aabcd8b400529fc741716739dc3d2b255c4f39",
    "73cf5a8e12aa16ba69c250a8eed7969df911c75275df2dacc1648768327923e3",
    "768a967d92ec665bf1e83bcfe32ea5e81fa7978e5a3d83d9b015f52e1f32a0c0",
    "7e3087c9fb8d3c1baca953ce9c9cc3fdfb0500f19c4ec3ddc51af0255e33d45a",
    "8b804a6670d8afd4489cf7e2878b3a2bc87bca616b73e259e4dacb59537b6529",
    "9073cdcd8a8e20f2dea9ce97f431b2fcf2dbbcabfc88bbd36f8d8ec49e100644",
    "92c04f5d3cdb5c3a5d2723736d3efbbb4666dc6dec32246cb6a6f8c308e824f6",
    "9461b426be50a5e88b7220ea699ac7e695ebdb0674a6608b7f8e7924eff410b8",
    "949240468056072735841da233864d0acd8207994776543de162d2cc3c8058e8",
    "99c7e30f5a3adb06c8ac7786890e29c4c6e9946ebbae1052a6e2abb39810e835",
    "9b65c071176376cfebf429a8ab68d19ebfcae02d4edfdae78afa7f87706eb518",
    "a071793ccb93359e7ad1978ef355477eb919398fd1cd546baae795b4a04e72dc",
    "a31517a6067b82636cf3e5b9b37b639d9d5d627a42e6686ea889d9012fbafc7a",
    "a85e8c1e21b4fca0d0a27cc799f1edbe4ed6dd6bbfc8e4800e8a9514b0d5fd6b",
    "a8e2b55caab97a376e472c137316cd291df489c3a8ca29c4edce9ca538edd799",
    "b4ecf20785dbdd31023f4491a66fe7dbbce90c2ab2373d4ba78bb289c09fecbc",
    "bab1e09fe1390292b5e1bc874cf8b9ba3ab94d0e5f9840f7868e3f8c6d50c734",
    "cae412e11b15a62e899a7df920f6559208dbeefe94f13476666b17f8fac4dac8",
    "d16d528829e6f70a2e8dd873e7485f45f0aeed07d8c07560babdc0be41c50045",
    "d6aab880c7bf12e52cbd7495bdc54469315670c0a279d3fd9f072a0a9c27aa24",
    "df656b49042b341983ad55096d618bcb4fe5166584996863924f93a141f61ac2",
    "e0d6626ac5d6625f0762a5caff26829648cb7308fd9fab975b6003d941884c70",
    "e488f7532c61df14c02d2cb889cfff6d5b12182fc17c82b34317936ea0445e01",
    "e6a87c8a65d856f2a416e3bf412708116ea09f0b4965f467940165da6d397033",
    "ea5a8a7ae9ea2be869b197dfdbce44c24bb1a6da9569341ca2c7ad43ebf66763"
  ],
  "detected_input_mutation": {
    "sequence": 9,
    "group_id": "527ec20a91ed82f748cc1f50c8835585d7d1845cd27a3cbabde93a7cacf6b083",
    "factor_value_change_capture": {
      "pmsf_profile_profile": {
        "changed_entries": 8,
        "sampled_changed_entries": 8,
        "samples": [
          {
            "row": 8513,
            "column": 115,
            "baseline_hex": "-0x1.460ac92ad2eb6p-8",
            "observed_hex": "0x0.0000000002eb6p-1022",
            "baseline_bits": "13795757852854136502",
            "observed_bits": "11958",
            "xor_hex": "0xbf7460ac92ad0000",
            "changed_bits": 25
          },
          {
            "row": 8513,
            "column": 116,
            "baseline_hex": "-0x1.a17ce880f563ep-9",
            "observed_hex": "0x0.0p+0",
            "baseline_bits": "13792862984588973630",
            "observed_bits": "0",
            "xor_hex": "0xbf6a17ce880f563e",
            "changed_bits": 35
          },
          {
            "row": 8513,
            "column": 117,
            "baseline_hex": "-0x1.13f30d75978ecp-9",
            "observed_hex": "0x0.0p+0",
            "baseline_bits": "13790373012989114604",
            "observed_bits": "0",
            "xor_hex": "0xbf613f30d75978ec",
            "changed_bits": 37
          },
          {
            "row": 8513,
            "column": 118,
            "baseline_hex": "0x1.a32a109379b12p-11",
            "observed_hex": "0x0.0p+0",
            "baseline_bits": "4560513239891811090",
            "observed_bits": "0",
            "xor_hex": "0x3f4a32a109379b12",
            "changed_bits": 29
          },
          {
            "row": 8513,
            "column": 119,
            "baseline_hex": "0x1.c0b86c4de3276p-9",
            "observed_hex": "0x0.0p+0",
            "baseline_bits": "4570040395330630262",
            "observed_bits": "0",
            "xor_hex": "0x3f6c0b86c4de3276",
            "changed_bits": 33
          },
          {
            "row": 8513,
            "column": 120,
            "baseline_hex": "-0x1.5fdaaaa410f0bp-8",
            "observed_hex": "0x0.0p+0",
            "baseline_bits": "13796211942962040587",
            "observed_bits": "0",
            "xor_hex": "0xbf75fdaaaa410f0b",
            "changed_bits": 36
          },
          {
            "row": 8513,
            "column": 121,
            "baseline_hex": "-0x1.2ebbe25ab467bp-9",
            "observed_hex": "0x0.0p+0",
            "baseline_bits": "13790844210870175355",
            "observed_bits": "0",
            "xor_hex": "0xbf62ebbe25ab467b",
            "changed_bits": 39
          },
          {
            "row": 8513,
            "column": 122,
            "baseline_hex": "0x1.bf0c85d373166p-8",
            "observed_hex": "0x1.bf0c85d370000p-8",
            "baseline_bits": "4574514589872894310",
            "observed_bits": "4574514589872881664",
            "xor_hex": "0x3166",
            "changed_bits": 7
          }
        ],
        "current_probe_tree": "pmsf_mafft_profile",
        "current_probe_uses_changed_tree": false,
        "baseline_array_hash": "ceb9edc9994e37972a203703e7555f42afeb9113943f78eeaf3bbbdde8fd5cb1",
        "observed_array_hash": "98a403c135e37d36b73f483a29d53e8eb3f4dca9e899a83731085179f77e645c",
        "repeated_current_array_hash": "98a403c135e37d36b73f483a29d53e8eb3f4dca9e899a83731085179f77e645c",
        "baseline_matches_before_hash": true,
        "observed_values_all_finite": true,
        "maximum_finite_absolute_difference": 0.005368868503925271,
        "observed_snapshot": "results/phylogeny/retained-timing-ordered-probe-diagnostic-20261004-v2/captured_factors/527ec20a91ed82f748cc1f50c8835585d7d1845cd27a3cbabde93a7cacf6b083-pmsf_profile_profile-observed.npy",
        "observed_snapshot_sha256": "d01b47ab2f25e8be93298456db41e20e03ccc9f360ad89292d89f4475a5347b1"
      }
    }
  },
  "probe_status_counts": {
    "timed_all_declared_points_agree_only": 9
  },
  "inputs_preserved_for_all_attempted_groups": false,
  "elapsed_seconds": 207.03063972806558,
  "transitive_project_source_modules": 48,
  "full_original_source_verification_inherited": true,
  "full_original_source_archive_rehashed": false,
  "original_prior_ten_cohort_probe_sequence_replayed": false,
  "scientific_eligibility": false,
  "production_tolerance_changed": false,
  "biological_fits": 0,
  "gpu": false,
  "original_jobs_restarted": false,
  "scope": "Ordered40original selected timing probes on closed exact cohort11 exports, including preserved original guard/primary likelihood/independent qualification/likelihood points. Shared cohort factors/operators and designs/responses hashed before/after each probe; repeated after hashes, nonoverlapping factor-buffer layouts and affected factor snapshots/bitwise differences retained; mutation stops further attempts and retains all unattempted identities. Diagnostics only, not whole prior10cohort execution-state replay, fit/source repair, tolerance relaxation or biological acceptance. Full source verification is inherited from the closed exact-cohort producer; consumed exported artifact bindings rehash."
}
