{
  "status": "complete_full_ancestral_derived_storage_census_pending_readback",
  "checked_utc": "2026-10-06T03:21:34.801594+00:00",
  "measured_attempts": 1644,
  "original_roles": 1620,
  "effective_inputs": 135,
  "original_quartets": 405,
  "failed_originals_retained": 24,
  "comparison_attempts_retained": 24,
  "computational_baselines": 1620,
  "integrity_checked_baselines": 1606,
  "review_baselines_without_exports": 14,
  "measured_projection_files": 4818,
  "measured_array_members": 48180,
  "measured_derived_files": 6477,
  "measured_bytes_by_kind": {
    "role_disposition": 100159817,
    "stage_metadata": 280174735,
    "projection_array": 1432750716
  },
  "measured_derived_bytes": 1813085268,
  "measured_raw_array_bytes": 1419886656,
  "measured_serialization_overhead_bytes": 12864060,
  "largest_observed_projection_file_bytes": 5702962,
  "proposed_iterations": 10000,
  "saved_frame_interval": 10,
  "proposed_frames_per_role": 1001,
  "linear_observed_role_array_projection_bytes": 478061155643,
  "resource_only_peer_proxy_projection_bytes": 16764325578,
  "array_projection_with_review_resource_proxies_bytes": 494825481221,
  "native_projection_with_latent_allowance_bytes": 945474558095,
  "native_plus_array_projection_with_resource_proxies_bytes": 1440300039316,
  "stage_metadata_not_long_horizon_projected": true,
  "long_chain_metadata_growth_unqualified": true,
  "filesystem_allocated_bytes_unmeasured": true,
  "temporary_readback_posterior_products_excluded": true,
  "full_native_likelihood_or_joint_frame_semantics_retested": false,
  "array_member_bytes_rehashed": true,
  "runtime_projection_uncalibrated": true,
  "storage_projection_uncalibrated": true,
  "resource_proxies_are_not_samples": true,
  "production_launch_allowed": false,
  "scientific_eligibility": false,
  "posterior_qualified": false,
  "new_native_runs": 0,
  "gpu": false,
  "new_predictions": 0,
  "attempt_table": "results/ancestral/full-derived-horizon-costs-20261006-v1/derived_attempts.tsv",
  "file_table": "results/ancestral/full-derived-horizon-costs-20261006-v1/projection_files.tsv",
  "member_table": "results/ancestral/full-derived-horizon-costs-20261006-v1/projection_members.tsv",
  "derived_file_table": "results/ancestral/full-derived-horizon-costs-20261006-v1/all_derived_files.tsv",
  "scope": "Complete exported projection bytes/members and all current non-native products in both completed run trees. Every original failure and numeric-review role retained. Derived serialization is checked against closed arrays; previous biological/frame integrity checks are dependencies. Fourteen missing export roles receive labelled same-input/same-prior peer resource proxies only; no missing draw is constructed or admitted. Native-plus-array linear scenario excludes future metadata growth, temporary products and filesystem overhead; it is not a disk bound or permission to launch. No new sampler, posterior, GPU or cost."
}
