{
  "status": "passed_exact_all24_failed_role_candidate_job_contracts_v1",
  "checked_utc": "2026-10-04T14:33:07.161112+00:00",
  "scope_check": {
    "original_failed_roles": 24,
    "effective_inputs": 2,
    "prior_quartets": 6,
    "prior_role_counts": {
      "broad": 8,
      "centered": 8,
      "package": 8
    },
    "chains_per_quartet": 4,
    "original_seeds_preserved": 24,
    "original_models_reversibly_preserved": 6,
    "native_as_bytes": 51539607552,
    "stack_soft_bytes": 8388608,
    "stack_hard_unlimited": true,
    "original_cpu_wall_file_caps_preserved": true,
    "iterations": 20,
    "no_original_failure_restarted": true
  },
  "rejected_mutations": [
    "drop_role",
    "duplicate_role",
    "source_role",
    "chain_id",
    "seed",
    "prior",
    "effective_input",
    "aliases",
    "taxa",
    "alignment_hash",
    "tree_hash",
    "iterations",
    "cpu",
    "wall",
    "as",
    "file",
    "stack",
    "memory_reservation",
    "program_hash",
    "extra_native_argument"
  ],
  "actual_original_failed_receipts_reverified": 24,
  "jobs": "data/software_audits/baliphy-joint-fasta-v7-failure-jobs-20261004-v1/jobs.json",
  "mapping": "results/ancestral/case-local-trees-20260927-v1/ancestral_node_mapping.tsv",
  "new_native_runs": 0,
  "original_jobs_restarted": false,
  "scientific_eligibility": false,
  "posterior_qualified": false,
  "gpu": false,
  "scope": "Actual24failed-role source records, input/model/configuration/seed/resource binding and serialized job construction are checked, with20scope/capacity negatives. No native run or mock biological outcome; this qualifies construction only. Full first-input output closure remains a separate prerequisite for native admission."
}
