{
  "status": "passed_domain_native_closure_actual_records_and_identity_rejections",
  "checked_utc": "2026-10-06T03:58:24.700280+00:00",
  "actual_original_native_records_checked": true,
  "original_tool_terminal_exit_code": null,
  "original_native_exit_code": 0,
  "original_api_unknown_preserved": true,
  "full_models": 976357,
  "full_intervals": 2454565,
  "full_shards": 977,
  "rejection_controls": [
    "native_exit_changed",
    "timeout_changed",
    "wrapper_identity_changed",
    "invocation_changed",
    "child_command_changed",
    "api_zero_fabricated",
    "api_unavailable_mislabelled",
    "missing_manager_completion",
    "changed_wrapper_terminal",
    "partial_shard_scope",
    "changed_global_counts"
  ],
  "closure_script_sha256": "a4c66a5f3847d3073634604690b6802080697cb677c8ecfab71eecc5c0d7e9f2",
  "native_work_repeated": false,
  "scientific_eligibility": false,
  "scope": "Actual full original producer custody and eleven mutated identity/scope/terminal controls. API terminal remains unknown. This checks native closure software, not exported atoms."
}
