{
  "status": "passed_independent_complete_current_ancestral_horizon_cost_readback",
  "checked_utc": "2026-10-06T02:54:21.155706+00:00",
  "original_roles": 1620,
  "native_attempts_checked": 1644,
  "native_files_checked": 16440,
  "native_bytes_checked": 2784481010,
  "cost_baselines_checked": 1620,
  "original_failed_roles_retained": 24,
  "separate_comparisons_retained": 24,
  "native_file_measurements_reconstructed": true,
  "source_attempt_dispositions_reconstructed": true,
  "exact_integer_storage_scenarios_reconstructed": true,
  "decimal_worker_scenarios_reconstructed": true,
  "producer_sha256": "3bcbee7178e6f1ea0d02765a5fb9e4b3c22aa142ccd4b2376dc1db464339de66",
  "production_launch_allowed": false,
  "runtime_projection_uncalibrated": true,
  "storage_projection_uncalibrated": true,
  "posterior_qualified": false,
  "scientific_eligibility": false,
  "new_native_runs": 0,
  "gpu": false,
  "scope": "Separate chunked byte/line counters, divmod ceiling arithmetic and Decimal sums replay all 1644 attempts and every native file, original failures, comparison aliases, memory observation sources and full 1620-role cost scenarios. Underlying native sources/closure/SHA helpers are shared. Reproducing a scenario does not establish linear scaling, future memory safety, convergence or biology."
}
