Frozen log records 3020697 eligible sequence candidates 2964947
Coordinate hashes verified 10000 of 2935733
Coordinate hashes verified 20000 of 2935733
Coordinate hashes verified 30000 of 2935733
Coordinate hashes verified 40000 of 2935733
Coordinate hashes verified 50000 of 2935733
Coordinate hashes verified 60000 of 2935733
Coordinate hashes verified 70000 of 2935733
Coordinate hashes verified 80000 of 2935733
Coordinate hashes verified 90000 of 2935733
Coordinate hashes verified 100000 of 2935733
Coordinate hashes verified 110000 of 2935733
Coordinate hashes verified 120000 of 2935733
Coordinate hashes verified 130000 of 2935733
Coordinate hashes verified 140000 of 2935733
Coordinate hashes verified 150000 of 2935733
Coordinate hashes verified 160000 of 2935733
Coordinate hashes verified 170000 of 2935733
Coordinate hashes verified 180000 of 2935733
Coordinate hashes verified 190000 of 2935733
Coordinate hashes verified 200000 of 2935733
Coordinate hashes verified 210000 of 2935733
Coordinate hashes verified 220000 of 2935733
Coordinate hashes verified 230000 of 2935733
Coordinate hashes verified 240000 of 2935733
Coordinate hashes verified 250000 of 2935733
Coordinate hashes verified 260000 of 2935733
Coordinate hashes verified 270000 of 2935733
Coordinate hashes verified 280000 of 2935733
Coordinate hashes verified 290000 of 2935733
Coordinate hashes verified 300000 of 2935733
Coordinate hashes verified 310000 of 2935733
Coordinate hashes verified 320000 of 2935733
Coordinate hashes verified 330000 of 2935733
Coordinate hashes verified 340000 of 2935733
Coordinate hashes verified 350000 of 2935733
Coordinate hashes verified 360000 of 2935733
Coordinate hashes verified 370000 of 2935733
Coordinate hashes verified 380000 of 2935733
Coordinate hashes verified 390000 of 2935733
Coordinate hashes verified 400000 of 2935733
Coordinate hashes verified 410000 of 2935733
Coordinate hashes verified 420000 of 2935733
Coordinate hashes verified 430000 of 2935733
Coordinate hashes verified 440000 of 2935733
Coordinate hashes verified 450000 of 2935733
Coordinate hashes verified 460000 of 2935733
Coordinate hashes verified 470000 of 2935733
Coordinate hashes verified 480000 of 2935733
Coordinate hashes verified 490000 of 2935733
Coordinate hashes verified 500000 of 2935733
Coordinate hashes verified 510000 of 2935733
Coordinate hashes verified 520000 of 2935733
Coordinate hashes verified 530000 of 2935733
Coordinate hashes verified 540000 of 2935733
Coordinate hashes verified 550000 of 2935733
Coordinate hashes verified 560000 of 2935733
Coordinate hashes verified 570000 of 2935733
Coordinate hashes verified 580000 of 2935733
Coordinate hashes verified 590000 of 2935733
Coordinate hashes verified 600000 of 2935733
Coordinate hashes verified 610000 of 2935733
Coordinate hashes verified 620000 of 2935733
Coordinate hashes verified 630000 of 2935733
Coordinate hashes verified 640000 of 2935733
Coordinate hashes verified 650000 of 2935733
Coordinate hashes verified 660000 of 2935733
Coordinate hashes verified 670000 of 2935733
Coordinate hashes verified 680000 of 2935733
Coordinate hashes verified 690000 of 2935733
Coordinate hashes verified 700000 of 2935733
Coordinate hashes verified 710000 of 2935733
Coordinate hashes verified 720000 of 2935733
Coordinate hashes verified 730000 of 2935733
Coordinate hashes verified 740000 of 2935733
Coordinate hashes verified 750000 of 2935733
Coordinate hashes verified 760000 of 2935733
Coordinate hashes verified 770000 of 2935733
Coordinate hashes verified 780000 of 2935733
Coordinate hashes verified 790000 of 2935733
Coordinate hashes verified 800000 of 2935733
Coordinate hashes verified 810000 of 2935733
Coordinate hashes verified 820000 of 2935733
Coordinate hashes verified 830000 of 2935733
Coordinate hashes verified 840000 of 2935733
Coordinate hashes verified 850000 of 2935733
Coordinate hashes verified 860000 of 2935733
Coordinate hashes verified 870000 of 2935733
Coordinate hashes verified 880000 of 2935733
Coordinate hashes verified 890000 of 2935733
Coordinate hashes verified 900000 of 2935733
Coordinate hashes verified 910000 of 2935733
Coordinate hashes verified 920000 of 2935733
Coordinate hashes verified 930000 of 2935733
Coordinate hashes verified 940000 of 2935733
Coordinate hashes verified 950000 of 2935733
Coordinate hashes verified 960000 of 2935733
Coordinate hashes verified 970000 of 2935733
Coordinate hashes verified 980000 of 2935733
Coordinate hashes verified 990000 of 2935733
Coordinate hashes verified 1000000 of 2935733
Coordinate hashes verified 1010000 of 2935733
Coordinate hashes verified 1020000 of 2935733
Coordinate hashes verified 1030000 of 2935733
Coordinate hashes verified 1040000 of 2935733
Coordinate hashes verified 1050000 of 2935733
Coordinate hashes verified 1060000 of 2935733
Coordinate hashes verified 1070000 of 2935733
Coordinate hashes verified 1080000 of 2935733
Coordinate hashes verified 1090000 of 2935733
Coordinate hashes verified 1100000 of 2935733
Coordinate hashes verified 1110000 of 2935733
Coordinate hashes verified 1120000 of 2935733
Coordinate hashes verified 1130000 of 2935733
Coordinate hashes verified 1140000 of 2935733
Coordinate hashes verified 1150000 of 2935733
Coordinate hashes verified 1160000 of 2935733
Coordinate hashes verified 1170000 of 2935733
Coordinate hashes verified 1180000 of 2935733
Coordinate hashes verified 1190000 of 2935733
Coordinate hashes verified 1200000 of 2935733
Coordinate hashes verified 1210000 of 2935733
Coordinate hashes verified 1220000 of 2935733
Coordinate hashes verified 1230000 of 2935733
Coordinate hashes verified 1240000 of 2935733
Coordinate hashes verified 1250000 of 2935733
Coordinate hashes verified 1260000 of 2935733
Coordinate hashes verified 1270000 of 2935733
Coordinate hashes verified 1280000 of 2935733
Coordinate hashes verified 1290000 of 2935733
Coordinate hashes verified 1300000 of 2935733
Coordinate hashes verified 1310000 of 2935733
Coordinate hashes verified 1320000 of 2935733
Coordinate hashes verified 1330000 of 2935733
Coordinate hashes verified 1340000 of 2935733
Coordinate hashes verified 1350000 of 2935733
Coordinate hashes verified 1360000 of 2935733
Coordinate hashes verified 1370000 of 2935733
Coordinate hashes verified 1380000 of 2935733
Coordinate hashes verified 1390000 of 2935733
Coordinate hashes verified 1400000 of 2935733
Coordinate hashes verified 1410000 of 2935733
Coordinate hashes verified 1420000 of 2935733
Coordinate hashes verified 1430000 of 2935733
Coordinate hashes verified 1440000 of 2935733
Coordinate hashes verified 1450000 of 2935733
Coordinate hashes verified 1460000 of 2935733
Coordinate hashes verified 1470000 of 2935733
Coordinate hashes verified 1480000 of 2935733
Coordinate hashes verified 1490000 of 2935733
Coordinate hashes verified 1500000 of 2935733
Coordinate hashes verified 1510000 of 2935733
Coordinate hashes verified 1520000 of 2935733
Coordinate hashes verified 1530000 of 2935733
Coordinate hashes verified 1540000 of 2935733
Coordinate hashes verified 1550000 of 2935733
Coordinate hashes verified 1560000 of 2935733
Coordinate hashes verified 1570000 of 2935733
Coordinate hashes verified 1580000 of 2935733
Coordinate hashes verified 1590000 of 2935733
Coordinate hashes verified 1600000 of 2935733
Coordinate hashes verified 1610000 of 2935733
Coordinate hashes verified 1620000 of 2935733
Coordinate hashes verified 1630000 of 2935733
Coordinate hashes verified 1640000 of 2935733
Coordinate hashes verified 1650000 of 2935733
Coordinate hashes verified 1660000 of 2935733
Coordinate hashes verified 1670000 of 2935733
Coordinate hashes verified 1680000 of 2935733
Coordinate hashes verified 1690000 of 2935733
Coordinate hashes verified 1700000 of 2935733
Coordinate hashes verified 1710000 of 2935733
Coordinate hashes verified 1720000 of 2935733
Coordinate hashes verified 1730000 of 2935733
Coordinate hashes verified 1740000 of 2935733
Coordinate hashes verified 1750000 of 2935733
Coordinate hashes verified 1760000 of 2935733
Coordinate hashes verified 1770000 of 2935733
Coordinate hashes verified 1780000 of 2935733
Coordinate hashes verified 1790000 of 2935733
Coordinate hashes verified 1800000 of 2935733
Coordinate hashes verified 1810000 of 2935733
Coordinate hashes verified 1820000 of 2935733
Coordinate hashes verified 1830000 of 2935733
Coordinate hashes verified 1840000 of 2935733
Coordinate hashes verified 1850000 of 2935733
Coordinate hashes verified 1860000 of 2935733
Coordinate hashes verified 1870000 of 2935733
Coordinate hashes verified 1880000 of 2935733
Coordinate hashes verified 1890000 of 2935733
Coordinate hashes verified 1900000 of 2935733
Coordinate hashes verified 1910000 of 2935733
Coordinate hashes verified 1920000 of 2935733
Coordinate hashes verified 1930000 of 2935733
Coordinate hashes verified 1940000 of 2935733
Coordinate hashes verified 1950000 of 2935733
Coordinate hashes verified 1960000 of 2935733
Coordinate hashes verified 1970000 of 2935733
Coordinate hashes verified 1980000 of 2935733
Coordinate hashes verified 1990000 of 2935733
Coordinate hashes verified 2000000 of 2935733
Coordinate hashes verified 2010000 of 2935733
Coordinate hashes verified 2020000 of 2935733
Coordinate hashes verified 2030000 of 2935733
Coordinate hashes verified 2040000 of 2935733
Coordinate hashes verified 2050000 of 2935733
Coordinate hashes verified 2060000 of 2935733
Coordinate hashes verified 2070000 of 2935733
Coordinate hashes verified 2080000 of 2935733
Coordinate hashes verified 2090000 of 2935733
Coordinate hashes verified 2100000 of 2935733
Coordinate hashes verified 2110000 of 2935733
Coordinate hashes verified 2120000 of 2935733
Coordinate hashes verified 2130000 of 2935733
Coordinate hashes verified 2140000 of 2935733
Coordinate hashes verified 2150000 of 2935733
Coordinate hashes verified 2160000 of 2935733
Coordinate hashes verified 2170000 of 2935733
Coordinate hashes verified 2180000 of 2935733
Coordinate hashes verified 2190000 of 2935733
Coordinate hashes verified 2200000 of 2935733
Coordinate hashes verified 2210000 of 2935733
Coordinate hashes verified 2220000 of 2935733
Coordinate hashes verified 2230000 of 2935733
Coordinate hashes verified 2240000 of 2935733
Coordinate hashes verified 2250000 of 2935733
Coordinate hashes verified 2260000 of 2935733
Coordinate hashes verified 2270000 of 2935733
Coordinate hashes verified 2280000 of 2935733
Coordinate hashes verified 2290000 of 2935733
Coordinate hashes verified 2300000 of 2935733
Coordinate hashes verified 2310000 of 2935733
Coordinate hashes verified 2320000 of 2935733
Coordinate hashes verified 2330000 of 2935733
Coordinate hashes verified 2340000 of 2935733
Coordinate hashes verified 2350000 of 2935733
Coordinate hashes verified 2360000 of 2935733
Coordinate hashes verified 2370000 of 2935733
Coordinate hashes verified 2380000 of 2935733
Coordinate hashes verified 2390000 of 2935733
Coordinate hashes verified 2400000 of 2935733
Coordinate hashes verified 2410000 of 2935733
Coordinate hashes verified 2420000 of 2935733
Coordinate hashes verified 2430000 of 2935733
Coordinate hashes verified 2440000 of 2935733
Coordinate hashes verified 2450000 of 2935733
Coordinate hashes verified 2460000 of 2935733
Coordinate hashes verified 2470000 of 2935733
Coordinate hashes verified 2480000 of 2935733
Coordinate hashes verified 2490000 of 2935733
Coordinate hashes verified 2500000 of 2935733
Coordinate hashes verified 2510000 of 2935733
Coordinate hashes verified 2520000 of 2935733
Coordinate hashes verified 2530000 of 2935733
Coordinate hashes verified 2540000 of 2935733
Coordinate hashes verified 2550000 of 2935733
Coordinate hashes verified 2560000 of 2935733
Coordinate hashes verified 2570000 of 2935733
Coordinate hashes verified 2580000 of 2935733
Coordinate hashes verified 2590000 of 2935733
Coordinate hashes verified 2600000 of 2935733
Coordinate hashes verified 2610000 of 2935733
Coordinate hashes verified 2620000 of 2935733
Coordinate hashes verified 2630000 of 2935733
Coordinate hashes verified 2640000 of 2935733
Coordinate hashes verified 2650000 of 2935733
Coordinate hashes verified 2660000 of 2935733
Coordinate hashes verified 2670000 of 2935733
Coordinate hashes verified 2680000 of 2935733
Coordinate hashes verified 2690000 of 2935733
Coordinate hashes verified 2700000 of 2935733
Coordinate hashes verified 2710000 of 2935733
Coordinate hashes verified 2720000 of 2935733
Coordinate hashes verified 2730000 of 2935733
Coordinate hashes verified 2740000 of 2935733
Coordinate hashes verified 2750000 of 2935733
Coordinate hashes verified 2760000 of 2935733
Coordinate hashes verified 2770000 of 2935733
Coordinate hashes verified 2780000 of 2935733
Coordinate hashes verified 2790000 of 2935733
Coordinate hashes verified 2800000 of 2935733
Coordinate hashes verified 2810000 of 2935733
Coordinate hashes verified 2820000 of 2935733
Coordinate hashes verified 2830000 of 2935733
Coordinate hashes verified 2840000 of 2935733
Coordinate hashes verified 2850000 of 2935733
Coordinate hashes verified 2860000 of 2935733
Coordinate hashes verified 2870000 of 2935733
Coordinate hashes verified 2880000 of 2935733
Coordinate hashes verified 2890000 of 2935733
Coordinate hashes verified 2900000 of 2935733
Coordinate hashes verified 2910000 of 2935733
Coordinate hashes verified 2920000 of 2935733
Coordinate hashes verified 2930000 of 2935733
{
  "status": "complete_whole_representative_proteome_exact_sequence_catalog",
  "taxa": 526,
  "proteins_screened": 5815847,
  "proteins_linked": 2994868,
  "unique_models": 2935733,
  "taxa_with_models": 502,
  "coordinate_bytes_verified": 1098056403371,
  "inventory_records": 3020697,
  "latest_accession_status_counts": {
    "verified": 3010575,
    "no_exact_full_length_model": 239,
    "error": 3695
  },
  "plan_sha256": "fcd46a135ddbcf2d8febe5f6766ff2d322cbcfbdd40f19af8a567b1afb7913c5",
  "elapsed_seconds": 3134.697675704956,
  "artifacts": {
    "taxon_coverage.tsv": "86b609ddfe02ff7e7015a7a370db378ebbb7b353d774c2a4b63d6114a2fb06c9",
    "models.jsonl": "e0ca5699d9e1553ddfade8e24a26404f1cc45e8e5618a96e41be75719be9a1af",
    "protein_model_links.tsv": "282c05b73c63657e4bbf3c36d5a4a693f03bae2db9cefc581f3dd83a29bb7ea4"
  },
  "scope": "All representative proteins screened by exact sequence hash and length; selected coordinate bytes checked against existing verification records. One source-specific model per sequence. No new CIF-content audit, confidence qualification, PAE assessment, structure clustering, orthology assignment or experimental validation. Missing means absent from this frozen source catalog, not public-database absence."
}
{
  "status": "completed_full_afdb_catalog_pending_independent_readback",
  "checked_utc": "2026-10-05T16:19:18.675894+00:00",
  "raw_catalog_receipt": "results/structures/whole-proteome-afdb-catalog-20261005-v1/receipt.json",
  "raw_catalog_receipt_sha256": "16951e33aeda65d16bbfb7d28be45e222f1c2362d9b3e29499838475e1666068",
  "source_plan_sha256": "fcd46a135ddbcf2d8febe5f6766ff2d322cbcfbdd40f19af8a567b1afb7913c5",
  "taxa": 526,
  "proteins_screened": 5815847,
  "proteins_linked": 2994868,
  "unique_models": 2935733,
  "taxa_with_models": 502,
  "coordinate_bytes_verified": 1098056403371,
  "inventory_records": 3020697,
  "scientific_eligibility": false,
  "new_downloads": 0,
  "new_predictions": 0,
  "gpu": false,
  "scope": "Unchanged qualified cataloger checks every representative protein, latest accession status, exact sequence/length linkage, source-specific model ranking and selected coordinate byte hashes. All 526 taxa and 5,815,847 proteins retained. The raw producer receipt is immutable. Independent full link/model reconstruction and original execution closure remain required; no new coordinate-content, confidence or PAE qualification, structural clustering or biological acceptance."
}
