{
  "status": "passed_independent_genetic_code_context_reader_literal_integration",
  "checked_utc": "2026-10-06T00:50:31.484640+00:00",
  "literal_targets": 2,
  "literal_products": 2,
  "unlinked_targets_retained": 1,
  "alternatives_retained": 1,
  "separate_derived_products_retained": 1,
  "independent_taxonomy_inheritance": true,
  "rejected_semantic_mutations": [
    "reject_changed_code_relationship",
    "reject_false_code_admission",
    "reject_changed_original_code_provenance"
  ],
  "scientific_eligibility": false,
  "genetic_code_admission": false,
  "gpu": false,
  "new_predictions": 0,
  "scope": "Literal source archive/identity/target/product integration and three semantic mutations invoked directly without a hash gate or hash-rebinding exercise. No real taxon pilot, current taxonomy, code/compartment admission, translation or biological inference."
}
