full_entity_operator_numeric_benchmark signed t1 cases 24 seconds 0.004616300924681127
full_entity_operator_numeric_benchmark unsigned t1 cases 24 seconds 0.004278767970390618
full_entity_operator_numeric_benchmark signed t2 cases 24 seconds 0.004103961982764304
full_entity_operator_numeric_benchmark unsigned t2 cases 24 seconds 0.004064131062477827
full_entity_operator_numeric_benchmark signed t3 cases 24 seconds 0.004075588076375425
full_entity_operator_numeric_benchmark unsigned t3 cases 24 seconds 0.004060656065121293
full_entity_operator_numeric_benchmark signed t4 cases 24 seconds 0.004045914043672383
full_entity_operator_numeric_benchmark unsigned t4 cases 24 seconds 0.004226097953505814
full_entity_operator_numeric_benchmark signed t5 cases 24 seconds 0.004062148975208402
full_entity_operator_numeric_benchmark unsigned t5 cases 24 seconds 0.0040706610307097435
{"logical_cases": 24, "entity_occurrences": 336, "unique_entities": {"target_node": 24, "background_node": 6, "model_pair": 12, "family": 2, "gene": 60, "model": 24}, "matrices": 13, "operator_nnz": {"signed|target_node": 24, "unsigned|target_node": 24, "signed|background_node": 24, "unsigned|background_node": 24, "signed|model_pair": 48, "unsigned|model_pair": 48, "signed|family": 0, "unsigned|family": 24, "signed|gene": 96, "unsigned|gene": 96, "signed|model": 96, "unsigned|model": 96, "contrast|family_intercept": 24}, "family_components": 2, "largest_component": 12, "sum_component_squared_sizes": 288, "trees": ["t1", "t2", "t3", "t4", "t5"], "kernel_gram_ranks": {"signed|t1": 4, "unsigned|t1": 4, "signed|t2": 4, "unsigned|t2": 4, "signed|t3": 4, "unsigned|t3": 4, "signed|t4": 4, "unsigned|t4": 4, "signed|t5": 4, "unsigned|t5": 4}, "zero_kernels": {"signed|t1": ["family"], "unsigned|t1": [], "signed|t2": ["family"], "unsigned|t2": [], "signed|t3": ["family"], "unsigned|t3": [], "signed|t4": ["family"], "unsigned|t4": [], "signed|t5": ["family"], "unsigned|t5": []}, "numerical_benchmarks": 10}
independent_full_entity_operator_benchmark signed t1 24
independent_full_entity_operator_benchmark unsigned t1 24
independent_full_entity_operator_benchmark signed t2 24
independent_full_entity_operator_benchmark unsigned t2 24
independent_full_entity_operator_benchmark signed t3 24
independent_full_entity_operator_benchmark unsigned t3 24
independent_full_entity_operator_benchmark signed t4 24
independent_full_entity_operator_benchmark unsigned t4 24
independent_full_entity_operator_benchmark signed t5 24
independent_full_entity_operator_benchmark unsigned t5 24
{"logical_cases": 24, "entity_occurrences": 336, "unique_entities": {"target_node": 24, "background_node": 6, "model_pair": 12, "family": 2, "gene": 60, "model": 24}, "matrices": 13, "operator_nnz": {"signed|target_node": 24, "unsigned|target_node": 24, "signed|background_node": 24, "unsigned|background_node": 24, "signed|model_pair": 48, "unsigned|model_pair": 48, "signed|family": 0, "unsigned|family": 24, "signed|gene": 96, "unsigned|gene": 96, "signed|model": 96, "unsigned|model": 96, "contrast|family_intercept": 24}, "family_components": 2, "largest_component": 12, "sum_component_squared_sizes": 288, "trees": ["t1", "t2", "t3", "t4", "t5"], "kernel_gram_ranks": {"signed|t1": 4, "unsigned|t1": 4, "signed|t2": 4, "unsigned|t2": 4, "signed|t3": 4, "unsigned|t3": 4, "signed|t4": 4, "unsigned|t4": 4, "signed|t5": 4, "unsigned|t5": 4}, "zero_kernels": {"signed|t1": ["family"], "unsigned|t1": [], "signed|t2": ["family"], "unsigned|t2": [], "signed|t3": ["family"], "unsigned|t3": [], "signed|t4": ["family"], "unsigned|t4": [], "signed|t5": ["family"], "unsigned|t5": []}, "numerical_benchmarks": 10}
{"status": "complete_full_four_control_covariance_source_census_pending_readback_v1", "checked_utc": "2026-10-04T10:00:55.455162+00:00", "plan_sha256": "dc98817d9da0be3922ef954c8c25d3f932e5241445b0e385ae0e852f1c807a1d", "source_contract": "5c78068c5eba8fe493eb29678b0d016317bf068ecdc088d32884c1b14d719441", "logical_cases": 24, "cohorts": 5, "case_row_occurrences": 56, "designs": 150, "fit_inputs": 300, "settings": 600, "design_status_counts": {"full_rank_design": 90, "insufficient_residual_dimension": 60}, "fit_input_status_counts": {"ready_for_working_covariance_fit": 150, "insufficient_residual_dimension": 120, "constant_response_requires_review": 30}, "setting_status_counts": {"ready_for_working_covariance_fit": 300, "insufficient_residual_dimension": 240, "constant_response_requires_review": 60}, "policy_basis_counts": {"uniform:signed:q5": 4, "uniform:unsigned:q5": 4, "background_node:signed:q5": 4, "background_node:unsigned:q5": 4, "background_pair:signed:q5": 3, "background_pair:unsigned:q5": 3, "family_component:signed:q5": 4, "family_component:unsigned:q5": 4, "uniform:signed:q4": 1, "uniform:unsigned:q4": 1, "background_node:signed:q4": 1, "background_node:unsigned:q4": 1, "background_pair:signed:q4": 1, "background_pair:unsigned:q4": 1, "family_component:signed:q4": 1, "family_component:unsigned:q4": 1, "background_pair:signed:q6": 1, "background_pair:unsigned:q6": 1}, "expected_numerical_audit_rows": 6000, "expected_setting_audit_links": 24000, "policies": ["uniform", "background_node", "background_pair", "family_component"], "trees": ["t1", "t2", "t3", "t4", "t5"], "loading_modes": ["signed", "unsigned"], "numerical_audits_computed": 0, "working_model_fits_computed": 0, "raw_reml_basis_qualification_complete": false, "scientific_eligibility": false}
{"status": "passed_full_four_control_covariance_source_census_readback_v1", "checked_utc": "2026-10-04T10:00:55.575154+00:00", "plan_sha256": "dc98817d9da0be3922ef954c8c25d3f932e5241445b0e385ae0e852f1c807a1d", "source_contract": "5c78068c5eba8fe493eb29678b0d016317bf068ecdc088d32884c1b14d719441", "logical_cases": 24, "cohorts": 5, "case_row_occurrences": 56, "designs": 150, "fit_inputs": 300, "settings": 600, "design_status_counts": {"full_rank_design": 90, "insufficient_residual_dimension": 60}, "fit_input_status_counts": {"ready_for_working_covariance_fit": 150, "insufficient_residual_dimension": 120, "constant_response_requires_review": 30}, "setting_status_counts": {"ready_for_working_covariance_fit": 300, "insufficient_residual_dimension": 240, "constant_response_requires_review": 60}, "policy_basis_counts": {"uniform:signed:q5": 4, "uniform:unsigned:q5": 4, "background_node:signed:q5": 4, "background_node:unsigned:q5": 4, "background_pair:signed:q5": 3, "background_pair:unsigned:q5": 3, "family_component:signed:q5": 4, "family_component:unsigned:q5": 4, "uniform:signed:q4": 1, "uniform:unsigned:q4": 1, "background_node:signed:q4": 1, "background_node:unsigned:q4": 1, "background_pair:signed:q4": 1, "background_pair:unsigned:q4": 1, "family_component:signed:q4": 1, "family_component:unsigned:q4": 1, "background_pair:signed:q6": 1, "background_pair:unsigned:q6": 1}, "expected_numerical_audit_rows": 6000, "expected_setting_audit_links": 24000, "policies": ["uniform", "background_node", "background_pair", "family_component"], "trees": ["t1", "t2", "t3", "t4", "t5"], "loading_modes": ["signed", "unsigned"], "numerical_audits_computed": 0, "working_model_fits_computed": 0, "raw_reml_basis_qualification_complete": false, "scientific_eligibility": false, "producer_receipt_sha256": "aa425f51dddfab2fe95acede94038e112a9481afe9c4d7bc0077709fa5e6e679"}
full_entity_operator_numeric_benchmark signed t1 cases 24 seconds 0.0042957429541274905
full_entity_operator_numeric_benchmark unsigned t1 cases 24 seconds 0.004095910000614822
full_entity_operator_numeric_benchmark signed t2 cases 24 seconds 0.0040820089634507895
full_entity_operator_numeric_benchmark unsigned t2 cases 24 seconds 0.004043760010972619
full_entity_operator_numeric_benchmark signed t3 cases 24 seconds 0.004198676906526089
full_entity_operator_numeric_benchmark unsigned t3 cases 24 seconds 0.0040995460003614426
full_entity_operator_numeric_benchmark signed t4 cases 24 seconds 0.004070651018992066
full_entity_operator_numeric_benchmark unsigned t4 cases 24 seconds 0.00407833291683346
full_entity_operator_numeric_benchmark signed t5 cases 24 seconds 0.004104963969439268
full_entity_operator_numeric_benchmark unsigned t5 cases 24 seconds 0.004024841007776558
{"logical_cases": 24, "entity_occurrences": 336, "unique_entities": {"target_node": 24, "background_node": 6, "model_pair": 12, "family": 2, "gene": 60, "model": 24}, "matrices": 13, "operator_nnz": {"signed|target_node": 24, "unsigned|target_node": 24, "signed|background_node": 24, "unsigned|background_node": 24, "signed|model_pair": 48, "unsigned|model_pair": 48, "signed|family": 0, "unsigned|family": 24, "signed|gene": 96, "unsigned|gene": 96, "signed|model": 96, "unsigned|model": 96, "contrast|family_intercept": 24}, "family_components": 2, "largest_component": 12, "sum_component_squared_sizes": 288, "trees": ["t1", "t2", "t3", "t4", "t5"], "kernel_gram_ranks": {"signed|t1": 4, "unsigned|t1": 4, "signed|t2": 4, "unsigned|t2": 4, "signed|t3": 4, "unsigned|t3": 4, "signed|t4": 4, "unsigned|t4": 4, "signed|t5": 4, "unsigned|t5": 4}, "zero_kernels": {"signed|t1": ["family"], "unsigned|t1": [], "signed|t2": ["family"], "unsigned|t2": [], "signed|t3": ["family"], "unsigned|t3": [], "signed|t4": ["family"], "unsigned|t4": [], "signed|t5": ["family"], "unsigned|t5": []}, "numerical_benchmarks": 10}
independent_full_entity_operator_benchmark signed t1 24
independent_full_entity_operator_benchmark unsigned t1 24
independent_full_entity_operator_benchmark signed t2 24
independent_full_entity_operator_benchmark unsigned t2 24
independent_full_entity_operator_benchmark signed t3 24
independent_full_entity_operator_benchmark unsigned t3 24
independent_full_entity_operator_benchmark signed t4 24
independent_full_entity_operator_benchmark unsigned t4 24
independent_full_entity_operator_benchmark signed t5 24
independent_full_entity_operator_benchmark unsigned t5 24
{"logical_cases": 24, "entity_occurrences": 336, "unique_entities": {"target_node": 24, "background_node": 6, "model_pair": 12, "family": 2, "gene": 60, "model": 24}, "matrices": 13, "operator_nnz": {"signed|target_node": 24, "unsigned|target_node": 24, "signed|background_node": 24, "unsigned|background_node": 24, "signed|model_pair": 48, "unsigned|model_pair": 48, "signed|family": 0, "unsigned|family": 24, "signed|gene": 96, "unsigned|gene": 96, "signed|model": 96, "unsigned|model": 96, "contrast|family_intercept": 24}, "family_components": 2, "largest_component": 12, "sum_component_squared_sizes": 288, "trees": ["t1", "t2", "t3", "t4", "t5"], "kernel_gram_ranks": {"signed|t1": 4, "unsigned|t1": 4, "signed|t2": 4, "unsigned|t2": 4, "signed|t3": 4, "unsigned|t3": 4, "signed|t4": 4, "unsigned|t4": 4, "signed|t5": 4, "unsigned|t5": 4}, "zero_kernels": {"signed|t1": ["family"], "unsigned|t1": [], "signed|t2": ["family"], "unsigned|t2": [], "signed|t3": ["family"], "unsigned|t3": [], "signed|t4": ["family"], "unsigned|t4": [], "signed|t5": ["family"], "unsigned|t5": []}, "numerical_benchmarks": 10}
{"status": "complete_full_four_control_covariance_source_census_pending_readback_v1", "checked_utc": "2026-10-04T10:00:56.287353+00:00", "plan_sha256": "58294890e36be17859533f79c252d0dcccfc4e912a821f9d8c6f43c0f08745be", "source_contract": "d746a5c685453e890331c8ae04247b13e5f15f3d73f49197cf2bc6b503f78fec", "logical_cases": 24, "cohorts": 5, "case_row_occurrences": 55, "designs": 150, "fit_inputs": 300, "settings": 600, "design_status_counts": {"full_rank_design": 90, "insufficient_residual_dimension": 60}, "fit_input_status_counts": {"ready_for_working_covariance_fit": 150, "insufficient_residual_dimension": 120, "constant_response_requires_review": 30}, "setting_status_counts": {"ready_for_working_covariance_fit": 300, "insufficient_residual_dimension": 240, "constant_response_requires_review": 60}, "policy_basis_counts": {"uniform:signed:q4": 5, "uniform:unsigned:q4": 5, "background_node:signed:q5": 4, "background_node:unsigned:q5": 4, "background_pair:signed:q5": 4, "background_pair:unsigned:q5": 4, "family_component:signed:q4": 4, "family_component:unsigned:q4": 4, "background_node:signed:q4": 1, "background_node:unsigned:q4": 1, "background_pair:signed:q4": 1, "background_pair:unsigned:q4": 1, "family_component:signed:q5": 1, "family_component:unsigned:q5": 1}, "expected_numerical_audit_rows": 6000, "expected_setting_audit_links": 24000, "policies": ["uniform", "background_node", "background_pair", "family_component"], "trees": ["t1", "t2", "t3", "t4", "t5"], "loading_modes": ["signed", "unsigned"], "numerical_audits_computed": 0, "working_model_fits_computed": 0, "raw_reml_basis_qualification_complete": false, "scientific_eligibility": false}
{"status": "passed_full_four_control_covariance_source_census_readback_v1", "checked_utc": "2026-10-04T10:00:56.407319+00:00", "plan_sha256": "58294890e36be17859533f79c252d0dcccfc4e912a821f9d8c6f43c0f08745be", "source_contract": "d746a5c685453e890331c8ae04247b13e5f15f3d73f49197cf2bc6b503f78fec", "logical_cases": 24, "cohorts": 5, "case_row_occurrences": 55, "designs": 150, "fit_inputs": 300, "settings": 600, "design_status_counts": {"full_rank_design": 90, "insufficient_residual_dimension": 60}, "fit_input_status_counts": {"ready_for_working_covariance_fit": 150, "insufficient_residual_dimension": 120, "constant_response_requires_review": 30}, "setting_status_counts": {"ready_for_working_covariance_fit": 300, "insufficient_residual_dimension": 240, "constant_response_requires_review": 60}, "policy_basis_counts": {"uniform:signed:q4": 5, "uniform:unsigned:q4": 5, "background_node:signed:q5": 4, "background_node:unsigned:q5": 4, "background_pair:signed:q5": 4, "background_pair:unsigned:q5": 4, "family_component:signed:q4": 4, "family_component:unsigned:q4": 4, "background_node:signed:q4": 1, "background_node:unsigned:q4": 1, "background_pair:signed:q4": 1, "background_pair:unsigned:q4": 1, "family_component:signed:q5": 1, "family_component:unsigned:q5": 1}, "expected_numerical_audit_rows": 6000, "expected_setting_audit_links": 24000, "policies": ["uniform", "background_node", "background_pair", "family_component"], "trees": ["t1", "t2", "t3", "t4", "t5"], "loading_modes": ["signed", "unsigned"], "numerical_audits_computed": 0, "working_model_fits_computed": 0, "raw_reml_basis_qualification_complete": false, "scientific_eligibility": false, "producer_receipt_sha256": "0cee1120741be915769bd31c0ce9a71a6336cd2463d2cca8b3d3dca6fa9ce932"}
full_entity_operator_numeric_benchmark signed t1 cases 24 seconds 0.004212787025608122
full_entity_operator_numeric_benchmark unsigned t1 cases 24 seconds 0.004045072942972183
full_entity_operator_numeric_benchmark signed t2 cases 24 seconds 0.004058422986418009
full_entity_operator_numeric_benchmark unsigned t2 cases 24 seconds 0.003990459023043513
full_entity_operator_numeric_benchmark signed t3 cases 24 seconds 0.0040153879672288895
full_entity_operator_numeric_benchmark unsigned t3 cases 24 seconds 0.0040195840410888195
full_entity_operator_numeric_benchmark signed t4 cases 24 seconds 0.004046104033477604
full_entity_operator_numeric_benchmark unsigned t4 cases 24 seconds 0.004012853023596108
full_entity_operator_numeric_benchmark signed t5 cases 24 seconds 0.004031672957353294
full_entity_operator_numeric_benchmark unsigned t5 cases 24 seconds 0.004000363987870514
{"logical_cases": 24, "entity_occurrences": 336, "unique_entities": {"target_node": 24, "background_node": 6, "model_pair": 12, "family": 2, "gene": 60, "model": 24}, "matrices": 13, "operator_nnz": {"signed|target_node": 24, "unsigned|target_node": 24, "signed|background_node": 24, "unsigned|background_node": 24, "signed|model_pair": 48, "unsigned|model_pair": 48, "signed|family": 0, "unsigned|family": 24, "signed|gene": 96, "unsigned|gene": 96, "signed|model": 96, "unsigned|model": 96, "contrast|family_intercept": 24}, "family_components": 2, "largest_component": 12, "sum_component_squared_sizes": 288, "trees": ["t1", "t2", "t3", "t4", "t5"], "kernel_gram_ranks": {"signed|t1": 4, "unsigned|t1": 4, "signed|t2": 4, "unsigned|t2": 4, "signed|t3": 4, "unsigned|t3": 4, "signed|t4": 4, "unsigned|t4": 4, "signed|t5": 4, "unsigned|t5": 4}, "zero_kernels": {"signed|t1": ["family"], "unsigned|t1": [], "signed|t2": ["family"], "unsigned|t2": [], "signed|t3": ["family"], "unsigned|t3": [], "signed|t4": ["family"], "unsigned|t4": [], "signed|t5": ["family"], "unsigned|t5": []}, "numerical_benchmarks": 10}
independent_full_entity_operator_benchmark signed t1 24
independent_full_entity_operator_benchmark unsigned t1 24
independent_full_entity_operator_benchmark signed t2 24
independent_full_entity_operator_benchmark unsigned t2 24
independent_full_entity_operator_benchmark signed t3 24
independent_full_entity_operator_benchmark unsigned t3 24
independent_full_entity_operator_benchmark signed t4 24
independent_full_entity_operator_benchmark unsigned t4 24
independent_full_entity_operator_benchmark signed t5 24
independent_full_entity_operator_benchmark unsigned t5 24
{"logical_cases": 24, "entity_occurrences": 336, "unique_entities": {"target_node": 24, "background_node": 6, "model_pair": 12, "family": 2, "gene": 60, "model": 24}, "matrices": 13, "operator_nnz": {"signed|target_node": 24, "unsigned|target_node": 24, "signed|background_node": 24, "unsigned|background_node": 24, "signed|model_pair": 48, "unsigned|model_pair": 48, "signed|family": 0, "unsigned|family": 24, "signed|gene": 96, "unsigned|gene": 96, "signed|model": 96, "unsigned|model": 96, "contrast|family_intercept": 24}, "family_components": 2, "largest_component": 12, "sum_component_squared_sizes": 288, "trees": ["t1", "t2", "t3", "t4", "t5"], "kernel_gram_ranks": {"signed|t1": 4, "unsigned|t1": 4, "signed|t2": 4, "unsigned|t2": 4, "signed|t3": 4, "unsigned|t3": 4, "signed|t4": 4, "unsigned|t4": 4, "signed|t5": 4, "unsigned|t5": 4}, "zero_kernels": {"signed|t1": ["family"], "unsigned|t1": [], "signed|t2": ["family"], "unsigned|t2": [], "signed|t3": ["family"], "unsigned|t3": [], "signed|t4": ["family"], "unsigned|t4": [], "signed|t5": ["family"], "unsigned|t5": []}, "numerical_benchmarks": 10}
{"status": "complete_full_four_control_covariance_source_census_pending_readback_v1", "checked_utc": "2026-10-04T10:00:57.109028+00:00", "plan_sha256": "4337e042d097aa6fe230ba6fe98b9441339429614b9303fff4167975e179bcad", "source_contract": "5744b2dca460a70163da5f2126e34d2e7bd937f915b43a7535b32a2997769403", "logical_cases": 24, "cohorts": 5, "case_row_occurrences": 55, "designs": 150, "fit_inputs": 300, "settings": 600, "design_status_counts": {"full_rank_design": 90, "insufficient_residual_dimension": 60}, "fit_input_status_counts": {"ready_for_working_covariance_fit": 150, "insufficient_residual_dimension": 120, "constant_response_requires_review": 30}, "setting_status_counts": {"ready_for_working_covariance_fit": 300, "insufficient_residual_dimension": 240, "constant_response_requires_review": 60}, "policy_basis_counts": {"uniform:signed:q5": 5, "uniform:unsigned:q5": 5, "background_node:signed:q6": 4, "background_node:unsigned:q6": 4, "background_pair:signed:q6": 4, "background_pair:unsigned:q6": 4, "family_component:signed:q5": 4, "family_component:unsigned:q5": 4, "background_node:signed:q5": 1, "background_node:unsigned:q5": 1, "background_pair:signed:q5": 1, "background_pair:unsigned:q5": 1, "family_component:signed:q6": 1, "family_component:unsigned:q6": 1}, "expected_numerical_audit_rows": 6000, "expected_setting_audit_links": 24000, "policies": ["uniform", "background_node", "background_pair", "family_component"], "trees": ["t1", "t2", "t3", "t4", "t5"], "loading_modes": ["signed", "unsigned"], "numerical_audits_computed": 0, "working_model_fits_computed": 0, "raw_reml_basis_qualification_complete": false, "scientific_eligibility": false}
{"status": "passed_full_four_control_covariance_source_census_readback_v1", "checked_utc": "2026-10-04T10:00:57.229521+00:00", "plan_sha256": "4337e042d097aa6fe230ba6fe98b9441339429614b9303fff4167975e179bcad", "source_contract": "5744b2dca460a70163da5f2126e34d2e7bd937f915b43a7535b32a2997769403", "logical_cases": 24, "cohorts": 5, "case_row_occurrences": 55, "designs": 150, "fit_inputs": 300, "settings": 600, "design_status_counts": {"full_rank_design": 90, "insufficient_residual_dimension": 60}, "fit_input_status_counts": {"ready_for_working_covariance_fit": 150, "insufficient_residual_dimension": 120, "constant_response_requires_review": 30}, "setting_status_counts": {"ready_for_working_covariance_fit": 300, "insufficient_residual_dimension": 240, "constant_response_requires_review": 60}, "policy_basis_counts": {"uniform:signed:q5": 5, "uniform:unsigned:q5": 5, "background_node:signed:q6": 4, "background_node:unsigned:q6": 4, "background_pair:signed:q6": 4, "background_pair:unsigned:q6": 4, "family_component:signed:q5": 4, "family_component:unsigned:q5": 4, "background_node:signed:q5": 1, "background_node:unsigned:q5": 1, "background_pair:signed:q5": 1, "background_pair:unsigned:q5": 1, "family_component:signed:q6": 1, "family_component:unsigned:q6": 1}, "expected_numerical_audit_rows": 6000, "expected_setting_audit_links": 24000, "policies": ["uniform", "background_node", "background_pair", "family_component"], "trees": ["t1", "t2", "t3", "t4", "t5"], "loading_modes": ["signed", "unsigned"], "numerical_audits_computed": 0, "working_model_fits_computed": 0, "raw_reml_basis_qualification_complete": false, "scientific_eligibility": false, "producer_receipt_sha256": "46cc118ce4a0db84c9e678009989b49ff05e0bf996c3d5d1738da207364fe2ac"}
