{
  "status": "passed_literal_full_atlas_coordinate_confidence_profile_checks",
  "checked_utc": "2026-10-05T18:09:03.340847+00:00",
  "checks": [
    "literal_C_alpha_geometry_exact_float64_without_PDB_rounding",
    "literal_sequence_and_inclusive50_70_90_confidence_boundaries",
    "missing_backbone_retained_without_silent_drop",
    "nonfinite_coordinate_rejected",
    "out_of_bounds_confidence_rejected",
    "residue_sequence_mismatch_rejected",
    "incomplete_C_alpha_rejected",
    "multiple_chains_rejected",
    "source_bound_tar_member_roundtrip_and_full_shard_dispositions",
    "immutable_source_corruption_fails_stage_without_completed_shard"
  ],
  "scientific_eligibility": false,
  "gpu": false,
  "new_predictions": 0,
  "scope": "Literal coordinate/confidence/sequence expectations and controlled rejection/corruption tests; no corpus subset pilot, source-accuracy calibration or biological qualification. Full source-model native audit and independent readback remain required."
}
