{
  "status": "passed_offline_independent_genomic_CDS_full_source_replay_controls",
  "checked_utc": "2026-10-05T22:12:29.119764+00:00",
  "checks": [
    "hand_calculated_all_IUPAC_complements_and_case",
    "ncbi_protein_gff:every_literal_coordinate_candidate_CDS_product_replayed",
    "transcript_gff:every_literal_coordinate_candidate_CDS_product_replayed",
    "creolimax_gtf:every_literal_coordinate_candidate_CDS_product_replayed",
    "verified_orf_coordinates:every_literal_coordinate_candidate_CDS_product_replayed",
    "duplicate_gene_and_transcript_reference_does_not_duplicate_exon",
    "unavailable_genome_keeps_all_source_and_target_records",
    "unqualified_CDS_target_keeps_products_without_transcript_substitution",
    "independent_reader_rejects_coordinate_end_despite_rebound_hash",
    "independent_reader_rejects_candidate_sequence_hash_despite_rebound_hash",
    "independent_reader_rejects_original_phase_despite_rebound_hash",
    "independent_reader_rejects_explicit_order_despite_rebound_hash",
    "independent_reader_rejects_lost_exception_despite_rebound_hash",
    "independent_reader_rejects_target_sequence_hash_despite_rebound_hash",
    "independent_reader_rejects_matching_locus_despite_rebound_hash",
    "independent_reader_rejects_target_header_despite_rebound_hash",
    "independent_reader_rejects_alternative_selection_despite_rebound_hash",
    "independent_reader_rejects_missing_unresolved_product_despite_rebound_hash"
  ],
  "count": 18,
  "scientific_eligibility": false,
  "corpus_pilot": false,
  "gpu": false,
  "new_predictions": 0,
  "scope": "Hand IUPAC complement, all four source modes, duplicate reference/missing source/target retention and10rebound-hash semantic corruptions. Reader imports no producer decoder, grouping or complement implementation. Literal software evidence only; no full corpus or biological acceptance."
}
