{
  "status": "verified_original_domain_native_completion_api_terminal_unavailable",
  "checked_utc": "2026-10-06T03:59:22.267115+00:00",
  "original_tool_session_id": 64749,
  "original_tool_terminal_exit_code": null,
  "original_tool_terminal_available": false,
  "original_native_exit_code": 0,
  "original_native_exit_proof_available": true,
  "whole_wrapper_initial_and_terminal_payloads_matched": true,
  "manager_start_records": 1,
  "manager_completion_records": 1,
  "exact_wrapper_pid_journal_entries": 2,
  "counts": {
    "models": 976357,
    "intervals": 2454565,
    "exported": 2454565,
    "rejected": 0,
    "missing_backbone_intervals": 0
  },
  "shards": 977,
  "native_work_repeated": false,
  "unit": "fungal-completed-domain-coordinates-20261005-v1.service",
  "invocation_id": "5ded6cb02d854946ab9215ae72d2f9e4",
  "validation_sha256": "2e67b53192132fec0e5dbe0925e5f7f2a5fa327a590cb995fc60f4ba7fc9beb9",
  "original_wall_seconds": 35718.939458218054,
  "producer_declared_source_files": 3972,
  "producer_source_archive": "results/domains/full-domain-native-closure-20261006-v1/producer-source-bindings.json",
  "producer_source_archive_sha256": "d0e6eeb03b7d0c158b0d919cc2531207bcd069d63eb332a826ef4d7c9f3545d1",
  "all_bulk_sources_freshly_rehashed_here": false,
  "original_producer_rehashed_sources_before_terminal": true,
  "original_journal": "results/domains/full-domain-native-closure-20261006-v1/original-invocation-journal.jsonl",
  "independent_atom_readback_complete": false,
  "scientific_eligibility": false,
  "gpu": false,
  "new_predictions": 0,
  "scope": "Exact original native wrapper/child/configuration, complete original start/end payloads and invocation-linked manager records prove native zero completion. Original API64749 is unavailable and its terminal remains null, never imputed zero. Original producer bulk-source hashes are retained as expected digests; a separate full reader must freshly replay shards/CIF atoms. No extraction restart or biological acceptance."
}
