independent_full_raw_tree_projection_verified 0 exclude_below10_both_alignments coal:mafft:sh_alrt10
independent_full_raw_tree_projection_verified 1 exclude_below10_both_alignments coal:mafft:sh_alrt80
independent_full_raw_tree_projection_verified 2 exclude_below10_both_alignments coal:mafft:uncontracted
independent_full_raw_tree_projection_verified 3 exclude_below10_both_alignments coal:profile:sh_alrt10
independent_full_raw_tree_projection_verified 4 exclude_below10_both_alignments coal:profile:sh_alrt80
independent_full_raw_tree_projection_verified 5 exclude_below10_both_alignments coal:profile:uncontracted
independent_full_raw_tree_projection_verified 6 exclude_below10_both_alignments concat:mafft_mafft:consensus
independent_full_raw_tree_projection_verified 7 exclude_below10_both_alignments concat:mafft_mafft:ml
independent_full_raw_tree_projection_verified 8 exclude_below10_both_alignments concat:mafft_profile:consensus
independent_full_raw_tree_projection_verified 9 exclude_below10_both_alignments concat:mafft_profile:ml
independent_full_raw_tree_projection_verified 10 exclude_below10_both_alignments concat:profile_mafft:consensus
independent_full_raw_tree_projection_verified 11 exclude_below10_both_alignments concat:profile_mafft:ml
independent_full_raw_tree_projection_verified 12 exclude_below10_both_alignments concat:profile_profile:consensus
independent_full_raw_tree_projection_verified 13 exclude_below10_both_alignments concat:profile_profile:ml
independent_full_raw_tree_projection_verified 14 exclude_curated_hybrids coal:mafft:sh_alrt10
independent_full_raw_tree_projection_verified 15 exclude_curated_hybrids coal:mafft:sh_alrt80
independent_full_raw_tree_projection_verified 16 exclude_curated_hybrids coal:mafft:uncontracted
independent_full_raw_tree_projection_verified 17 exclude_curated_hybrids coal:profile:sh_alrt10
independent_full_raw_tree_projection_verified 18 exclude_curated_hybrids coal:profile:sh_alrt80
independent_full_raw_tree_projection_verified 19 exclude_curated_hybrids coal:profile:uncontracted
independent_full_raw_tree_projection_verified 20 exclude_curated_hybrids concat:mafft_mafft:consensus
independent_full_raw_tree_projection_verified 21 exclude_curated_hybrids concat:mafft_mafft:ml
independent_full_raw_tree_projection_verified 22 exclude_curated_hybrids concat:mafft_profile:consensus
independent_full_raw_tree_projection_verified 23 exclude_curated_hybrids concat:mafft_profile:ml
independent_full_raw_tree_projection_verified 24 exclude_curated_hybrids concat:profile_mafft:consensus
independent_full_raw_tree_projection_verified 25 exclude_curated_hybrids concat:profile_mafft:ml
independent_full_raw_tree_projection_verified 26 exclude_curated_hybrids concat:profile_profile:consensus
independent_full_raw_tree_projection_verified 27 exclude_curated_hybrids concat:profile_profile:ml
independent_full_raw_tree_projection_verified 28 exclude_hybrids_and_uncertain_labels coal:mafft:sh_alrt10
independent_full_raw_tree_projection_verified 29 exclude_hybrids_and_uncertain_labels coal:mafft:sh_alrt80
independent_full_raw_tree_projection_verified 30 exclude_hybrids_and_uncertain_labels coal:mafft:uncontracted
independent_full_raw_tree_projection_verified 31 exclude_hybrids_and_uncertain_labels coal:profile:sh_alrt10
independent_full_raw_tree_projection_verified 32 exclude_hybrids_and_uncertain_labels coal:profile:sh_alrt80
independent_full_raw_tree_projection_verified 33 exclude_hybrids_and_uncertain_labels coal:profile:uncontracted
independent_full_raw_tree_projection_verified 34 exclude_hybrids_and_uncertain_labels concat:mafft_mafft:consensus
independent_full_raw_tree_projection_verified 35 exclude_hybrids_and_uncertain_labels concat:mafft_mafft:ml
independent_full_raw_tree_projection_verified 36 exclude_hybrids_and_uncertain_labels concat:mafft_profile:consensus
independent_full_raw_tree_projection_verified 37 exclude_hybrids_and_uncertain_labels concat:mafft_profile:ml
independent_full_raw_tree_projection_verified 38 exclude_hybrids_and_uncertain_labels concat:profile_mafft:consensus
independent_full_raw_tree_projection_verified 39 exclude_hybrids_and_uncertain_labels concat:profile_mafft:ml
independent_full_raw_tree_projection_verified 40 exclude_hybrids_and_uncertain_labels concat:profile_profile:consensus
independent_full_raw_tree_projection_verified 41 exclude_hybrids_and_uncertain_labels concat:profile_profile:ml
independent_full_raw_tree_projection_verified 42 exclude_sparse_boundary_taxon coal:mafft:sh_alrt10
independent_full_raw_tree_projection_verified 43 exclude_sparse_boundary_taxon coal:mafft:sh_alrt80
independent_full_raw_tree_projection_verified 44 exclude_sparse_boundary_taxon coal:mafft:uncontracted
independent_full_raw_tree_projection_verified 45 exclude_sparse_boundary_taxon coal:profile:sh_alrt10
independent_full_raw_tree_projection_verified 46 exclude_sparse_boundary_taxon coal:profile:sh_alrt80
independent_full_raw_tree_projection_verified 47 exclude_sparse_boundary_taxon coal:profile:uncontracted
independent_full_raw_tree_projection_verified 48 exclude_sparse_boundary_taxon concat:mafft_mafft:consensus
independent_full_raw_tree_projection_verified 49 exclude_sparse_boundary_taxon concat:mafft_mafft:ml
independent_full_raw_tree_projection_verified 50 exclude_sparse_boundary_taxon concat:mafft_profile:consensus
independent_full_raw_tree_projection_verified 51 exclude_sparse_boundary_taxon concat:mafft_profile:ml
independent_full_raw_tree_projection_verified 52 exclude_sparse_boundary_taxon concat:profile_mafft:consensus
independent_full_raw_tree_projection_verified 53 exclude_sparse_boundary_taxon concat:profile_mafft:ml
independent_full_raw_tree_projection_verified 54 exclude_sparse_boundary_taxon concat:profile_profile:consensus
independent_full_raw_tree_projection_verified 55 exclude_sparse_boundary_taxon concat:profile_profile:ml
independent_full_raw_tree_projection_verified 56 full_primary coal:mafft:sh_alrt10
independent_full_raw_tree_projection_verified 57 full_primary coal:mafft:sh_alrt80
independent_full_raw_tree_projection_verified 58 full_primary coal:mafft:uncontracted
independent_full_raw_tree_projection_verified 59 full_primary coal:profile:sh_alrt10
independent_full_raw_tree_projection_verified 60 full_primary coal:profile:sh_alrt80
independent_full_raw_tree_projection_verified 61 full_primary coal:profile:uncontracted
independent_full_raw_tree_projection_verified 62 full_primary concat:mafft_mafft:consensus
independent_full_raw_tree_projection_verified 63 full_primary concat:mafft_mafft:ml
independent_full_raw_tree_projection_verified 64 full_primary concat:mafft_profile:consensus
independent_full_raw_tree_projection_verified 65 full_primary concat:mafft_profile:ml
independent_full_raw_tree_projection_verified 66 full_primary concat:profile_mafft:consensus
independent_full_raw_tree_projection_verified 67 full_primary concat:profile_mafft:ml
independent_full_raw_tree_projection_verified 68 full_primary concat:profile_profile:consensus
independent_full_raw_tree_projection_verified 69 full_primary concat:profile_profile:ml
{
  "status": "passed_full_structural_marker_raw_tree_projection_readback",
  "checked_utc": "2026-10-03T12:08:55.365187+00:00",
  "producer": "metadata/structural_marker_tree_projection_producer_20261003_v1.json",
  "producer_sha256": "061c25afb6aaf8f2b88cdecc60e9705609624a50ae3142066892d0c1bbdf64b7",
  "tree_views": 70,
  "cohorts": 5,
  "projection_cases": 17500,
  "branch_projection_cells": 9047500,
  "status_counts": {
    "insufficient_family_taxa": 122570,
    "no_observations_on_one_side": 2155616,
    "terminal_projection": 1974027,
    "unique_internal_projection": 3011806,
    "shared_internal_projection": 1783481
  },
  "dendropy_version": "5.0.8",
  "scientific_eligibility": false
}
