independent_coding_structure_source_replay 1 /526
independent_coding_structure_source_replay 2 /526
independent_coding_structure_source_replay 3 /526
independent_coding_structure_source_replay 4 /526
independent_coding_structure_source_replay 5 /526
independent_coding_structure_source_replay 6 /526
independent_coding_structure_source_replay 7 /526
independent_coding_structure_source_replay 8 /526
independent_coding_structure_source_replay 9 /526
independent_coding_structure_source_replay 10 /526
independent_coding_structure_source_replay 11 /526
independent_coding_structure_source_replay 12 /526
independent_coding_structure_source_replay 13 /526
independent_coding_structure_source_replay 14 /526
independent_coding_structure_source_replay 15 /526
independent_coding_structure_source_replay 16 /526
independent_coding_structure_source_replay 17 /526
independent_coding_structure_source_replay 18 /526
independent_coding_structure_source_replay 19 /526
independent_coding_structure_source_replay 20 /526
independent_coding_structure_source_replay 21 /526
independent_coding_structure_source_replay 22 /526
independent_coding_structure_source_replay 23 /526
independent_coding_structure_source_replay 24 /526
independent_coding_structure_source_replay 25 /526
independent_coding_structure_source_replay 26 /526
independent_coding_structure_source_replay 27 /526
independent_coding_structure_source_replay 28 /526
independent_coding_structure_source_replay 29 /526
independent_coding_structure_source_replay 30 /526
independent_coding_structure_source_replay 31 /526
independent_coding_structure_source_replay 32 /526
independent_coding_structure_source_replay 33 /526
independent_coding_structure_source_replay 34 /526
independent_coding_structure_source_replay 35 /526
independent_coding_structure_source_replay 36 /526
independent_coding_structure_source_replay 37 /526
independent_coding_structure_source_replay 38 /526
independent_coding_structure_source_replay 39 /526
independent_coding_structure_source_replay 40 /526
independent_coding_structure_source_replay 41 /526
independent_coding_structure_source_replay 42 /526
independent_coding_structure_source_replay 43 /526
independent_coding_structure_source_replay 44 /526
independent_coding_structure_source_replay 45 /526
independent_coding_structure_source_replay 46 /526
independent_coding_structure_source_replay 47 /526
independent_coding_structure_source_replay 48 /526
independent_coding_structure_source_replay 49 /526
independent_coding_structure_source_replay 50 /526
independent_coding_structure_source_replay 51 /526
independent_coding_structure_source_replay 52 /526
independent_coding_structure_source_replay 53 /526
independent_coding_structure_source_replay 54 /526
independent_coding_structure_source_replay 55 /526
independent_coding_structure_source_replay 56 /526
independent_coding_structure_source_replay 57 /526
independent_coding_structure_source_replay 58 /526
independent_coding_structure_source_replay 59 /526
independent_coding_structure_source_replay 60 /526
independent_coding_structure_source_replay 61 /526
independent_coding_structure_source_replay 62 /526
independent_coding_structure_source_replay 63 /526
independent_coding_structure_source_replay 64 /526
independent_coding_structure_source_replay 65 /526
independent_coding_structure_source_replay 66 /526
independent_coding_structure_source_replay 67 /526
independent_coding_structure_source_replay 68 /526
independent_coding_structure_source_replay 69 /526
independent_coding_structure_source_replay 70 /526
independent_coding_structure_source_replay 71 /526
independent_coding_structure_source_replay 72 /526
independent_coding_structure_source_replay 73 /526
independent_coding_structure_source_replay 74 /526
independent_coding_structure_source_replay 75 /526
independent_coding_structure_source_replay 76 /526
independent_coding_structure_source_replay 77 /526
independent_coding_structure_source_replay 78 /526
independent_coding_structure_source_replay 79 /526
independent_coding_structure_source_replay 80 /526
independent_coding_structure_source_replay 81 /526
independent_coding_structure_source_replay 82 /526
independent_coding_structure_source_replay 83 /526
independent_coding_structure_source_replay 84 /526
independent_coding_structure_source_replay 85 /526
independent_coding_structure_source_replay 86 /526
independent_coding_structure_source_replay 87 /526
independent_coding_structure_source_replay 88 /526
independent_coding_structure_source_replay 89 /526
independent_coding_structure_source_replay 90 /526
independent_coding_structure_source_replay 91 /526
independent_coding_structure_source_replay 92 /526
independent_coding_structure_source_replay 93 /526
independent_coding_structure_source_replay 94 /526
independent_coding_structure_source_replay 95 /526
independent_coding_structure_source_replay 96 /526
independent_coding_structure_source_replay 97 /526
independent_coding_structure_source_replay 98 /526
independent_coding_structure_source_replay 99 /526
independent_coding_structure_source_replay 100 /526
independent_coding_structure_source_replay 101 /526
independent_coding_structure_source_replay 102 /526
independent_coding_structure_source_replay 103 /526
independent_coding_structure_source_replay 104 /526
independent_coding_structure_source_replay 105 /526
independent_coding_structure_source_replay 106 /526
independent_coding_structure_source_replay 107 /526
independent_coding_structure_source_replay 108 /526
independent_coding_structure_source_replay 109 /526
independent_coding_structure_source_replay 110 /526
independent_coding_structure_source_replay 111 /526
independent_coding_structure_source_replay 112 /526
independent_coding_structure_source_replay 113 /526
independent_coding_structure_source_replay 114 /526
independent_coding_structure_source_replay 115 /526
independent_coding_structure_source_replay 116 /526
independent_coding_structure_source_replay 117 /526
independent_coding_structure_source_replay 118 /526
independent_coding_structure_source_replay 119 /526
independent_coding_structure_source_replay 120 /526
independent_coding_structure_source_replay 121 /526
independent_coding_structure_source_replay 122 /526
independent_coding_structure_source_replay 123 /526
independent_coding_structure_source_replay 124 /526
independent_coding_structure_source_replay 125 /526
independent_coding_structure_source_replay 126 /526
independent_coding_structure_source_replay 127 /526
independent_coding_structure_source_replay 128 /526
independent_coding_structure_source_replay 129 /526
independent_coding_structure_source_replay 130 /526
independent_coding_structure_source_replay 131 /526
independent_coding_structure_source_replay 132 /526
independent_coding_structure_source_replay 133 /526
independent_coding_structure_source_replay 134 /526
independent_coding_structure_source_replay 135 /526
independent_coding_structure_source_replay 136 /526
independent_coding_structure_source_replay 137 /526
independent_coding_structure_source_replay 138 /526
independent_coding_structure_source_replay 139 /526
independent_coding_structure_source_replay 140 /526
independent_coding_structure_source_replay 141 /526
independent_coding_structure_source_replay 142 /526
independent_coding_structure_source_replay 143 /526
independent_coding_structure_source_replay 144 /526
independent_coding_structure_source_replay 145 /526
independent_coding_structure_source_replay 146 /526
independent_coding_structure_source_replay 147 /526
independent_coding_structure_source_replay 148 /526
independent_coding_structure_source_replay 149 /526
independent_coding_structure_source_replay 150 /526
independent_coding_structure_source_replay 151 /526
independent_coding_structure_source_replay 152 /526
independent_coding_structure_source_replay 153 /526
independent_coding_structure_source_replay 154 /526
independent_coding_structure_source_replay 155 /526
independent_coding_structure_source_replay 156 /526
independent_coding_structure_source_replay 157 /526
independent_coding_structure_source_replay 158 /526
independent_coding_structure_source_replay 159 /526
independent_coding_structure_source_replay 160 /526
independent_coding_structure_source_replay 161 /526
independent_coding_structure_source_replay 162 /526
independent_coding_structure_source_replay 163 /526
independent_coding_structure_source_replay 164 /526
independent_coding_structure_source_replay 165 /526
independent_coding_structure_source_replay 166 /526
independent_coding_structure_source_replay 167 /526
independent_coding_structure_source_replay 168 /526
independent_coding_structure_source_replay 169 /526
independent_coding_structure_source_replay 170 /526
independent_coding_structure_source_replay 171 /526
independent_coding_structure_source_replay 172 /526
independent_coding_structure_source_replay 173 /526
independent_coding_structure_source_replay 174 /526
independent_coding_structure_source_replay 175 /526
independent_coding_structure_source_replay 176 /526
independent_coding_structure_source_replay 177 /526
independent_coding_structure_source_replay 178 /526
independent_coding_structure_source_replay 179 /526
independent_coding_structure_source_replay 180 /526
independent_coding_structure_source_replay 181 /526
independent_coding_structure_source_replay 182 /526
independent_coding_structure_source_replay 183 /526
independent_coding_structure_source_replay 184 /526
independent_coding_structure_source_replay 185 /526
independent_coding_structure_source_replay 186 /526
independent_coding_structure_source_replay 187 /526
independent_coding_structure_source_replay 188 /526
independent_coding_structure_source_replay 189 /526
independent_coding_structure_source_replay 190 /526
independent_coding_structure_source_replay 191 /526
independent_coding_structure_source_replay 192 /526
independent_coding_structure_source_replay 193 /526
independent_coding_structure_source_replay 194 /526
independent_coding_structure_source_replay 195 /526
independent_coding_structure_source_replay 196 /526
independent_coding_structure_source_replay 197 /526
independent_coding_structure_source_replay 198 /526
independent_coding_structure_source_replay 199 /526
independent_coding_structure_source_replay 200 /526
independent_coding_structure_source_replay 201 /526
independent_coding_structure_source_replay 202 /526
independent_coding_structure_source_replay 203 /526
independent_coding_structure_source_replay 204 /526
independent_coding_structure_source_replay 205 /526
independent_coding_structure_source_replay 206 /526
independent_coding_structure_source_replay 207 /526
independent_coding_structure_source_replay 208 /526
independent_coding_structure_source_replay 209 /526
independent_coding_structure_source_replay 210 /526
independent_coding_structure_source_replay 211 /526
independent_coding_structure_source_replay 212 /526
independent_coding_structure_source_replay 213 /526
independent_coding_structure_source_replay 214 /526
independent_coding_structure_source_replay 215 /526
independent_coding_structure_source_replay 216 /526
independent_coding_structure_source_replay 217 /526
independent_coding_structure_source_replay 218 /526
independent_coding_structure_source_replay 219 /526
independent_coding_structure_source_replay 220 /526
independent_coding_structure_source_replay 221 /526
independent_coding_structure_source_replay 222 /526
independent_coding_structure_source_replay 223 /526
independent_coding_structure_source_replay 224 /526
independent_coding_structure_source_replay 225 /526
independent_coding_structure_source_replay 226 /526
independent_coding_structure_source_replay 227 /526
independent_coding_structure_source_replay 228 /526
independent_coding_structure_source_replay 229 /526
independent_coding_structure_source_replay 230 /526
independent_coding_structure_source_replay 231 /526
independent_coding_structure_source_replay 232 /526
independent_coding_structure_source_replay 233 /526
independent_coding_structure_source_replay 234 /526
independent_coding_structure_source_replay 235 /526
independent_coding_structure_source_replay 236 /526
independent_coding_structure_source_replay 237 /526
independent_coding_structure_source_replay 238 /526
independent_coding_structure_source_replay 239 /526
independent_coding_structure_source_replay 240 /526
independent_coding_structure_source_replay 241 /526
independent_coding_structure_source_replay 242 /526
independent_coding_structure_source_replay 243 /526
independent_coding_structure_source_replay 244 /526
independent_coding_structure_source_replay 245 /526
independent_coding_structure_source_replay 246 /526
independent_coding_structure_source_replay 247 /526
independent_coding_structure_source_replay 248 /526
independent_coding_structure_source_replay 249 /526
independent_coding_structure_source_replay 250 /526
independent_coding_structure_source_replay 251 /526
independent_coding_structure_source_replay 252 /526
independent_coding_structure_source_replay 253 /526
independent_coding_structure_source_replay 254 /526
independent_coding_structure_source_replay 255 /526
independent_coding_structure_source_replay 256 /526
independent_coding_structure_source_replay 257 /526
independent_coding_structure_source_replay 258 /526
independent_coding_structure_source_replay 259 /526
independent_coding_structure_source_replay 260 /526
independent_coding_structure_source_replay 261 /526
independent_coding_structure_source_replay 262 /526
independent_coding_structure_source_replay 263 /526
independent_coding_structure_source_replay 264 /526
independent_coding_structure_source_replay 265 /526
independent_coding_structure_source_replay 266 /526
independent_coding_structure_source_replay 267 /526
independent_coding_structure_source_replay 268 /526
independent_coding_structure_source_replay 269 /526
independent_coding_structure_source_replay 270 /526
independent_coding_structure_source_replay 271 /526
independent_coding_structure_source_replay 272 /526
independent_coding_structure_source_replay 273 /526
independent_coding_structure_source_replay 274 /526
independent_coding_structure_source_replay 275 /526
independent_coding_structure_source_replay 276 /526
independent_coding_structure_source_replay 277 /526
independent_coding_structure_source_replay 278 /526
independent_coding_structure_source_replay 279 /526
independent_coding_structure_source_replay 280 /526
independent_coding_structure_source_replay 281 /526
independent_coding_structure_source_replay 282 /526
independent_coding_structure_source_replay 283 /526
independent_coding_structure_source_replay 284 /526
independent_coding_structure_source_replay 285 /526
independent_coding_structure_source_replay 286 /526
independent_coding_structure_source_replay 287 /526
independent_coding_structure_source_replay 288 /526
independent_coding_structure_source_replay 289 /526
independent_coding_structure_source_replay 290 /526
independent_coding_structure_source_replay 291 /526
independent_coding_structure_source_replay 292 /526
independent_coding_structure_source_replay 293 /526
independent_coding_structure_source_replay 294 /526
independent_coding_structure_source_replay 295 /526
independent_coding_structure_source_replay 296 /526
independent_coding_structure_source_replay 297 /526
independent_coding_structure_source_replay 298 /526
independent_coding_structure_source_replay 299 /526
independent_coding_structure_source_replay 300 /526
independent_coding_structure_source_replay 301 /526
independent_coding_structure_source_replay 302 /526
independent_coding_structure_source_replay 303 /526
independent_coding_structure_source_replay 304 /526
independent_coding_structure_source_replay 305 /526
independent_coding_structure_source_replay 306 /526
independent_coding_structure_source_replay 307 /526
independent_coding_structure_source_replay 308 /526
independent_coding_structure_source_replay 309 /526
independent_coding_structure_source_replay 310 /526
independent_coding_structure_source_replay 311 /526
independent_coding_structure_source_replay 312 /526
independent_coding_structure_source_replay 313 /526
independent_coding_structure_source_replay 314 /526
independent_coding_structure_source_replay 315 /526
independent_coding_structure_source_replay 316 /526
independent_coding_structure_source_replay 317 /526
independent_coding_structure_source_replay 318 /526
independent_coding_structure_source_replay 319 /526
independent_coding_structure_source_replay 320 /526
independent_coding_structure_source_replay 321 /526
independent_coding_structure_source_replay 322 /526
independent_coding_structure_source_replay 323 /526
independent_coding_structure_source_replay 324 /526
independent_coding_structure_source_replay 325 /526
independent_coding_structure_source_replay 326 /526
independent_coding_structure_source_replay 327 /526
independent_coding_structure_source_replay 328 /526
independent_coding_structure_source_replay 329 /526
independent_coding_structure_source_replay 330 /526
independent_coding_structure_source_replay 331 /526
independent_coding_structure_source_replay 332 /526
independent_coding_structure_source_replay 333 /526
independent_coding_structure_source_replay 334 /526
independent_coding_structure_source_replay 335 /526
independent_coding_structure_source_replay 336 /526
independent_coding_structure_source_replay 337 /526
independent_coding_structure_source_replay 338 /526
independent_coding_structure_source_replay 339 /526
independent_coding_structure_source_replay 340 /526
independent_coding_structure_source_replay 341 /526
independent_coding_structure_source_replay 342 /526
independent_coding_structure_source_replay 343 /526
independent_coding_structure_source_replay 344 /526
independent_coding_structure_source_replay 345 /526
independent_coding_structure_source_replay 346 /526
independent_coding_structure_source_replay 347 /526
independent_coding_structure_source_replay 348 /526
independent_coding_structure_source_replay 349 /526
independent_coding_structure_source_replay 350 /526
independent_coding_structure_source_replay 351 /526
independent_coding_structure_source_replay 352 /526
independent_coding_structure_source_replay 353 /526
independent_coding_structure_source_replay 354 /526
independent_coding_structure_source_replay 355 /526
independent_coding_structure_source_replay 356 /526
independent_coding_structure_source_replay 357 /526
independent_coding_structure_source_replay 358 /526
independent_coding_structure_source_replay 359 /526
independent_coding_structure_source_replay 360 /526
independent_coding_structure_source_replay 361 /526
independent_coding_structure_source_replay 362 /526
independent_coding_structure_source_replay 363 /526
independent_coding_structure_source_replay 364 /526
independent_coding_structure_source_replay 365 /526
independent_coding_structure_source_replay 366 /526
independent_coding_structure_source_replay 367 /526
independent_coding_structure_source_replay 368 /526
independent_coding_structure_source_replay 369 /526
independent_coding_structure_source_replay 370 /526
independent_coding_structure_source_replay 371 /526
independent_coding_structure_source_replay 372 /526
independent_coding_structure_source_replay 373 /526
independent_coding_structure_source_replay 374 /526
independent_coding_structure_source_replay 375 /526
independent_coding_structure_source_replay 376 /526
independent_coding_structure_source_replay 377 /526
independent_coding_structure_source_replay 378 /526
independent_coding_structure_source_replay 379 /526
independent_coding_structure_source_replay 380 /526
independent_coding_structure_source_replay 381 /526
independent_coding_structure_source_replay 382 /526
independent_coding_structure_source_replay 383 /526
independent_coding_structure_source_replay 384 /526
independent_coding_structure_source_replay 385 /526
independent_coding_structure_source_replay 386 /526
independent_coding_structure_source_replay 387 /526
independent_coding_structure_source_replay 388 /526
independent_coding_structure_source_replay 389 /526
independent_coding_structure_source_replay 390 /526
independent_coding_structure_source_replay 391 /526
independent_coding_structure_source_replay 392 /526
independent_coding_structure_source_replay 393 /526
independent_coding_structure_source_replay 394 /526
independent_coding_structure_source_replay 395 /526
independent_coding_structure_source_replay 396 /526
independent_coding_structure_source_replay 397 /526
independent_coding_structure_source_replay 398 /526
independent_coding_structure_source_replay 399 /526
independent_coding_structure_source_replay 400 /526
independent_coding_structure_source_replay 401 /526
independent_coding_structure_source_replay 402 /526
independent_coding_structure_source_replay 403 /526
independent_coding_structure_source_replay 404 /526
independent_coding_structure_source_replay 405 /526
independent_coding_structure_source_replay 406 /526
independent_coding_structure_source_replay 407 /526
independent_coding_structure_source_replay 408 /526
independent_coding_structure_source_replay 409 /526
independent_coding_structure_source_replay 410 /526
independent_coding_structure_source_replay 411 /526
independent_coding_structure_source_replay 412 /526
independent_coding_structure_source_replay 413 /526
independent_coding_structure_source_replay 414 /526
independent_coding_structure_source_replay 415 /526
independent_coding_structure_source_replay 416 /526
independent_coding_structure_source_replay 417 /526
independent_coding_structure_source_replay 418 /526
independent_coding_structure_source_replay 419 /526
independent_coding_structure_source_replay 420 /526
independent_coding_structure_source_replay 421 /526
independent_coding_structure_source_replay 422 /526
independent_coding_structure_source_replay 423 /526
independent_coding_structure_source_replay 424 /526
independent_coding_structure_source_replay 425 /526
independent_coding_structure_source_replay 426 /526
independent_coding_structure_source_replay 427 /526
independent_coding_structure_source_replay 428 /526
independent_coding_structure_source_replay 429 /526
independent_coding_structure_source_replay 430 /526
independent_coding_structure_source_replay 431 /526
independent_coding_structure_source_replay 432 /526
independent_coding_structure_source_replay 433 /526
independent_coding_structure_source_replay 434 /526
independent_coding_structure_source_replay 435 /526
independent_coding_structure_source_replay 436 /526
independent_coding_structure_source_replay 437 /526
independent_coding_structure_source_replay 438 /526
independent_coding_structure_source_replay 439 /526
independent_coding_structure_source_replay 440 /526
independent_coding_structure_source_replay 441 /526
independent_coding_structure_source_replay 442 /526
independent_coding_structure_source_replay 443 /526
independent_coding_structure_source_replay 444 /526
independent_coding_structure_source_replay 445 /526
independent_coding_structure_source_replay 446 /526
independent_coding_structure_source_replay 447 /526
independent_coding_structure_source_replay 448 /526
independent_coding_structure_source_replay 449 /526
independent_coding_structure_source_replay 450 /526
independent_coding_structure_source_replay 451 /526
independent_coding_structure_source_replay 452 /526
independent_coding_structure_source_replay 453 /526
independent_coding_structure_source_replay 454 /526
independent_coding_structure_source_replay 455 /526
independent_coding_structure_source_replay 456 /526
independent_coding_structure_source_replay 457 /526
independent_coding_structure_source_replay 458 /526
independent_coding_structure_source_replay 459 /526
independent_coding_structure_source_replay 460 /526
independent_coding_structure_source_replay 461 /526
independent_coding_structure_source_replay 462 /526
independent_coding_structure_source_replay 463 /526
independent_coding_structure_source_replay 464 /526
independent_coding_structure_source_replay 465 /526
independent_coding_structure_source_replay 466 /526
independent_coding_structure_source_replay 467 /526
independent_coding_structure_source_replay 468 /526
independent_coding_structure_source_replay 469 /526
independent_coding_structure_source_replay 470 /526
independent_coding_structure_source_replay 471 /526
independent_coding_structure_source_replay 472 /526
independent_coding_structure_source_replay 473 /526
independent_coding_structure_source_replay 474 /526
independent_coding_structure_source_replay 475 /526
independent_coding_structure_source_replay 476 /526
independent_coding_structure_source_replay 477 /526
independent_coding_structure_source_replay 478 /526
independent_coding_structure_source_replay 479 /526
independent_coding_structure_source_replay 480 /526
independent_coding_structure_source_replay 481 /526
independent_coding_structure_source_replay 482 /526
independent_coding_structure_source_replay 483 /526
independent_coding_structure_source_replay 484 /526
independent_coding_structure_source_replay 485 /526
independent_coding_structure_source_replay 486 /526
independent_coding_structure_source_replay 487 /526
independent_coding_structure_source_replay 488 /526
independent_coding_structure_source_replay 489 /526
independent_coding_structure_source_replay 490 /526
independent_coding_structure_source_replay 491 /526
independent_coding_structure_source_replay 492 /526
independent_coding_structure_source_replay 493 /526
independent_coding_structure_source_replay 494 /526
independent_coding_structure_source_replay 495 /526
independent_coding_structure_source_replay 496 /526
independent_coding_structure_source_replay 497 /526
independent_coding_structure_source_replay 498 /526
independent_coding_structure_source_replay 499 /526
independent_coding_structure_source_replay 500 /526
independent_coding_structure_source_replay 501 /526
independent_coding_structure_source_replay 502 /526
independent_coding_structure_source_replay 503 /526
independent_coding_structure_source_replay 504 /526
independent_coding_structure_source_replay 505 /526
independent_coding_structure_source_replay 506 /526
independent_coding_structure_source_replay 507 /526
independent_coding_structure_source_replay 508 /526
independent_coding_structure_source_replay 509 /526
independent_coding_structure_source_replay 510 /526
independent_coding_structure_source_replay 511 /526
independent_coding_structure_source_replay 512 /526
independent_coding_structure_source_replay 513 /526
independent_coding_structure_source_replay 514 /526
independent_coding_structure_source_replay 515 /526
independent_coding_structure_source_replay 516 /526
independent_coding_structure_source_replay 517 /526
independent_coding_structure_source_replay 518 /526
independent_coding_structure_source_replay 519 /526
independent_coding_structure_source_replay 520 /526
independent_coding_structure_source_replay 521 /526
independent_coding_structure_source_replay 522 /526
independent_coding_structure_source_replay 523 /526
independent_coding_structure_source_replay 524 /526
independent_coding_structure_source_replay 525 /526
independent_coding_structure_source_replay 526 /526
{
  "status": "passed_all526_coding_structure_source_join_and_independent_model_TSV_replay",
  "checked_utc": "2026-10-06T00:27:31.190554+00:00",
  "taxa": 526,
  "source_products": 5927745,
  "selected_representatives": 5815847,
  "target_records": 5923039,
  "elapsed_seconds": 158.2406983099645,
  "scientific_eligibility": false,
  "biological_codon_eligibility": false,
  "inherited_translation_independently_recomputed": false,
  "gpu": false,
  "new_predictions": 0,
  "scope": "All original source/protein/target classifications replayed without producer imports. Models reconstructed from the complete TSV rather than producer SQLite. Shared original evidence/JSON/CSV/gzip/hash dependencies remain explicit. Existing translation classifications are inherited, not independently retranslated here. No old-derived/original source substitution, canonical isoform claim, confidence/copy/taxonomy/homology, codon alignment/divergence, selection or evolutionary admission."
}
