full_entity_operator_numeric_benchmark signed t1 cases 24 seconds 0.00463489000685513
full_entity_operator_numeric_benchmark unsigned t1 cases 24 seconds 0.00437268998939544
full_entity_operator_numeric_benchmark signed t2 cases 24 seconds 0.0043758549727499485
full_entity_operator_numeric_benchmark unsigned t2 cases 24 seconds 0.004302793997339904
full_entity_operator_numeric_benchmark signed t3 cases 24 seconds 0.004278938053175807
full_entity_operator_numeric_benchmark unsigned t3 cases 24 seconds 0.004098172998055816
full_entity_operator_numeric_benchmark signed t4 cases 24 seconds 0.004099655081517994
full_entity_operator_numeric_benchmark unsigned t4 cases 24 seconds 0.004169961903244257
full_entity_operator_numeric_benchmark signed t5 cases 24 seconds 0.004371569026261568
full_entity_operator_numeric_benchmark unsigned t5 cases 24 seconds 0.004399431054480374
{"logical_cases": 24, "entity_occurrences": 336, "unique_entities": {"target_node": 24, "background_node": 6, "model_pair": 12, "family": 2, "gene": 60, "model": 24}, "matrices": 13, "operator_nnz": {"signed|target_node": 24, "unsigned|target_node": 24, "signed|background_node": 24, "unsigned|background_node": 24, "signed|model_pair": 48, "unsigned|model_pair": 48, "signed|family": 0, "unsigned|family": 24, "signed|gene": 96, "unsigned|gene": 96, "signed|model": 96, "unsigned|model": 96, "contrast|family_intercept": 24}, "family_components": 2, "largest_component": 12, "sum_component_squared_sizes": 288, "trees": ["t1", "t2", "t3", "t4", "t5"], "kernel_gram_ranks": {"signed|t1": 4, "unsigned|t1": 4, "signed|t2": 4, "unsigned|t2": 4, "signed|t3": 4, "unsigned|t3": 4, "signed|t4": 4, "unsigned|t4": 4, "signed|t5": 4, "unsigned|t5": 4}, "zero_kernels": {"signed|t1": ["family"], "unsigned|t1": [], "signed|t2": ["family"], "unsigned|t2": [], "signed|t3": ["family"], "unsigned|t3": [], "signed|t4": ["family"], "unsigned|t4": [], "signed|t5": ["family"], "unsigned|t5": []}, "numerical_benchmarks": 10}
independent_full_entity_operator_benchmark signed t1 24
independent_full_entity_operator_benchmark unsigned t1 24
independent_full_entity_operator_benchmark signed t2 24
independent_full_entity_operator_benchmark unsigned t2 24
independent_full_entity_operator_benchmark signed t3 24
independent_full_entity_operator_benchmark unsigned t3 24
independent_full_entity_operator_benchmark signed t4 24
independent_full_entity_operator_benchmark unsigned t4 24
independent_full_entity_operator_benchmark signed t5 24
independent_full_entity_operator_benchmark unsigned t5 24
{"logical_cases": 24, "entity_occurrences": 336, "unique_entities": {"target_node": 24, "background_node": 6, "model_pair": 12, "family": 2, "gene": 60, "model": 24}, "matrices": 13, "operator_nnz": {"signed|target_node": 24, "unsigned|target_node": 24, "signed|background_node": 24, "unsigned|background_node": 24, "signed|model_pair": 48, "unsigned|model_pair": 48, "signed|family": 0, "unsigned|family": 24, "signed|gene": 96, "unsigned|gene": 96, "signed|model": 96, "unsigned|model": 96, "contrast|family_intercept": 24}, "family_components": 2, "largest_component": 12, "sum_component_squared_sizes": 288, "trees": ["t1", "t2", "t3", "t4", "t5"], "kernel_gram_ranks": {"signed|t1": 4, "unsigned|t1": 4, "signed|t2": 4, "unsigned|t2": 4, "signed|t3": 4, "unsigned|t3": 4, "signed|t4": 4, "unsigned|t4": 4, "signed|t5": 4, "unsigned|t5": 4}, "zero_kernels": {"signed|t1": ["family"], "unsigned|t1": [], "signed|t2": ["family"], "unsigned|t2": [], "signed|t3": ["family"], "unsigned|t3": [], "signed|t4": ["family"], "unsigned|t4": [], "signed|t5": ["family"], "unsigned|t5": []}, "numerical_benchmarks": 10}
{"status": "complete_full_four_control_covariance_source_census_pending_readback_v1", "checked_utc": "2026-10-04T10:00:08.082408+00:00", "plan_sha256": "cb0bbd71407389739e3a757f71166704fe827b80ecefe025383dcc9243c7f422", "source_contract": "0a924231ca59778fb6c18b9490f25f97d1504a41686bf2065f71f31d4dc8c8b3", "logical_cases": 24, "cohorts": 5, "case_row_occurrences": 56, "designs": 150, "fit_inputs": 300, "settings": 600, "design_status_counts": {"full_rank_design": 90, "insufficient_residual_dimension": 60}, "fit_input_status_counts": {"ready_for_working_covariance_fit": 150, "insufficient_residual_dimension": 120, "constant_response_requires_review": 30}, "setting_status_counts": {"ready_for_working_covariance_fit": 300, "insufficient_residual_dimension": 240, "constant_response_requires_review": 60}, "policy_basis_counts": {"uniform:signed:q5": 4, "uniform:unsigned:q5": 4, "background_node:signed:q5": 4, "background_node:unsigned:q5": 4, "background_pair:signed:q5": 3, "background_pair:unsigned:q5": 3, "family_component:signed:q5": 4, "family_component:unsigned:q5": 4, "uniform:signed:q4": 1, "uniform:unsigned:q4": 1, "background_node:signed:q4": 1, "background_node:unsigned:q4": 1, "background_pair:signed:q4": 1, "background_pair:unsigned:q4": 1, "family_component:signed:q4": 1, "family_component:unsigned:q4": 1, "background_pair:signed:q6": 1, "background_pair:unsigned:q6": 1}, "expected_numerical_audit_rows": 6000, "expected_setting_audit_links": 24000, "policies": ["uniform", "background_node", "background_pair", "family_component"], "trees": ["t1", "t2", "t3", "t4", "t5"], "loading_modes": ["signed", "unsigned"], "numerical_audits_computed": 0, "working_model_fits_computed": 0, "raw_reml_basis_qualification_complete": false, "scientific_eligibility": false}
{"status": "passed_full_four_control_covariance_source_census_readback_v1", "checked_utc": "2026-10-04T10:00:08.208584+00:00", "plan_sha256": "cb0bbd71407389739e3a757f71166704fe827b80ecefe025383dcc9243c7f422", "source_contract": "0a924231ca59778fb6c18b9490f25f97d1504a41686bf2065f71f31d4dc8c8b3", "logical_cases": 24, "cohorts": 5, "case_row_occurrences": 56, "designs": 150, "fit_inputs": 300, "settings": 600, "design_status_counts": {"full_rank_design": 90, "insufficient_residual_dimension": 60}, "fit_input_status_counts": {"ready_for_working_covariance_fit": 150, "insufficient_residual_dimension": 120, "constant_response_requires_review": 30}, "setting_status_counts": {"ready_for_working_covariance_fit": 300, "insufficient_residual_dimension": 240, "constant_response_requires_review": 60}, "policy_basis_counts": {"uniform:signed:q5": 4, "uniform:unsigned:q5": 4, "background_node:signed:q5": 4, "background_node:unsigned:q5": 4, "background_pair:signed:q5": 3, "background_pair:unsigned:q5": 3, "family_component:signed:q5": 4, "family_component:unsigned:q5": 4, "uniform:signed:q4": 1, "uniform:unsigned:q4": 1, "background_node:signed:q4": 1, "background_node:unsigned:q4": 1, "background_pair:signed:q4": 1, "background_pair:unsigned:q4": 1, "family_component:signed:q4": 1, "family_component:unsigned:q4": 1, "background_pair:signed:q6": 1, "background_pair:unsigned:q6": 1}, "expected_numerical_audit_rows": 6000, "expected_setting_audit_links": 24000, "policies": ["uniform", "background_node", "background_pair", "family_component"], "trees": ["t1", "t2", "t3", "t4", "t5"], "loading_modes": ["signed", "unsigned"], "numerical_audits_computed": 0, "working_model_fits_computed": 0, "raw_reml_basis_qualification_complete": false, "scientific_eligibility": false, "producer_receipt_sha256": "a5fd93ac253d6cab276ada3ca12c40ab4b286d473b502f9f60d1bd4b8fa09ca3"}
full_entity_operator_numeric_benchmark signed t1 cases 24 seconds 0.004457709961570799
full_entity_operator_numeric_benchmark unsigned t1 cases 24 seconds 0.004164434038102627
full_entity_operator_numeric_benchmark signed t2 cases 24 seconds 0.004138213931582868
full_entity_operator_numeric_benchmark unsigned t2 cases 24 seconds 0.004140426986850798
full_entity_operator_numeric_benchmark signed t3 cases 24 seconds 0.00415435794275254
full_entity_operator_numeric_benchmark unsigned t3 cases 24 seconds 0.004188630962744355
full_entity_operator_numeric_benchmark signed t4 cases 24 seconds 0.004181980038993061
full_entity_operator_numeric_benchmark unsigned t4 cases 24 seconds 0.004240639973431826
full_entity_operator_numeric_benchmark signed t5 cases 24 seconds 0.004287930903956294
full_entity_operator_numeric_benchmark unsigned t5 cases 24 seconds 0.004200499039143324
{"logical_cases": 24, "entity_occurrences": 336, "unique_entities": {"target_node": 24, "background_node": 6, "model_pair": 12, "family": 2, "gene": 60, "model": 24}, "matrices": 13, "operator_nnz": {"signed|target_node": 24, "unsigned|target_node": 24, "signed|background_node": 24, "unsigned|background_node": 24, "signed|model_pair": 48, "unsigned|model_pair": 48, "signed|family": 0, "unsigned|family": 24, "signed|gene": 96, "unsigned|gene": 96, "signed|model": 96, "unsigned|model": 96, "contrast|family_intercept": 24}, "family_components": 2, "largest_component": 12, "sum_component_squared_sizes": 288, "trees": ["t1", "t2", "t3", "t4", "t5"], "kernel_gram_ranks": {"signed|t1": 4, "unsigned|t1": 4, "signed|t2": 4, "unsigned|t2": 4, "signed|t3": 4, "unsigned|t3": 4, "signed|t4": 4, "unsigned|t4": 4, "signed|t5": 4, "unsigned|t5": 4}, "zero_kernels": {"signed|t1": ["family"], "unsigned|t1": [], "signed|t2": ["family"], "unsigned|t2": [], "signed|t3": ["family"], "unsigned|t3": [], "signed|t4": ["family"], "unsigned|t4": [], "signed|t5": ["family"], "unsigned|t5": []}, "numerical_benchmarks": 10}
independent_full_entity_operator_benchmark signed t1 24
independent_full_entity_operator_benchmark unsigned t1 24
independent_full_entity_operator_benchmark signed t2 24
independent_full_entity_operator_benchmark unsigned t2 24
independent_full_entity_operator_benchmark signed t3 24
independent_full_entity_operator_benchmark unsigned t3 24
independent_full_entity_operator_benchmark signed t4 24
independent_full_entity_operator_benchmark unsigned t4 24
independent_full_entity_operator_benchmark signed t5 24
independent_full_entity_operator_benchmark unsigned t5 24
{"logical_cases": 24, "entity_occurrences": 336, "unique_entities": {"target_node": 24, "background_node": 6, "model_pair": 12, "family": 2, "gene": 60, "model": 24}, "matrices": 13, "operator_nnz": {"signed|target_node": 24, "unsigned|target_node": 24, "signed|background_node": 24, "unsigned|background_node": 24, "signed|model_pair": 48, "unsigned|model_pair": 48, "signed|family": 0, "unsigned|family": 24, "signed|gene": 96, "unsigned|gene": 96, "signed|model": 96, "unsigned|model": 96, "contrast|family_intercept": 24}, "family_components": 2, "largest_component": 12, "sum_component_squared_sizes": 288, "trees": ["t1", "t2", "t3", "t4", "t5"], "kernel_gram_ranks": {"signed|t1": 4, "unsigned|t1": 4, "signed|t2": 4, "unsigned|t2": 4, "signed|t3": 4, "unsigned|t3": 4, "signed|t4": 4, "unsigned|t4": 4, "signed|t5": 4, "unsigned|t5": 4}, "zero_kernels": {"signed|t1": ["family"], "unsigned|t1": [], "signed|t2": ["family"], "unsigned|t2": [], "signed|t3": ["family"], "unsigned|t3": [], "signed|t4": ["family"], "unsigned|t4": [], "signed|t5": ["family"], "unsigned|t5": []}, "numerical_benchmarks": 10}
{"status": "complete_full_four_control_covariance_source_census_pending_readback_v1", "checked_utc": "2026-10-04T10:00:08.937570+00:00", "plan_sha256": "14a9a450c9bda094dadd09e591682bed921f2b78df98e00d8bd7257e4a778c71", "source_contract": "347e09c76f82eefcb7467150233e72562c527184c138515027ec04f12910bc67", "logical_cases": 24, "cohorts": 5, "case_row_occurrences": 55, "designs": 150, "fit_inputs": 300, "settings": 600, "design_status_counts": {"full_rank_design": 90, "insufficient_residual_dimension": 60}, "fit_input_status_counts": {"ready_for_working_covariance_fit": 150, "insufficient_residual_dimension": 120, "constant_response_requires_review": 30}, "setting_status_counts": {"ready_for_working_covariance_fit": 300, "insufficient_residual_dimension": 240, "constant_response_requires_review": 60}, "policy_basis_counts": {"uniform:signed:q4": 5, "uniform:unsigned:q4": 5, "background_node:signed:q5": 4, "background_node:unsigned:q5": 4, "background_pair:signed:q5": 4, "background_pair:unsigned:q5": 4, "family_component:signed:q4": 4, "family_component:unsigned:q4": 4, "background_node:signed:q4": 1, "background_node:unsigned:q4": 1, "background_pair:signed:q4": 1, "background_pair:unsigned:q4": 1, "family_component:signed:q5": 1, "family_component:unsigned:q5": 1}, "expected_numerical_audit_rows": 6000, "expected_setting_audit_links": 24000, "policies": ["uniform", "background_node", "background_pair", "family_component"], "trees": ["t1", "t2", "t3", "t4", "t5"], "loading_modes": ["signed", "unsigned"], "numerical_audits_computed": 0, "working_model_fits_computed": 0, "raw_reml_basis_qualification_complete": false, "scientific_eligibility": false}
{"status": "passed_full_four_control_covariance_source_census_readback_v1", "checked_utc": "2026-10-04T10:00:09.057850+00:00", "plan_sha256": "14a9a450c9bda094dadd09e591682bed921f2b78df98e00d8bd7257e4a778c71", "source_contract": "347e09c76f82eefcb7467150233e72562c527184c138515027ec04f12910bc67", "logical_cases": 24, "cohorts": 5, "case_row_occurrences": 55, "designs": 150, "fit_inputs": 300, "settings": 600, "design_status_counts": {"full_rank_design": 90, "insufficient_residual_dimension": 60}, "fit_input_status_counts": {"ready_for_working_covariance_fit": 150, "insufficient_residual_dimension": 120, "constant_response_requires_review": 30}, "setting_status_counts": {"ready_for_working_covariance_fit": 300, "insufficient_residual_dimension": 240, "constant_response_requires_review": 60}, "policy_basis_counts": {"uniform:signed:q4": 5, "uniform:unsigned:q4": 5, "background_node:signed:q5": 4, "background_node:unsigned:q5": 4, "background_pair:signed:q5": 4, "background_pair:unsigned:q5": 4, "family_component:signed:q4": 4, "family_component:unsigned:q4": 4, "background_node:signed:q4": 1, "background_node:unsigned:q4": 1, "background_pair:signed:q4": 1, "background_pair:unsigned:q4": 1, "family_component:signed:q5": 1, "family_component:unsigned:q5": 1}, "expected_numerical_audit_rows": 6000, "expected_setting_audit_links": 24000, "policies": ["uniform", "background_node", "background_pair", "family_component"], "trees": ["t1", "t2", "t3", "t4", "t5"], "loading_modes": ["signed", "unsigned"], "numerical_audits_computed": 0, "working_model_fits_computed": 0, "raw_reml_basis_qualification_complete": false, "scientific_eligibility": false, "producer_receipt_sha256": "4ac8c6aa2db967cc47782e23c057d0b5232ee896215ef4f5205ca514e1f90e56"}
full_entity_operator_numeric_benchmark signed t1 cases 24 seconds 0.004318687948398292
full_entity_operator_numeric_benchmark unsigned t1 cases 24 seconds 0.0043236559722572565
full_entity_operator_numeric_benchmark signed t2 cases 24 seconds 0.004355994984507561
full_entity_operator_numeric_benchmark unsigned t2 cases 24 seconds 0.004111403017304838
full_entity_operator_numeric_benchmark signed t3 cases 24 seconds 0.004238006076775491
full_entity_operator_numeric_benchmark unsigned t3 cases 24 seconds 0.004270814941264689
full_entity_operator_numeric_benchmark signed t4 cases 24 seconds 0.004107226966880262
full_entity_operator_numeric_benchmark unsigned t4 cases 24 seconds 0.004120627068914473
full_entity_operator_numeric_benchmark signed t5 cases 24 seconds 0.0044631779892370105
full_entity_operator_numeric_benchmark unsigned t5 cases 24 seconds 0.004219608032144606
{"logical_cases": 24, "entity_occurrences": 336, "unique_entities": {"target_node": 24, "background_node": 6, "model_pair": 12, "family": 2, "gene": 60, "model": 24}, "matrices": 13, "operator_nnz": {"signed|target_node": 24, "unsigned|target_node": 24, "signed|background_node": 24, "unsigned|background_node": 24, "signed|model_pair": 48, "unsigned|model_pair": 48, "signed|family": 0, "unsigned|family": 24, "signed|gene": 96, "unsigned|gene": 96, "signed|model": 96, "unsigned|model": 96, "contrast|family_intercept": 24}, "family_components": 2, "largest_component": 12, "sum_component_squared_sizes": 288, "trees": ["t1", "t2", "t3", "t4", "t5"], "kernel_gram_ranks": {"signed|t1": 4, "unsigned|t1": 4, "signed|t2": 4, "unsigned|t2": 4, "signed|t3": 4, "unsigned|t3": 4, "signed|t4": 4, "unsigned|t4": 4, "signed|t5": 4, "unsigned|t5": 4}, "zero_kernels": {"signed|t1": ["family"], "unsigned|t1": [], "signed|t2": ["family"], "unsigned|t2": [], "signed|t3": ["family"], "unsigned|t3": [], "signed|t4": ["family"], "unsigned|t4": [], "signed|t5": ["family"], "unsigned|t5": []}, "numerical_benchmarks": 10}
independent_full_entity_operator_benchmark signed t1 24
independent_full_entity_operator_benchmark unsigned t1 24
independent_full_entity_operator_benchmark signed t2 24
independent_full_entity_operator_benchmark unsigned t2 24
independent_full_entity_operator_benchmark signed t3 24
independent_full_entity_operator_benchmark unsigned t3 24
independent_full_entity_operator_benchmark signed t4 24
independent_full_entity_operator_benchmark unsigned t4 24
independent_full_entity_operator_benchmark signed t5 24
independent_full_entity_operator_benchmark unsigned t5 24
{"logical_cases": 24, "entity_occurrences": 336, "unique_entities": {"target_node": 24, "background_node": 6, "model_pair": 12, "family": 2, "gene": 60, "model": 24}, "matrices": 13, "operator_nnz": {"signed|target_node": 24, "unsigned|target_node": 24, "signed|background_node": 24, "unsigned|background_node": 24, "signed|model_pair": 48, "unsigned|model_pair": 48, "signed|family": 0, "unsigned|family": 24, "signed|gene": 96, "unsigned|gene": 96, "signed|model": 96, "unsigned|model": 96, "contrast|family_intercept": 24}, "family_components": 2, "largest_component": 12, "sum_component_squared_sizes": 288, "trees": ["t1", "t2", "t3", "t4", "t5"], "kernel_gram_ranks": {"signed|t1": 4, "unsigned|t1": 4, "signed|t2": 4, "unsigned|t2": 4, "signed|t3": 4, "unsigned|t3": 4, "signed|t4": 4, "unsigned|t4": 4, "signed|t5": 4, "unsigned|t5": 4}, "zero_kernels": {"signed|t1": ["family"], "unsigned|t1": [], "signed|t2": ["family"], "unsigned|t2": [], "signed|t3": ["family"], "unsigned|t3": [], "signed|t4": ["family"], "unsigned|t4": [], "signed|t5": ["family"], "unsigned|t5": []}, "numerical_benchmarks": 10}
{"status": "complete_full_four_control_covariance_source_census_pending_readback_v1", "checked_utc": "2026-10-04T10:00:09.788852+00:00", "plan_sha256": "62dcffae9550222ee2dc498b532ce8875bac03d9dc2114556c9ef663ef2eb59e", "source_contract": "b4ea8478ee875636a587b68f3bd7b583822da92c8fae9476de4783370cebea5b", "logical_cases": 24, "cohorts": 5, "case_row_occurrences": 55, "designs": 150, "fit_inputs": 300, "settings": 600, "design_status_counts": {"full_rank_design": 90, "insufficient_residual_dimension": 60}, "fit_input_status_counts": {"ready_for_working_covariance_fit": 150, "insufficient_residual_dimension": 120, "constant_response_requires_review": 30}, "setting_status_counts": {"ready_for_working_covariance_fit": 300, "insufficient_residual_dimension": 240, "constant_response_requires_review": 60}, "policy_basis_counts": {"uniform:signed:q5": 5, "uniform:unsigned:q5": 5, "background_node:signed:q6": 4, "background_node:unsigned:q6": 4, "background_pair:signed:q6": 4, "background_pair:unsigned:q6": 4, "family_component:signed:q5": 4, "family_component:unsigned:q5": 4, "background_node:signed:q5": 1, "background_node:unsigned:q5": 1, "background_pair:signed:q5": 1, "background_pair:unsigned:q5": 1, "family_component:signed:q6": 1, "family_component:unsigned:q6": 1}, "expected_numerical_audit_rows": 6000, "expected_setting_audit_links": 24000, "policies": ["uniform", "background_node", "background_pair", "family_component"], "trees": ["t1", "t2", "t3", "t4", "t5"], "loading_modes": ["signed", "unsigned"], "numerical_audits_computed": 0, "working_model_fits_computed": 0, "raw_reml_basis_qualification_complete": false, "scientific_eligibility": false}
{"status": "passed_full_four_control_covariance_source_census_readback_v1", "checked_utc": "2026-10-04T10:00:09.912410+00:00", "plan_sha256": "62dcffae9550222ee2dc498b532ce8875bac03d9dc2114556c9ef663ef2eb59e", "source_contract": "b4ea8478ee875636a587b68f3bd7b583822da92c8fae9476de4783370cebea5b", "logical_cases": 24, "cohorts": 5, "case_row_occurrences": 55, "designs": 150, "fit_inputs": 300, "settings": 600, "design_status_counts": {"full_rank_design": 90, "insufficient_residual_dimension": 60}, "fit_input_status_counts": {"ready_for_working_covariance_fit": 150, "insufficient_residual_dimension": 120, "constant_response_requires_review": 30}, "setting_status_counts": {"ready_for_working_covariance_fit": 300, "insufficient_residual_dimension": 240, "constant_response_requires_review": 60}, "policy_basis_counts": {"uniform:signed:q5": 5, "uniform:unsigned:q5": 5, "background_node:signed:q6": 4, "background_node:unsigned:q6": 4, "background_pair:signed:q6": 4, "background_pair:unsigned:q6": 4, "family_component:signed:q5": 4, "family_component:unsigned:q5": 4, "background_node:signed:q5": 1, "background_node:unsigned:q5": 1, "background_pair:signed:q5": 1, "background_pair:unsigned:q5": 1, "family_component:signed:q6": 1, "family_component:unsigned:q6": 1}, "expected_numerical_audit_rows": 6000, "expected_setting_audit_links": 24000, "policies": ["uniform", "background_node", "background_pair", "family_component"], "trees": ["t1", "t2", "t3", "t4", "t5"], "loading_modes": ["signed", "unsigned"], "numerical_audits_computed": 0, "working_model_fits_computed": 0, "raw_reml_basis_qualification_complete": false, "scientific_eligibility": false, "producer_receipt_sha256": "0544cfe6263f5f974fc3bd3729b3c9b117d5ac7bb3ad3961f786ef956d38f822"}
