full_weighted_fit_cohort 1 / 5 candidates 4800
full_weighted_fit_cohort 2 / 5 candidates 4800
full_weighted_fit_cohort 1 / 5 candidates 4800
full_weighted_fit_cohort 2 / 5 candidates 4800
full_weighted_fit_cohort 3 / 5 candidates 4800
full_weighted_fit_cohort 4 / 5 candidates 4800
full_weighted_fit_cohort 5 / 5 candidates 4800
{"logical_cases": 24, "cohorts": 5, "designs": 150, "fit_inputs": 300, "settings": 600, "candidate_rows": 24000, "setting_fit_links": 48000, "candidate_status_counts": {"exact_four_control_covariance_basis_requires_review": 12000, "insufficient_residual_dimension": 9600, "constant_response_requires_review": 2400}, "setting_status_counts": {"exact_four_control_covariance_basis_requires_review": 24000, "insufficient_residual_dimension": 19200, "constant_response_requires_review": 4800}, "methods": ["ml", "reml"], "trees": ["t1", "t2", "t3", "t4", "t5"], "loading_modes": ["signed", "unsigned"], "policies": ["uniform", "background_node", "background_pair", "family_component"]}
independent_full_weighted_fit_cohort 1 / 5 candidates 4800
independent_full_weighted_fit_cohort 2 / 5 candidates 4800
independent_full_weighted_fit_cohort 1 / 5 candidates 4800
independent_full_weighted_fit_cohort 2 / 5 candidates 4800
independent_full_weighted_fit_cohort 3 / 5 candidates 4800
independent_full_weighted_fit_cohort 4 / 5 candidates 4800
independent_full_weighted_fit_cohort 5 / 5 candidates 4800
{"logical_cases": 24, "cohorts": 5, "designs": 150, "fit_inputs": 300, "settings": 600, "candidate_rows": 24000, "setting_fit_links": 48000, "candidate_status_counts": {"exact_four_control_covariance_basis_requires_review": 12000, "insufficient_residual_dimension": 9600, "constant_response_requires_review": 2400}, "setting_status_counts": {"exact_four_control_covariance_basis_requires_review": 24000, "insufficient_residual_dimension": 19200, "constant_response_requires_review": 4800}, "methods": ["ml", "reml"], "trees": ["t1", "t2", "t3", "t4", "t5"], "loading_modes": ["signed", "unsigned"], "policies": ["uniform", "background_node", "background_pair", "family_component"]}
full_weighted_fit_cohort 1 / 5 candidates 4800
full_weighted_fit_cohort 2 / 5 candidates 4800
full_weighted_fit_cohort 3 / 5 candidates 4800
full_weighted_fit_cohort 4 / 5 candidates 4800
full_weighted_fit_cohort 5 / 5 candidates 4800
{"logical_cases": 24, "cohorts": 5, "designs": 150, "fit_inputs": 300, "settings": 600, "candidate_rows": 24000, "setting_fit_links": 48000, "candidate_status_counts": {"exact_four_control_covariance_basis_requires_review": 7200, "insufficient_residual_dimension": 9600, "shared_entity_fit_error_requires_review": 4800, "constant_response_requires_review": 2400}, "setting_status_counts": {"exact_four_control_covariance_basis_requires_review": 14400, "insufficient_residual_dimension": 19200, "shared_entity_fit_error_requires_review": 9600, "constant_response_requires_review": 4800}, "methods": ["ml", "reml"], "trees": ["t1", "t2", "t3", "t4", "t5"], "loading_modes": ["signed", "unsigned"], "policies": ["uniform", "background_node", "background_pair", "family_component"]}
independent_full_weighted_fit_cohort 1 / 5 candidates 4800
independent_full_weighted_fit_cohort 2 / 5 candidates 4800
independent_full_weighted_fit_cohort 3 / 5 candidates 4800
independent_full_weighted_fit_cohort 4 / 5 candidates 4800
independent_full_weighted_fit_cohort 5 / 5 candidates 4800
{"logical_cases": 24, "cohorts": 5, "designs": 150, "fit_inputs": 300, "settings": 600, "candidate_rows": 24000, "setting_fit_links": 48000, "candidate_status_counts": {"exact_four_control_covariance_basis_requires_review": 7200, "insufficient_residual_dimension": 9600, "shared_entity_fit_error_requires_review": 4800, "constant_response_requires_review": 2400}, "setting_status_counts": {"exact_four_control_covariance_basis_requires_review": 14400, "insufficient_residual_dimension": 19200, "shared_entity_fit_error_requires_review": 9600, "constant_response_requires_review": 4800}, "methods": ["ml", "reml"], "trees": ["t1", "t2", "t3", "t4", "t5"], "loading_modes": ["signed", "unsigned"], "policies": ["uniform", "background_node", "background_pair", "family_component"]}
full_weighted_fit_cohort 1 / 5 candidates 4800
full_weighted_fit_cohort 2 / 5 candidates 4800
full_weighted_fit_cohort 3 / 5 candidates 4800
full_weighted_fit_cohort 4 / 5 candidates 4800
full_weighted_fit_cohort 5 / 5 candidates 4800
{"logical_cases": 24, "cohorts": 5, "designs": 150, "fit_inputs": 300, "settings": 600, "candidate_rows": 24000, "setting_fit_links": 48000, "candidate_status_counts": {"exact_four_control_covariance_basis_requires_review": 7200, "insufficient_residual_dimension": 9600, "shared_entity_fit_error_requires_review": 4800, "constant_response_requires_review": 2400}, "setting_status_counts": {"exact_four_control_covariance_basis_requires_review": 14400, "insufficient_residual_dimension": 19200, "shared_entity_fit_error_requires_review": 9600, "constant_response_requires_review": 4800}, "methods": ["ml", "reml"], "trees": ["t1", "t2", "t3", "t4", "t5"], "loading_modes": ["signed", "unsigned"], "policies": ["uniform", "background_node", "background_pair", "family_component"]}
independent_full_weighted_fit_cohort 1 / 5 candidates 4800
independent_full_weighted_fit_cohort 2 / 5 candidates 4800
independent_full_weighted_fit_cohort 3 / 5 candidates 4800
independent_full_weighted_fit_cohort 4 / 5 candidates 4800
independent_full_weighted_fit_cohort 5 / 5 candidates 4800
{"logical_cases": 24, "cohorts": 5, "designs": 150, "fit_inputs": 300, "settings": 600, "candidate_rows": 24000, "setting_fit_links": 48000, "candidate_status_counts": {"exact_four_control_covariance_basis_requires_review": 7200, "insufficient_residual_dimension": 9600, "shared_entity_fit_error_requires_review": 4800, "constant_response_requires_review": 2400}, "setting_status_counts": {"exact_four_control_covariance_basis_requires_review": 14400, "insufficient_residual_dimension": 19200, "shared_entity_fit_error_requires_review": 9600, "constant_response_requires_review": 4800}, "methods": ["ml", "reml"], "trees": ["t1", "t2", "t3", "t4", "t5"], "loading_modes": ["signed", "unsigned"], "policies": ["uniform", "background_node", "background_pair", "family_component"]}
{
  "status": "passed_complete_four_control_fit_exports_readback_and_checkpoint_contracts_v2",
  "checked_utc": "2026-10-04T01:54:05.465432+00:00",
  "complete_synthetic_grids": [
    {
      "grid": 0,
      "candidate_rows": 24000,
      "setting_fit_links": 48000,
      "producer_status_counts": {
        "exact_four_control_covariance_basis_requires_review": 12000,
        "insufficient_residual_dimension": 9600,
        "constant_response_requires_review": 2400
      },
      "independent_status_counts": {
        "source_review_or_exclusion_retained": 24000
      },
      "producer": "data/software_audits/full-weighted-shared-entity-fits-20261004-v2/exports-0/receipt.json",
      "reader": "data/software_audits/full-weighted-shared-entity-fits-20261004-v2/exports-0/readback.json"
    },
    {
      "grid": 1,
      "candidate_rows": 24000,
      "setting_fit_links": 48000,
      "producer_status_counts": {
        "exact_four_control_covariance_basis_requires_review": 7200,
        "insufficient_residual_dimension": 9600,
        "shared_entity_fit_error_requires_review": 4800,
        "constant_response_requires_review": 2400
      },
      "independent_status_counts": {
        "source_review_or_exclusion_retained": 19200,
        "original_numerical_failure_reproduced_requires_review": 4800
      },
      "producer": "data/software_audits/full-weighted-shared-entity-fits-20261004-v2/exports-1/receipt.json",
      "reader": "data/software_audits/full-weighted-shared-entity-fits-20261004-v2/exports-1/readback.json"
    },
    {
      "grid": 2,
      "candidate_rows": 24000,
      "setting_fit_links": 48000,
      "producer_status_counts": {
        "exact_four_control_covariance_basis_requires_review": 7200,
        "insufficient_residual_dimension": 9600,
        "shared_entity_fit_error_requires_review": 4800,
        "constant_response_requires_review": 2400
      },
      "independent_status_counts": {
        "source_review_or_exclusion_retained": 19200,
        "original_numerical_failure_reproduced_requires_review": 4800
      },
      "producer": "data/software_audits/full-weighted-shared-entity-fits-20261004-v2/exports-2/receipt.json",
      "reader": "data/software_audits/full-weighted-shared-entity-fits-20261004-v2/exports-2/readback.json"
    }
  ],
  "total_candidate_rows": 72000,
  "total_setting_fit_links": 144000,
  "actual_serialized_numeric_replays": 64,
  "rehashed_output_alterations_rejected": [
    "omit_candidate",
    "duplicate_candidate",
    "foreign_candidate",
    "changed_diagonal",
    "promote_science",
    "false_fit_failure",
    "missing_link",
    "duplicate_link",
    "foreign_link",
    "changed_ordinal",
    "changed_original_setting",
    "changed_control",
    "missing_artifact",
    "changed_source_hash",
    "extra_artifact",
    "false_stage_contract",
    "rehashed_reader_checkpoint_promotes_review"
  ],
  "synthetic_source_closure_alterations_rejected": [
    [
      0,
      "producer_hash"
    ],
    [
      0,
      "reader_hash"
    ],
    [
      0,
      "wrong_status"
    ],
    [
      0,
      "changed_count"
    ],
    [
      1,
      "producer_hash"
    ],
    [
      1,
      "reader_hash"
    ],
    [
      1,
      "wrong_status"
    ],
    [
      1,
      "changed_count"
    ],
    [
      2,
      "producer_hash"
    ],
    [
      2,
      "reader_hash"
    ],
    [
      2,
      "wrong_status"
    ],
    [
      2,
      "changed_count"
    ]
  ],
  "exact_numeric_failure_captures": 7,
  "producer_closed_chunks_reused_without_rewrite": true,
  "reader_closed_chunks_replayed_and_reused_without_rewrite": true,
  "completed_producer_and_reader_restarts_refused": true,
  "source_and_journal_fixtures_synthetic": true,
  "complete_export_grids_native_producer_and_reader_explicitly_mocked": true,
  "actual_serialized_numeric_replays_use_frozen_independent_reader": true,
  "scientific_eligibility": false,
  "production_fitting_launched": false
}
