{
  "status": "complete_verified_all526_unmodified_cds_fixed_code_translation",
  "checked_utc": "2026-10-06T02:13:47.748600+00:00",
  "taxa": 526,
  "source_products": 5927745,
  "selected_representatives": 5815847,
  "target_records": 5923039,
  "original_dna_bases": 8023872320,
  "changed_codon_rows": 7950194,
  "target_role_status_counts": {
    "inherited:translated_exact_match_to_normalized_protein": 5812354,
    "snapshot_nuclear:translated_exact_match_to_normalized_protein": 5799937,
    "snapshot_mitochondrial:translated_exact_match_to_normalized_protein": 3393807,
    "snapshot_mitochondrial:translated_mismatch_to_normalized_protein": 2313667,
    "inherited:translated_mismatch_to_normalized_protein": 3506,
    "snapshot_nuclear:translated_mismatch_to_normalized_protein": 15925,
    "inherited:not_translated_non_triplet_length": 103189,
    "snapshot_nuclear:not_translated_non_triplet_length": 104797,
    "snapshot_mitochondrial:not_translated_non_triplet_length": 103210,
    "inherited:unspecified_code_not_tested": 3990,
    "snapshot_nuclear:translated_no_linked_normalized_protein": 2380,
    "snapshot_mitochondrial:translated_no_linked_normalized_protein": 2380,
    "snapshot_mitochondrial:unspecified_code_not_tested": 109975
  },
  "inherited_status_cross_counts": {
    "exact_translation:translated_exact_match_to_normalized_protein": 5810636,
    "translation_mismatch:translated_mismatch_to_normalized_protein": 2616,
    "non_triplet_length:not_translated_non_triplet_length": 85683,
    "annotation_exception_requires_review:not_translated_non_triplet_length": 107,
    "missing_or_ambiguous_protein_id:unspecified_code_not_tested": 3988,
    "annotation_exception_requires_review:translated_exact_match_to_normalized_protein": 1718,
    "annotation_exception_requires_review:translated_mismatch_to_normalized_protein": 890,
    "multiple_cds_records_for_protein:unspecified_code_not_tested": 2,
    "non_triplet_cds_length:not_translated_non_triplet_length": 17399
  },
  "changed_codon_role_counts": {
    "snapshot_mitochondrial": 7913513,
    "snapshot_nuclear": 36681
  },
  "product_role_status_counts": {
    "inherited:translated_exact_match_to_normalized_protein": 5812354,
    "snapshot_nuclear:translated_exact_match_to_normalized_protein": 5799937,
    "snapshot_mitochondrial:translated_exact_match_to_normalized_protein": 3393807,
    "snapshot_mitochondrial:translated_mismatch_to_normalized_protein": 2313666,
    "inherited:translated_mismatch_to_normalized_protein": 3506,
    "snapshot_nuclear:translated_mismatch_to_normalized_protein": 15924,
    "inherited:not_translated_non_triplet_length": 103189,
    "snapshot_nuclear:not_translated_non_triplet_length": 103189,
    "snapshot_mitochondrial:not_translated_non_triplet_length": 101602,
    "snapshot_mitochondrial:unspecified_code_not_tested": 109975,
    "inherited:no_original_target": 8695,
    "snapshot_nuclear:no_original_target": 8695,
    "snapshot_mitochondrial:no_original_target": 8695,
    "inherited:unspecified_code_not_tested": 1
  },
  "coding_model_translation_cross_counts": {
    "original_target_genome_agrees_and_inherited_strict_translation_exact:afdb_only:inherited:translated_exact_match_to_normalized_protein": 2927541,
    "original_target_genome_agrees_and_inherited_strict_translation_exact:afdb_only:snapshot_nuclear:translated_exact_match_to_normalized_protein": 2917523,
    "original_target_genome_agrees_and_inherited_strict_translation_exact:afdb_only:snapshot_mitochondrial:translated_exact_match_to_normalized_protein": 1744083,
    "original_target_genome_agrees_and_inherited_strict_translation_exact:afdb_only:snapshot_mitochondrial:translated_mismatch_to_normalized_protein": 1161426,
    "original_target_genome_agrees_and_inherited_strict_translation_exact:neither:inherited:translated_exact_match_to_normalized_protein": 2693911,
    "original_target_genome_agrees_and_inherited_strict_translation_exact:neither:snapshot_nuclear:translated_exact_match_to_normalized_protein": 2691600,
    "original_target_genome_agrees_and_inherited_strict_translation_exact:neither:snapshot_mitochondrial:translated_exact_match_to_normalized_protein": 1556872,
    "original_target_genome_agrees_and_inherited_strict_translation_exact:neither:snapshot_mitochondrial:translated_mismatch_to_normalized_protein": 1051408,
    "original_target_review_or_no_strict_translation_agreement:afdb_only:inherited:translated_mismatch_to_normalized_protein": 1204,
    "original_target_review_or_no_strict_translation_agreement:afdb_only:snapshot_nuclear:translated_mismatch_to_normalized_protein": 1233,
    "original_target_review_or_no_strict_translation_agreement:afdb_only:snapshot_mitochondrial:translated_mismatch_to_normalized_protein": 9472,
    "original_target_review_or_no_strict_translation_agreement:neither:inherited:translated_mismatch_to_normalized_protein": 2096,
    "original_target_review_or_no_strict_translation_agreement:neither:snapshot_nuclear:translated_mismatch_to_normalized_protein": 2116,
    "original_target_review_or_no_strict_translation_agreement:neither:snapshot_mitochondrial:translated_mismatch_to_normalized_protein": 9134,
    "original_target_review_or_no_strict_translation_agreement:neither:inherited:not_translated_non_triplet_length": 63748,
    "original_target_review_or_no_strict_translation_agreement:neither:snapshot_nuclear:not_translated_non_triplet_length": 63748,
    "original_target_review_or_no_strict_translation_agreement:neither:snapshot_mitochondrial:not_translated_non_triplet_length": 62476,
    "original_target_review_or_no_strict_translation_agreement:neither:inherited:translated_exact_match_to_normalized_protein": 27849,
    "original_target_review_or_no_strict_translation_agreement:neither:snapshot_nuclear:translated_exact_match_to_normalized_protein": 27829,
    "original_target_review_or_no_strict_translation_agreement:neither:snapshot_mitochondrial:translated_exact_match_to_normalized_protein": 20451,
    "original_target_review_or_no_strict_translation_agreement:esmfold_only:inherited:not_translated_non_triplet_length": 150,
    "original_target_review_or_no_strict_translation_agreement:esmfold_only:snapshot_nuclear:not_translated_non_triplet_length": 150,
    "original_target_review_or_no_strict_translation_agreement:esmfold_only:snapshot_mitochondrial:not_translated_non_triplet_length": 149,
    "original_target_genome_agrees_and_inherited_strict_translation_exact:esmfold_only:inherited:translated_exact_match_to_normalized_protein": 24451,
    "original_target_genome_agrees_and_inherited_strict_translation_exact:esmfold_only:snapshot_nuclear:translated_exact_match_to_normalized_protein": 24416,
    "original_target_genome_agrees_and_inherited_strict_translation_exact:esmfold_only:snapshot_mitochondrial:translated_exact_match_to_normalized_protein": 15080,
    "original_target_genome_agrees_and_inherited_strict_translation_exact:esmfold_only:snapshot_mitochondrial:translated_mismatch_to_normalized_protein": 9116,
    "original_target_review_or_no_strict_translation_agreement:esmfold_only:inherited:translated_exact_match_to_normalized_protein": 86,
    "original_target_review_or_no_strict_translation_agreement:esmfold_only:snapshot_nuclear:translated_exact_match_to_normalized_protein": 86,
    "original_target_review_or_no_strict_translation_agreement:esmfold_only:snapshot_mitochondrial:translated_exact_match_to_normalized_protein": 54,
    "original_target_review_or_no_strict_translation_agreement:esmfold_only:inherited:translated_mismatch_to_normalized_protein": 5,
    "original_target_review_or_no_strict_translation_agreement:esmfold_only:snapshot_nuclear:translated_mismatch_to_normalized_protein": 5,
    "original_target_review_or_no_strict_translation_agreement:esmfold_only:snapshot_mitochondrial:translated_mismatch_to_normalized_protein": 37,
    "original_target_genome_agrees_and_inherited_strict_translation_exact:alternative_not_assigned:inherited:translated_exact_match_to_normalized_protein": 111291,
    "original_target_genome_agrees_and_inherited_strict_translation_exact:alternative_not_assigned:snapshot_nuclear:translated_exact_match_to_normalized_protein": 111288,
    "original_target_genome_agrees_and_inherited_strict_translation_exact:alternative_not_assigned:snapshot_mitochondrial:translated_exact_match_to_normalized_protein": 38820,
    "original_target_genome_agrees_and_inherited_strict_translation_exact:alternative_not_assigned:snapshot_mitochondrial:translated_mismatch_to_normalized_protein": 72428,
    "original_target_review_or_no_strict_translation_agreement:alternative_not_assigned:inherited:not_translated_non_triplet_length": 160,
    "original_target_review_or_no_strict_translation_agreement:alternative_not_assigned:snapshot_nuclear:not_translated_non_triplet_length": 160,
    "original_target_review_or_no_strict_translation_agreement:alternative_not_assigned:snapshot_mitochondrial:not_translated_non_triplet_length": 160,
    "original_target_review_or_no_strict_translation_agreement:afdb_only:inherited:translated_exact_match_to_normalized_protein": 26260,
    "original_target_review_or_no_strict_translation_agreement:afdb_only:snapshot_nuclear:translated_exact_match_to_normalized_protein": 26232,
    "original_target_review_or_no_strict_translation_agreement:afdb_only:inherited:not_translated_non_triplet_length": 39128,
    "original_target_review_or_no_strict_translation_agreement:afdb_only:snapshot_nuclear:not_translated_non_triplet_length": 39128,
    "original_target_review_or_no_strict_translation_agreement:afdb_only:snapshot_mitochondrial:not_translated_non_triplet_length": 38814,
    "original_target_review_or_no_strict_translation_agreement:afdb_only:snapshot_mitochondrial:translated_exact_match_to_normalized_protein": 17926,
    "original_target_review_or_no_strict_translation_agreement:alternative_not_assigned:inherited:translated_exact_match_to_normalized_protein": 246,
    "original_target_review_or_no_strict_translation_agreement:alternative_not_assigned:snapshot_nuclear:translated_exact_match_to_normalized_protein": 244,
    "original_target_review_or_no_strict_translation_agreement:alternative_not_assigned:snapshot_mitochondrial:translated_mismatch_to_normalized_protein": 362,
    "original_target_review_or_no_strict_translation_agreement:alternative_not_assigned:snapshot_mitochondrial:translated_exact_match_to_normalized_protein": 85,
    "original_target_genome_agrees_and_inherited_strict_translation_exact:afdb_only:snapshot_nuclear:translated_mismatch_to_normalized_protein": 10018,
    "original_target_genome_agrees_and_inherited_strict_translation_exact:neither:snapshot_nuclear:translated_mismatch_to_normalized_protein": 2311,
    "original_target_genome_agrees_and_inherited_strict_translation_exact:both:inherited:translated_exact_match_to_normalized_protein": 719,
    "original_target_genome_agrees_and_inherited_strict_translation_exact:both:snapshot_nuclear:translated_exact_match_to_normalized_protein": 719,
    "original_target_genome_agrees_and_inherited_strict_translation_exact:both:snapshot_mitochondrial:translated_exact_match_to_normalized_protein": 436,
    "original_target_genome_agrees_and_inherited_strict_translation_exact:both:snapshot_mitochondrial:translated_mismatch_to_normalized_protein": 283,
    "original_target_genome_agrees_and_inherited_strict_translation_exact:afdb_only:snapshot_mitochondrial:unspecified_code_not_tested": 22032,
    "original_target_review_or_no_strict_translation_agreement:afdb_only:snapshot_mitochondrial:unspecified_code_not_tested": 381,
    "original_target_genome_agrees_and_inherited_strict_translation_exact:neither:snapshot_mitochondrial:unspecified_code_not_tested": 85631,
    "original_target_review_or_no_strict_translation_agreement:neither:snapshot_mitochondrial:unspecified_code_not_tested": 1632,
    "original_target_genome_agrees_and_inherited_strict_translation_exact:alternative_not_assigned:snapshot_mitochondrial:unspecified_code_not_tested": 43,
    "original_target_genome_agrees_and_inherited_strict_translation_exact:esmfold_only:snapshot_mitochondrial:unspecified_code_not_tested": 255,
    "original_target_review_or_no_strict_translation_agreement:esmfold_only:snapshot_mitochondrial:unspecified_code_not_tested": 1,
    "no_original_target_or_exact_derived_translation_evidence:neither:inherited:no_original_target": 137,
    "no_original_target_or_exact_derived_translation_evidence:neither:snapshot_nuclear:no_original_target": 137,
    "no_original_target_or_exact_derived_translation_evidence:neither:snapshot_mitochondrial:no_original_target": 137,
    "original_target_genome_agrees_and_inherited_strict_translation_exact:esmfold_only:snapshot_nuclear:translated_mismatch_to_normalized_protein": 35,
    "original_target_review_or_no_strict_translation_agreement:alternative_not_assigned:snapshot_nuclear:translated_mismatch_to_normalized_protein": 203,
    "original_target_genome_agrees_and_inherited_strict_translation_exact:alternative_not_assigned:snapshot_nuclear:translated_mismatch_to_normalized_protein": 3,
    "original_target_review_or_no_strict_translation_agreement:both:inherited:not_translated_non_triplet_length": 3,
    "original_target_review_or_no_strict_translation_agreement:both:snapshot_nuclear:not_translated_non_triplet_length": 3,
    "original_target_review_or_no_strict_translation_agreement:both:snapshot_mitochondrial:not_translated_non_triplet_length": 3,
    "original_target_review_or_no_strict_translation_agreement:alternative_not_assigned:inherited:translated_mismatch_to_normalized_protein": 201,
    "original_target_review_or_no_strict_translation_agreement:afdb_only:inherited:unspecified_code_not_tested": 1,
    "no_original_target_with_separate_derived_translation_evidence:neither:inherited:no_original_target": 8437,
    "no_original_target_with_separate_derived_translation_evidence:neither:snapshot_nuclear:no_original_target": 8437,
    "no_original_target_with_separate_derived_translation_evidence:neither:snapshot_mitochondrial:no_original_target": 8437,
    "no_original_target_with_separate_derived_translation_evidence:esmfold_only:inherited:no_original_target": 109,
    "no_original_target_with_separate_derived_translation_evidence:esmfold_only:snapshot_nuclear:no_original_target": 109,
    "no_original_target_with_separate_derived_translation_evidence:esmfold_only:snapshot_mitochondrial:no_original_target": 109,
    "no_original_target_with_separate_derived_translation_evidence:afdb_only:inherited:no_original_target": 12,
    "no_original_target_with_separate_derived_translation_evidence:afdb_only:snapshot_nuclear:no_original_target": 12,
    "no_original_target_with_separate_derived_translation_evidence:afdb_only:snapshot_mitochondrial:no_original_target": 12
  },
  "source_bindings": 3769,
  "public_taxon_table": "metadata/full_unmodified_cds_translation_taxon_dispositions_20261006_v1.tsv",
  "table_readback_complete": true,
  "original_transports": [
    {
      "unit": "fungal-full-unmodified-cds-translation-20261006-v1.service",
      "invocation_id": "ab722831bf4b45589350c040e65cf483",
      "original_tool_session_id": 43153,
      "actual_terminal_exit_code": 0,
      "whole_original_payloads_verified": true
    },
    {
      "unit": "fungal-full-unmodified-cds-translation-readback-20261006-v1.service",
      "invocation_id": "b3387d079fb5433291a344dad930bb9e",
      "original_tool_session_id": 54277,
      "actual_terminal_exit_code": 0,
      "whole_original_payloads_verified": true
    }
  ],
  "scientific_eligibility": false,
  "genetic_code_admission": false,
  "biological_codon_eligibility": false,
  "best_code_selected": false,
  "dna_modified": false,
  "protein_modified": false,
  "gpu": false,
  "new_predictions": 0,
  "all_eight_aims_incomplete": true,
  "scope": "Full original producer and independent reader source/output/execution closure and complete526taxon diagnostic table. Reuses already independently reconstructed record aggregates, with all declared hashes rechecked; no third translation parser. Every original/alternative/separate-derived disposition preserved. Fixed-code differences are not evolutionary events, accepted biological codes/compartments, codon alignment/selection eligibility or completed biological aims."
}
