{
  "source_models": 976357,
  "unique_intervals": 2454565,
  "boundary_links": 2705564,
  "candidate_model_hit_pairs": 1352782,
  "unique_interval_residues": 383162558,
  "raw_receipt_sha256": "3c871274c770e19fe1c70cb99cd07757ec132446bd1e27bd582c21d2a8550c1e",
  "status": "retained_full_domain_manifest_after_wrapper_reporting_failure_pending_independent_readback",
  "checked_utc": "2026-10-05T17:53:05.852233+00:00",
  "scientific_eligibility": false,
  "gpu": false,
  "new_predictions": 0,
  "original_tool_session_id": 70086,
  "original_tool_terminal_exit_code": 1,
  "original_native_terminal_exit_code": null,
  "original_native_exit_proof_available": false,
  "native_work_repeated": false,
  "original_wrapper_failure_preserved": true,
  "scope": "The original tool wait failed at the final wrapper reporting write because its receipt path was also its log directory. Exact original journal, identity, empty native stderr and complete bound producer output retained. No original native exit code is reconstructed or assumed. A new full independent SQL-union readback and its actual original wait must close before these saved intervals can enter extraction; no native rerun."
}
