full_weighted_fit_cohort 1 / 5 candidates 4800
full_weighted_fit_cohort 2 / 5 candidates 4800
full_weighted_fit_cohort 1 / 5 candidates 4800
full_weighted_fit_cohort 2 / 5 candidates 4800
full_weighted_fit_cohort 3 / 5 candidates 4800
full_weighted_fit_cohort 4 / 5 candidates 4800
full_weighted_fit_cohort 5 / 5 candidates 4800
{"logical_cases": 24, "cohorts": 5, "designs": 150, "fit_inputs": 300, "settings": 600, "candidate_rows": 24000, "setting_fit_links": 48000, "candidate_status_counts": {"exact_four_control_covariance_basis_requires_review": 12000, "insufficient_residual_dimension": 9600, "constant_response_requires_review": 2400}, "setting_status_counts": {"exact_four_control_covariance_basis_requires_review": 24000, "insufficient_residual_dimension": 19200, "constant_response_requires_review": 4800}, "methods": ["ml", "reml"], "trees": ["t1", "t2", "t3", "t4", "t5"], "loading_modes": ["signed", "unsigned"], "policies": ["uniform", "background_node", "background_pair", "family_component"]}
independent_full_weighted_fit_cohort 1 / 5 candidates 4800
independent_full_weighted_fit_cohort 2 / 5 candidates 4800
independent_full_weighted_fit_cohort 1 / 5 candidates 4800
independent_full_weighted_fit_cohort 2 / 5 candidates 4800
independent_full_weighted_fit_cohort 3 / 5 candidates 4800
independent_full_weighted_fit_cohort 4 / 5 candidates 4800
independent_full_weighted_fit_cohort 5 / 5 candidates 4800
{"logical_cases": 24, "cohorts": 5, "designs": 150, "fit_inputs": 300, "settings": 600, "candidate_rows": 24000, "setting_fit_links": 48000, "candidate_status_counts": {"exact_four_control_covariance_basis_requires_review": 12000, "insufficient_residual_dimension": 9600, "constant_response_requires_review": 2400}, "setting_status_counts": {"exact_four_control_covariance_basis_requires_review": 24000, "insufficient_residual_dimension": 19200, "constant_response_requires_review": 4800}, "methods": ["ml", "reml"], "trees": ["t1", "t2", "t3", "t4", "t5"], "loading_modes": ["signed", "unsigned"], "policies": ["uniform", "background_node", "background_pair", "family_component"]}
full_weighted_fit_cohort 1 / 5 candidates 4800
full_weighted_fit_cohort 2 / 5 candidates 4800
full_weighted_fit_cohort 3 / 5 candidates 4800
full_weighted_fit_cohort 4 / 5 candidates 4800
full_weighted_fit_cohort 5 / 5 candidates 4800
{"logical_cases": 24, "cohorts": 5, "designs": 150, "fit_inputs": 300, "settings": 600, "candidate_rows": 24000, "setting_fit_links": 48000, "candidate_status_counts": {"exact_four_control_covariance_basis_requires_review": 7200, "insufficient_residual_dimension": 9600, "shared_entity_fit_error_requires_review": 4800, "constant_response_requires_review": 2400}, "setting_status_counts": {"exact_four_control_covariance_basis_requires_review": 14400, "insufficient_residual_dimension": 19200, "shared_entity_fit_error_requires_review": 9600, "constant_response_requires_review": 4800}, "methods": ["ml", "reml"], "trees": ["t1", "t2", "t3", "t4", "t5"], "loading_modes": ["signed", "unsigned"], "policies": ["uniform", "background_node", "background_pair", "family_component"]}
independent_full_weighted_fit_cohort 1 / 5 candidates 4800
independent_full_weighted_fit_cohort 2 / 5 candidates 4800
independent_full_weighted_fit_cohort 1 / 5 candidates 4800
independent_full_weighted_fit_cohort 2 / 5 candidates 4800
independent_full_weighted_fit_cohort 3 / 5 candidates 4800
independent_full_weighted_fit_cohort 4 / 5 candidates 4800
independent_full_weighted_fit_cohort 5 / 5 candidates 4800
{"logical_cases": 24, "cohorts": 5, "designs": 150, "fit_inputs": 300, "settings": 600, "candidate_rows": 24000, "setting_fit_links": 48000, "candidate_status_counts": {"exact_four_control_covariance_basis_requires_review": 7200, "insufficient_residual_dimension": 9600, "shared_entity_fit_error_requires_review": 4800, "constant_response_requires_review": 2400}, "setting_status_counts": {"exact_four_control_covariance_basis_requires_review": 14400, "insufficient_residual_dimension": 19200, "shared_entity_fit_error_requires_review": 9600, "constant_response_requires_review": 4800}, "methods": ["ml", "reml"], "trees": ["t1", "t2", "t3", "t4", "t5"], "loading_modes": ["signed", "unsigned"], "policies": ["uniform", "background_node", "background_pair", "family_component"]}
full_weighted_fit_cohort 1 / 5 candidates 4800
full_weighted_fit_cohort 2 / 5 candidates 4800
full_weighted_fit_cohort 3 / 5 candidates 4800
full_weighted_fit_cohort 4 / 5 candidates 4800
full_weighted_fit_cohort 5 / 5 candidates 4800
{"logical_cases": 24, "cohorts": 5, "designs": 150, "fit_inputs": 300, "settings": 600, "candidate_rows": 24000, "setting_fit_links": 48000, "candidate_status_counts": {"exact_four_control_covariance_basis_requires_review": 7200, "insufficient_residual_dimension": 9600, "shared_entity_fit_error_requires_review": 4800, "constant_response_requires_review": 2400}, "setting_status_counts": {"exact_four_control_covariance_basis_requires_review": 14400, "insufficient_residual_dimension": 19200, "shared_entity_fit_error_requires_review": 9600, "constant_response_requires_review": 4800}, "methods": ["ml", "reml"], "trees": ["t1", "t2", "t3", "t4", "t5"], "loading_modes": ["signed", "unsigned"], "policies": ["uniform", "background_node", "background_pair", "family_component"]}
independent_full_weighted_fit_cohort 1 / 5 candidates 4800
independent_full_weighted_fit_cohort 2 / 5 candidates 4800
independent_full_weighted_fit_cohort 1 / 5 candidates 4800
independent_full_weighted_fit_cohort 2 / 5 candidates 4800
independent_full_weighted_fit_cohort 3 / 5 candidates 4800
independent_full_weighted_fit_cohort 4 / 5 candidates 4800
independent_full_weighted_fit_cohort 5 / 5 candidates 4800
{"logical_cases": 24, "cohorts": 5, "designs": 150, "fit_inputs": 300, "settings": 600, "candidate_rows": 24000, "setting_fit_links": 48000, "candidate_status_counts": {"exact_four_control_covariance_basis_requires_review": 7200, "insufficient_residual_dimension": 9600, "shared_entity_fit_error_requires_review": 4800, "constant_response_requires_review": 2400}, "setting_status_counts": {"exact_four_control_covariance_basis_requires_review": 14400, "insufficient_residual_dimension": 19200, "shared_entity_fit_error_requires_review": 9600, "constant_response_requires_review": 4800}, "methods": ["ml", "reml"], "trees": ["t1", "t2", "t3", "t4", "t5"], "loading_modes": ["signed", "unsigned"], "policies": ["uniform", "background_node", "background_pair", "family_component"]}
independent_full_weighted_fit_cohort 1 / 5 candidates 4800
independent_full_weighted_fit_cohort 2 / 5 candidates 4800
independent_full_weighted_fit_cohort 3 / 5 candidates 4800
independent_full_weighted_fit_cohort 4 / 5 candidates 4800
independent_full_weighted_fit_cohort 5 / 5 candidates 4800
{"logical_cases": 24, "cohorts": 5, "designs": 150, "fit_inputs": 300, "settings": 600, "candidate_rows": 24000, "setting_fit_links": 48000, "candidate_status_counts": {"exact_four_control_covariance_basis_requires_review": 12000, "insufficient_residual_dimension": 9600, "constant_response_requires_review": 2400}, "setting_status_counts": {"exact_four_control_covariance_basis_requires_review": 24000, "insufficient_residual_dimension": 19200, "constant_response_requires_review": 4800}, "methods": ["ml", "reml"], "trees": ["t1", "t2", "t3", "t4", "t5"], "loading_modes": ["signed", "unsigned"], "policies": ["uniform", "background_node", "background_pair", "family_component"]}
{
  "status": "passed_complete_guarded_parallel_source_fitting_exports_and_numeric_reader_v3",
  "checked_utc": "2026-10-04T12:47:55.562414+00:00",
  "complete_synthetic_grids": [
    {
      "name": "unqualified",
      "candidate_rows": 24000,
      "setting_fit_links": 48000,
      "producer_status_counts": {
        "exact_four_control_covariance_basis_requires_review": 12000,
        "insufficient_residual_dimension": 9600,
        "constant_response_requires_review": 2400
      },
      "independent_status_counts": {
        "source_review_or_exclusion_retained": 24000
      }
    },
    {
      "name": "qualified-common-pair",
      "candidate_rows": 24000,
      "setting_fit_links": 48000,
      "producer_status_counts": {
        "exact_four_control_covariance_basis_requires_review": 7200,
        "insufficient_residual_dimension": 9600,
        "shared_entity_fit_error_requires_review": 4800,
        "constant_response_requires_review": 2400
      },
      "independent_status_counts": {
        "source_review_or_exclusion_retained": 19200,
        "original_numerical_failure_reproduced_requires_review": 4800
      }
    },
    {
      "name": "qualified-pair-exception",
      "candidate_rows": 24000,
      "setting_fit_links": 48000,
      "producer_status_counts": {
        "exact_four_control_covariance_basis_requires_review": 7200,
        "insufficient_residual_dimension": 9600,
        "shared_entity_fit_error_requires_review": 4800,
        "constant_response_requires_review": 2400
      },
      "independent_status_counts": {
        "source_review_or_exclusion_retained": 19200,
        "original_numerical_failure_reproduced_requires_review": 4800
      }
    }
  ],
  "total_candidate_rows": 72000,
  "total_setting_fit_links": 144000,
  "actual_serialized_numeric_replays": 64,
  "private_rehashed_corruptions_rejected": [
    "omit_candidate",
    "duplicate_candidate",
    "foreign_candidate",
    "changed_diagonal",
    "promote_science",
    "false_fit_failure",
    "missing_link",
    "duplicate_link",
    "foreign_link",
    "changed_ordinal",
    "changed_original_setting",
    "changed_control",
    "missing_artifact",
    "changed_source_hash",
    "extra_artifact",
    "false_stage_contract",
    "cached_guard_false",
    "cohort_guard_false",
    "native_guard_false",
    "cached_guard_count_zero",
    "cohort_guard_count_zero",
    "receipt_cached_guard_false",
    "receipt_native_guard_false"
  ],
  "positive_rebound_private_control_passed": true,
  "in_memory_mutations_rejected": [
    {
      "role": "producer",
      "case": "unused-factor",
      "failures": [
        "data/software_audits/full-weighted-guarded-parallel-source-fits-20261004-v3/memory-producer-unused-factor/memory_failures/b1112e8ac8aac6ef10ca3a77e4a2a5e2de05e9d1eb2a80b60162fccb7519dcdd/failure.json"
      ]
    },
    {
      "role": "producer",
      "case": "design",
      "failures": [
        "data/software_audits/full-weighted-guarded-parallel-source-fits-20261004-v3/memory-producer-design/memory_failures/bd946a3d421dbad72835a3420407a1a2d5fd33c78d9baa5b486521f0c3156943/failure.json",
        "data/software_audits/full-weighted-guarded-parallel-source-fits-20261004-v3/memory-producer-design/memory_failures/0a90d754e2fe70b75db481082c5752e074c71a78ba10c87563bb9b51b7eac25a/failure.json"
      ]
    },
    {
      "role": "producer",
      "case": "response",
      "failures": [
        "data/software_audits/full-weighted-guarded-parallel-source-fits-20261004-v3/memory-producer-response/memory_failures/bd946a3d421dbad72835a3420407a1a2d5fd33c78d9baa5b486521f0c3156943/failure.json",
        "data/software_audits/full-weighted-guarded-parallel-source-fits-20261004-v3/memory-producer-response/memory_failures/43e081596f183acaf91cfdd4cd522b11f047dca095bfde52eee064a359302605/failure.json"
      ]
    },
    {
      "role": "producer",
      "case": "diagonal",
      "failures": [
        "data/software_audits/full-weighted-guarded-parallel-source-fits-20261004-v3/memory-producer-diagonal/memory_failures/bd946a3d421dbad72835a3420407a1a2d5fd33c78d9baa5b486521f0c3156943/failure.json",
        "data/software_audits/full-weighted-guarded-parallel-source-fits-20261004-v3/memory-producer-diagonal/memory_failures/268f1f497a10510201e5cf0901cc6fd7745b7374c8cfdea6b38587acbf9c1273/failure.json"
      ]
    },
    {
      "role": "producer",
      "case": "rows",
      "failures": [
        "data/software_audits/full-weighted-guarded-parallel-source-fits-20261004-v3/memory-producer-rows/memory_failures/bd946a3d421dbad72835a3420407a1a2d5fd33c78d9baa5b486521f0c3156943/failure.json",
        "data/software_audits/full-weighted-guarded-parallel-source-fits-20261004-v3/memory-producer-rows/memory_failures/c61c00646f62417c10a30c320cac644c7fdbca4b95eefd01e2ceae1796daddba/failure.json"
      ]
    },
    {
      "role": "producer",
      "case": "operator",
      "failures": [
        "data/software_audits/full-weighted-guarded-parallel-source-fits-20261004-v3/memory-producer-operator/memory_failures/7bb428f78b49ca1238fd711e32848d5fd97d41a2dc346ae1be755ab65a96164b/failure.json"
      ]
    },
    {
      "role": "producer",
      "case": "design-layout",
      "failures": [
        "data/software_audits/full-weighted-guarded-parallel-source-fits-20261004-v3/memory-producer-design-layout/memory_failures/352e9b7b39961da1f11f513b7a9c1a4766ac741f223fb4f2db407895afabf384/failure.json",
        "data/software_audits/full-weighted-guarded-parallel-source-fits-20261004-v3/memory-producer-design-layout/memory_failures/bd946a3d421dbad72835a3420407a1a2d5fd33c78d9baa5b486521f0c3156943/failure.json"
      ]
    },
    {
      "role": "producer",
      "case": "cohort-design",
      "failures": [
        "data/software_audits/full-weighted-guarded-parallel-source-fits-20261004-v3/memory-producer-cohort-design/memory_failures/bd946a3d421dbad72835a3420407a1a2d5fd33c78d9baa5b486521f0c3156943/failure.json"
      ]
    },
    {
      "role": "producer",
      "case": "cached-before",
      "failures": [
        "data/software_audits/full-weighted-guarded-parallel-source-fits-20261004-v3/memory-producer-cached-before/memory_failures/e4513e78d78a017a18d552bd5539fbbe24dc9650567d191733fafd8b11fe4ee9/failure.json"
      ]
    },
    {
      "role": "reader",
      "case": "unused-factor",
      "failures": [
        "data/software_audits/full-weighted-guarded-parallel-source-fits-20261004-v3/memory-reader-unused-factor/memory_failures/b1112e8ac8aac6ef10ca3a77e4a2a5e2de05e9d1eb2a80b60162fccb7519dcdd/failure.json"
      ]
    },
    {
      "role": "reader",
      "case": "design",
      "failures": [
        "data/software_audits/full-weighted-guarded-parallel-source-fits-20261004-v3/memory-reader-design/memory_failures/bd946a3d421dbad72835a3420407a1a2d5fd33c78d9baa5b486521f0c3156943/failure.json",
        "data/software_audits/full-weighted-guarded-parallel-source-fits-20261004-v3/memory-reader-design/memory_failures/4b7f01978f90e9456dc9bf8758d607ab2550360d2777cb81d0687c814d1ce374/failure.json"
      ]
    },
    {
      "role": "reader",
      "case": "response",
      "failures": [
        "data/software_audits/full-weighted-guarded-parallel-source-fits-20261004-v3/memory-reader-response/memory_failures/bd946a3d421dbad72835a3420407a1a2d5fd33c78d9baa5b486521f0c3156943/failure.json",
        "data/software_audits/full-weighted-guarded-parallel-source-fits-20261004-v3/memory-reader-response/memory_failures/af76941feb3bbcbedcce079440d956506f6ce2f5765ece7cf8a00358beed0d7e/failure.json"
      ]
    },
    {
      "role": "reader",
      "case": "diagonal",
      "failures": [
        "data/software_audits/full-weighted-guarded-parallel-source-fits-20261004-v3/memory-reader-diagonal/memory_failures/bd946a3d421dbad72835a3420407a1a2d5fd33c78d9baa5b486521f0c3156943/failure.json",
        "data/software_audits/full-weighted-guarded-parallel-source-fits-20261004-v3/memory-reader-diagonal/memory_failures/65c00c510e72a3c37e70208ac98000af6bc0664f210884cb3995a7e07b9c8f52/failure.json"
      ]
    },
    {
      "role": "reader",
      "case": "rows",
      "failures": [
        "data/software_audits/full-weighted-guarded-parallel-source-fits-20261004-v3/memory-reader-rows/memory_failures/bd946a3d421dbad72835a3420407a1a2d5fd33c78d9baa5b486521f0c3156943/failure.json",
        "data/software_audits/full-weighted-guarded-parallel-source-fits-20261004-v3/memory-reader-rows/memory_failures/e125024d4d85d54465373728364ad9f7ef52d090f0d7b03eda08621c3cb284fe/failure.json"
      ]
    },
    {
      "role": "reader",
      "case": "operator",
      "failures": [
        "data/software_audits/full-weighted-guarded-parallel-source-fits-20261004-v3/memory-reader-operator/memory_failures/8c43b379860df0ec11fde58b6d884141778633a3731a33ea9d79de19333c6f64/failure.json"
      ]
    },
    {
      "role": "reader",
      "case": "design-layout",
      "failures": [
        "data/software_audits/full-weighted-guarded-parallel-source-fits-20261004-v3/memory-reader-design-layout/memory_failures/bd946a3d421dbad72835a3420407a1a2d5fd33c78d9baa5b486521f0c3156943/failure.json",
        "data/software_audits/full-weighted-guarded-parallel-source-fits-20261004-v3/memory-reader-design-layout/memory_failures/397ca177b310cb49390c81f8b83de9ca1bbac96f492720b2e577c5036464cf24/failure.json"
      ]
    },
    {
      "role": "reader",
      "case": "cohort-design",
      "failures": [
        "data/software_audits/full-weighted-guarded-parallel-source-fits-20261004-v3/memory-reader-cohort-design/memory_failures/bd946a3d421dbad72835a3420407a1a2d5fd33c78d9baa5b486521f0c3156943/failure.json"
      ]
    },
    {
      "role": "reader",
      "case": "cached-before",
      "failures": [
        "data/software_audits/full-weighted-guarded-parallel-source-fits-20261004-v3/memory-reader-cached-before/memory_failures/e4513e78d78a017a18d552bd5539fbbe24dc9650567d191733fafd8b11fe4ee9/failure.json"
      ]
    }
  ],
  "actual_guarded_native_candidate_and_reader_checks": 64,
  "exact_numeric_failure_captures": 6,
  "qualified_parent_artifacts_preserved": true,
  "producer_closed_chunks_reused_without_rewrite": true,
  "reader_closed_chunks_replayed_without_rewrite": true,
  "completed_role_restarts_refused": 6,
  "full_export_native_fit_branches_explicitly_mocked": true,
  "source_and_journal_fixtures_synthetic": true,
  "actual_numeric_replays_use_unchanged_frozen_independent_reader": true,
  "production_fitting_launched": false,
  "scientific_eligibility": false,
  "gpu": false
}
