{
  "status": "passed_full_domain_interval_manifest_sql_union_readback",
  "intervals": 2454565,
  "models": 976357,
  "residues": 383162558,
  "maximum_interval_residues": 1103,
  "source_receipt_sha256": "3c871274c770e19fe1c70cb99cd07757ec132446bd1e27bd582c21d2a8550c1e",
  "script_sha256": "0354196f220fa7a2455494401550a8fa1e2f1e421aae50a8b12462861a0203bb",
  "scope": "Independent SQL union of alignment/envelope spans compared with every emitted interval, exact source model/sequence/path, inclusive bounds and interval hash. Complements producer boundary-link round trip; does not extract or validate coordinates."
}
{
  "status": "passed_full_domain_interval_manifest_sql_union_readback",
  "intervals": 2454565,
  "models": 976357,
  "residues": 383162558,
  "maximum_interval_residues": 1103,
  "source_receipt_sha256": "3c871274c770e19fe1c70cb99cd07757ec132446bd1e27bd582c21d2a8550c1e",
  "script_sha256": "0354196f220fa7a2455494401550a8fa1e2f1e421aae50a8b12462861a0203bb",
  "scope": "Unchanged independent full SQL union against every interval, source model, sequence, path and inclusive bound. Original producer wrapper reporting failure retained; actual original retained-output review closed first. No original native exit assumed. No coordinate, confidence, PAE, physical boundary or evolutionary-event qualification.",
  "checked_utc": "2026-10-05T17:55:35.561891+00:00",
  "scientific_eligibility": false,
  "gpu": false,
  "new_predictions": 0,
  "original_producer_tool_session_id": 70086,
  "original_producer_tool_terminal_exit_code": 1,
  "original_producer_native_terminal_exit_code": null,
  "retained_output_review_tool_session_id": 39729,
  "raw_readback_sha256": "3d3bc3ab27a01b13ed4fe6d04791050f29c35454ca879dd10d6b89cb39bff0d7"
}
