{
  "status": "passed_exact_all24_V10_full_comparison_job_contracts_v1",
  "checked_utc": "2026-10-05T23:33:27.963592+00:00",
  "scope_check": {
    "original_failed_roles": 24,
    "effective_inputs": 2,
    "prior_quartets": 6,
    "prior_role_counts": {
      "broad": 8,
      "centered": 8,
      "package": 8
    },
    "chains_per_quartet": 4,
    "original_seeds_preserved": 24,
    "original_models_reversibly_preserved": 6,
    "native_as_bytes": 51539607552,
    "stack_soft_bytes": 8388608,
    "stack_hard_unlimited": true,
    "original_cpu_wall_file_caps_preserved": true,
    "iterations": 20,
    "no_original_failure_restarted": true,
    "paired_v7_roles": 24,
    "v10_reversible_models": 6,
    "only_native_program_and_chain_namespace_changed": true,
    "full_input_tips": 622,
    "full_V10_matrix_roles": 24,
    "scientific_eligibility": false,
    "posterior_qualified": false
  },
  "rejected_mutations": [
    "drop_role",
    "duplicate_role",
    "source_role",
    "chain_id",
    "seed",
    "prior",
    "effective_input",
    "aliases",
    "taxa",
    "alignment_hash",
    "tree_hash",
    "iterations",
    "cpu",
    "wall",
    "as",
    "file",
    "stack",
    "memory_reservation",
    "program_hash",
    "extra_native_argument"
  ],
  "actual_original_failed_receipts_reverified": 24,
  "jobs": "data/software_audits/baliphy-log-alpha-v10-full-jobs-20261005-v1/jobs.json",
  "mapping": "results/ancestral/case-local-trees-20260927-v1/ancestral_node_mapping.tsv",
  "new_native_runs": 0,
  "original_jobs_restarted": false,
  "scientific_eligibility": false,
  "posterior_qualified": false,
  "gpu": false,
  "scope": "All24closed V7 full-input paired sources and actual original failed V6 roles, preserving input/model/configuration/seed/resource binding and serialized job construction are checked, with20scope/capacity negatives. No native run or mock biological outcome; this qualifies construction only. V10paired native software and independent diagnostic replay and full original V7 closure are source prerequisites. Full V10native matrix/output replay remains unrun."
}
