{
  "status": "complete_current_full_ancestral_horizon_cost_census_pending_readback",
  "checked_utc": "2026-10-06T02:50:05.263899+00:00",
  "original_roles": 1620,
  "effective_inputs": 135,
  "original_quartets": 405,
  "original_native_failures": 24,
  "separate_comparison_attempts": 24,
  "measured_native_attempts": 1644,
  "computational_cost_baselines": 1620,
  "measured_native_files": 16440,
  "original_native_failures_retained": true,
  "comparisons_are_not_biological_replicates": true,
  "measured_bytes_by_filename": {
    "command.json": 946575,
    "C1.P1.fastas": 845983339,
    "C1.P1.site-property-samples.jsonl": 1859749943,
    "C1.log": 24982651,
    "C1.log.column-map.json": 1610280,
    "C1.log.json": 44171453,
    "runtime-tree.nwk": 4091292,
    "process.json": 1137119,
    "stderr.log": 95580,
    "stdout.log": 1412322,
    "C1.P1.log-alpha-samples.jsonl": 300456
  },
  "measured_native_artifact_bytes": 2784481010,
  "measured_consumed_native_worker_wall_seconds": "134220.649755225051031",
  "baseline_native_worker_wall_seconds": "131371.847308153053581",
  "proposed_iterations": 10000,
  "proposed_saved_frame_interval": 10,
  "expected_scalar_states_per_role": 10001,
  "expected_saved_frames_per_role": 1001,
  "linear_projected_existing_native_bytes": 935896642895,
  "missing_latent_output_allowance_bytes": 9577915200,
  "largest_observed_latent_physical_line_bytes": 600,
  "linear_native_total_with_latent_allowance_bytes": 945474558095,
  "worker_scenarios": [
    {
      "workers": 4,
      "native_worker_wall_hours": "18246.089903910146330694444444444444444444444444444",
      "ideal_worker_only_wall_days": "190.06343649906402427806712962962962962962962962963"
    },
    {
      "workers": 8,
      "native_worker_wall_hours": "18246.089903910146330694444444444444444444444444444",
      "ideal_worker_only_wall_days": "95.031718249532012139033564814814814814814814814815"
    },
    {
      "workers": 16,
      "native_worker_wall_hours": "18246.089903910146330694444444444444444444444444444",
      "ideal_worker_only_wall_days": "47.515859124766006069516782407407407407407407407407"
    }
  ],
  "historical_1000_iteration_successful_only_projected_worker_hours": "16121.139184973483333333333333333333333333333333333",
  "historical_failed_roles_unestimated": 2,
  "original_v6_maximum_observed_cgroup_bytes": 122971566080,
  "original_v6_maximum_reported_cgroup_peak_bytes": 123334897664,
  "v10_per_native_live_memory_unobserved": true,
  "long_horizon_peak_memory_unqualified": true,
  "scalar_review_roles_in_cost_baselines": 14,
  "file_table": "results/ancestral/current-full-horizon-costs-20261006-v1/native_files.tsv",
  "attempt_table": "results/ancestral/current-full-horizon-costs-20261006-v1/native_attempts.tsv",
  "runtime_projection_uncalibrated": true,
  "storage_projection_uncalibrated": true,
  "production_launch_allowed": false,
  "posterior_qualified": false,
  "scientific_eligibility": false,
  "goal_finish_eta": null,
  "convergence_eta": null,
  "new_native_runs": 0,
  "gpu": false,
  "new_predictions": 0,
  "scope": "Complete current 1620-role computational cost census with all 24 original failures and 24 separate V10 comparisons retained. Every used native artifact rehashed and sized; observed memory remains sampling telemetry, not a guaranteed peak. Linear frame/state-count byte and worker-wall scenarios are planning assumptions, not bounds, new validated biological samples, convergence or an ETA. Historical 1000-iteration costs are explicitly older-code/successful-only reference evidence. Future full long-horizon construction, parsers, calibration and safe caps remain required."
}
