{
  "status": "passed_horizon_aware_streaming_readers_full_current_corpus_and_software_controls",
  "checked_utc": "2026-10-06T03:45:37.770191+00:00",
  "full_attempts_checked": 1644,
  "original_v6_roles": 1620,
  "separate_v10_comparisons": 24,
  "original_native_failures_retained": 24,
  "original_numeric_reviews_retained": 14,
  "finite_integrity_roles": 1606,
  "scalar_rows_checked": 34020,
  "mapped_scalar_values_checked": 1450218,
  "diagnostic_rows_checked": 504,
  "overflow_rows_retained": 8,
  "native_fasta_frames_checked": 4860,
  "existing_joint_exports_checked": 4818,
  "joint_tip_pairs_checked": 70984887,
  "joint_ancestral_pairs_checked": 74707044,
  "inherited_status_counts": {
    "full_joint_short_sampler_output_integrity_checked_not_posterior": 1606,
    "explicit_nonfinite_or_literal_null_scalar_output_retained_for_review": 14,
    "unsuccessful_sampler_qualification_attempt_retained": 24
  },
  "synthetic_positive_controls": [
    {
      "kind": "synthetic_parser_control_not_native_sampling",
      "iterations": 17,
      "scalar_states": 18,
      "saved_joint_frames": 2,
      "transactional_final_directory_created": true,
      "scientific_eligibility": false
    },
    {
      "kind": "synthetic_parser_control_not_native_sampling",
      "iterations": 10000,
      "scalar_states": 10001,
      "saved_joint_frames": 1001,
      "transactional_final_directory_created": true,
      "scientific_eligibility": false
    },
    {
      "kind": "tagged_numeric_review_retained",
      "nonfinite_rows": 1,
      "arrays_created": 0
    }
  ],
  "rejection_controls": [
    "boolean_horizon",
    "negative_horizon",
    "zero_interval",
    "boolean_interval",
    "missing_scalar_last",
    "extra_scalar_row",
    "unordered_scalar_last",
    "boolean_scalar_last",
    "duplicate_scalar_key",
    "untagged_nonfinite_scalar",
    "changed_finite_scalar",
    "missing_tsv_row",
    "duplicate_tsv_column",
    "invalid_scalar_header",
    "missing_joint_last",
    "extra_joint_frame",
    "unordered_joint_last",
    "bad_late_category",
    "duplicate_joint_key",
    "missing_fasta_last",
    "changed_fasta_tip",
    "missing_latent_last",
    "changed_latent_density",
    "wrong_latent_prior",
    "late_failure_retains_pending_without_final_export",
    "existing_namespace_not_reused",
    "staged_readback_extra_ledger_row",
    "staged_readback_missing_array",
    "staged_readback_foreign_file"
  ],
  "synthetic_long_iterations": 10000,
  "synthetic_long_scalar_states": 10001,
  "synthetic_long_joint_frames": 1001,
  "maximum_retained_joint_frames_per_worker": 1,
  "reference_ledger_streaming_supported": true,
  "transient_json_parser_allocation_not_a_long_chain_peak_bound": true,
  "complete_trace_needed_before_final_export": true,
  "original_native_arrays_unchanged": true,
  "prior_short_reader_sources_unchanged": true,
  "role_table": "data/software_audits/baliphy-horizon-streaming-readers-20261006-v2/role_readback.tsv",
  "control_receipt": "data/software_audits/baliphy-horizon-streaming-readers-20261006-v2/software_controls.json",
  "producer_self_peak_rss_bytes": 482426880,
  "long_native_horizon_validated": false,
  "native_custody_for_future_runs_qualified": false,
  "long_memory_or_disk_bound_qualified": false,
  "production_launch_allowed": false,
  "scientific_eligibility": false,
  "posterior_qualified": false,
  "new_native_runs": 0,
  "new_predictions": 0,
  "gpu": false,
  "scope": "All current1644native attempts retain exact custody/outcomes. Dynamic scalar/FASTA/joint readers replay all native-zero scalar rows,24latent traces and every existing admitted export. Long horizons are software controls only, not MCMC or a pilot. Original qualified decoders and sources are shared dependencies; no independent biological truth or long-run peak/convergence/disk guarantee is established. Reviewed arrays remain excluded."
}
