ordered_original_timing_probe 1 /40 004557b52f0f54dc276e118861e564bc50d72ed19b3aa88c70ce7e1fe2dc16fd original_probe_rejected_in_ordered_diagnostic inputs_preserved False
{
  "status": "completed_ordered_cohort_timing_probe_diagnostic_v5",
  "checked_utc": "2026-10-04T07:54:09.977791+00:00",
  "plan": "metadata/retained_timing_ordered_probe_diagnostic_plan_20261004_v5.json",
  "plan_sha256": "bb5ac30433004c00425a4969c93a26b964f625ded357851c799d8b97a6af36a1",
  "cohort_id": "00c9462e56f1fcdf34d9e1f94c47c072ea4d26961d46c37b18de57bbc9ddc189",
  "records": 22881,
  "planned_groups": 40,
  "executed_groups": 1,
  "unattempted_group_ids": [
    "01c08901d3b9a1d4760ccfdf81024e480c71e64e0034619682a46c21ff39a0ed",
    "10b32837f9e0b937d0d0a1d05b92eedea40673d5bf175af9c1d23734a2205d73",
    "1292458f4bfb9d47cf652df27b08a03779daa9f16ef8e45b7a8c6b3a7dbd9abe",
    "2279da186a51d103e3273a0b7fdd1ef487ff512181eb81f963b179bfdfc2ec55",
    "2b90a43c7248efd2e3a0408e824657a217f124c2cfc210983c41ad9d2a51a822",
    "2eb183b0ac69619a30571e193dbe34c473c442239d4d4959e148325e05f8ff2f",
    "3bc76bd5d6ee6c08eee9da8273bdfcacf57413a7deb057559b9b8c0bf29cf8e6",
    "527ec20a91ed82f748cc1f50c8835585d7d1845cd27a3cbabde93a7cacf6b083",
    "53975478336eb1263d411e1446ee25f3ddecdd94882b17a55fadad1e8c6843a9",
    "586e62915a9df70dfea0f57062a62c18654f466aa7bf3ad3d49df846d95aca4d",
    "66e101962129dcce7708b7562686bad6f65e4790ca62572dabade1e57c0244ec",
    "6998fbb1189bb39eb5404593861f03f61668eec3246eaea7d066d86ec146f0d1",
    "6df7894cc913f65d58e47fab35b00e029526b2f4d8dd5a3ba62319ce59e82649",
    "6e7e50b75abd54bc1aef916c8f97f952e6772e0cb2038ddc435a81707d09d3cb",
    "71fa2347723459edd52e646136aabcd8b400529fc741716739dc3d2b255c4f39",
    "73cf5a8e12aa16ba69c250a8eed7969df911c75275df2dacc1648768327923e3",
    "768a967d92ec665bf1e83bcfe32ea5e81fa7978e5a3d83d9b015f52e1f32a0c0",
    "7e3087c9fb8d3c1baca953ce9c9cc3fdfb0500f19c4ec3ddc51af0255e33d45a",
    "8b804a6670d8afd4489cf7e2878b3a2bc87bca616b73e259e4dacb59537b6529",
    "9073cdcd8a8e20f2dea9ce97f431b2fcf2dbbcabfc88bbd36f8d8ec49e100644",
    "92c04f5d3cdb5c3a5d2723736d3efbbb4666dc6dec32246cb6a6f8c308e824f6",
    "9461b426be50a5e88b7220ea699ac7e695ebdb0674a6608b7f8e7924eff410b8",
    "949240468056072735841da233864d0acd8207994776543de162d2cc3c8058e8",
    "99c7e30f5a3adb06c8ac7786890e29c4c6e9946ebbae1052a6e2abb39810e835",
    "9b65c071176376cfebf429a8ab68d19ebfcae02d4edfdae78afa7f87706eb518",
    "a071793ccb93359e7ad1978ef355477eb919398fd1cd546baae795b4a04e72dc",
    "a31517a6067b82636cf3e5b9b37b639d9d5d627a42e6686ea889d9012fbafc7a",
    "a85e8c1e21b4fca0d0a27cc799f1edbe4ed6dd6bbfc8e4800e8a9514b0d5fd6b",
    "a8e2b55caab97a376e472c137316cd291df489c3a8ca29c4edce9ca538edd799",
    "b4ecf20785dbdd31023f4491a66fe7dbbce90c2ab2373d4ba78bb289c09fecbc",
    "bab1e09fe1390292b5e1bc874cf8b9ba3ab94d0e5f9840f7868e3f8c6d50c734",
    "cae412e11b15a62e899a7df920f6559208dbeefe94f13476666b17f8fac4dac8",
    "d16d528829e6f70a2e8dd873e7485f45f0aeed07d8c07560babdc0be41c50045",
    "d6aab880c7bf12e52cbd7495bdc54469315670c0a279d3fd9f072a0a9c27aa24",
    "df656b49042b341983ad55096d618bcb4fe5166584996863924f93a141f61ac2",
    "e0d6626ac5d6625f0762a5caff26829648cb7308fd9fab975b6003d941884c70",
    "e488f7532c61df14c02d2cb889cfff6d5b12182fc17c82b34317936ea0445e01",
    "e6a87c8a65d856f2a416e3bf412708116ea09f0b4965f467940165da6d397033",
    "ea5a8a7ae9ea2be869b197dfdbce44c24bb1a6da9569341ca2c7ad43ebf66763"
  ],
  "detected_input_mutation": {
    "sequence": 1,
    "group_id": "004557b52f0f54dc276e118861e564bc50d72ed19b3aa88c70ce7e1fe2dc16fd",
    "factor_value_change_capture": {
      "pmsf_mafft_profile": {
        "changed_entries": 8,
        "sampled_changed_entries": 8,
        "samples": [
          {
            "row": 9384,
            "column": 88,
            "baseline_hex": "-0x1.72756a1404dfbp-7",
            "observed_hex": "0x0.0000000004dfbp-1022",
            "baseline_bits": "13801042836126191099",
            "observed_bits": "19963",
            "xor_hex": "0xbf872756a1400000",
            "changed_bits": 23
          },
          {
            "row": 9384,
            "column": 89,
            "baseline_hex": "-0x1.0719408384accp-6",
            "observed_hex": "0x0.0p+0",
            "baseline_bits": "13803657738497575628",
            "observed_bits": "0",
            "xor_hex": "0xbf90719408384acc",
            "changed_bits": 27
          },
          {
            "row": 9384,
            "column": 90,
            "baseline_hex": "-0x1.1a285d91e1607p-5",
            "observed_hex": "0x0.0p+0",
            "baseline_bits": "13808496628251629063",
            "observed_bits": "0",
            "xor_hex": "0xbfa1a285d91e1607",
            "changed_bits": 31
          },
          {
            "row": 9384,
            "column": 91,
            "baseline_hex": "-0x1.8a53b98a81e67p-7",
            "observed_hex": "0x0.0p+0",
            "baseline_bits": "13801462733459693159",
            "observed_bits": "0",
            "xor_hex": "0xbf88a53b98a81e67",
            "changed_bits": 33
          },
          {
            "row": 9384,
            "column": 92,
            "baseline_hex": "0x1.2d8b8bea0be5fp-4",
            "observed_hex": "0x0.0p+0",
            "baseline_bits": "4589969258227744351",
            "observed_bits": "0",
            "xor_hex": "0x3fb2d8b8bea0be5f",
            "changed_bits": 38
          },
          {
            "row": 9384,
            "column": 93,
            "baseline_hex": "0x1.9308e67a0f68dp-7",
            "observed_hex": "0x0.0p+0",
            "baseline_bits": "4578243884380911245",
            "observed_bits": "0",
            "xor_hex": "0x3f89308e67a0f68d",
            "changed_bits": 32
          },
          {
            "row": 9384,
            "column": 94,
            "baseline_hex": "-0x1.3c0af5e6c49e2p-7",
            "observed_hex": "0x0.0p+0",
            "baseline_bits": "13800085542629296610",
            "observed_bits": "0",
            "xor_hex": "0xbf83c0af5e6c49e2",
            "changed_bits": 34
          },
          {
            "row": 9384,
            "column": 95,
            "baseline_hex": "-0x1.cc6ee18fe3c73p-5",
            "observed_hex": "-0x1.cc6ee18fe0000p-5",
            "baseline_bits": "13811632883162299507",
            "observed_bits": "13811632883162284032",
            "xor_hex": "0x3c73",
            "changed_bits": 9
          }
        ],
        "current_probe_tree": "pmsf_profile_mafft",
        "current_probe_uses_changed_tree": false,
        "baseline_array_hash": "070444aa295da6d2ffcc95947a9ff689c78df31c8acccd4a3e73a1fb55960ac8",
        "observed_array_hash": "01b9770328a3b79451e2a67cb21149270d40479b74e6390e23aae33942897d1f",
        "repeated_current_array_hash": "01b9770328a3b79451e2a67cb21149270d40479b74e6390e23aae33942897d1f",
        "baseline_matches_before_hash": true,
        "observed_values_all_finite": true,
        "maximum_finite_absolute_difference": 0.07361941007615645,
        "observed_snapshot": "results/phylogeny/retained-timing-ordered-probe-diagnostic-20261004-v5/captured_factors/004557b52f0f54dc276e118861e564bc50d72ed19b3aa88c70ce7e1fe2dc16fd-pmsf_mafft_profile-observed.npy",
        "observed_snapshot_sha256": "a7dba80c74723b922a49de8683dd9fdc8a265dd9f0a77ee34490f340494461a2"
      }
    }
  },
  "probe_status_counts": {
    "original_probe_rejected_in_ordered_diagnostic": 1
  },
  "inputs_preserved_for_all_attempted_groups": false,
  "elapsed_seconds": 57.51405712903943,
  "transitive_project_source_modules": 48,
  "line_trace_watched_trees": [
    "pmsf_profile_mafft",
    "profile_guide",
    "mafft_guide",
    "pmsf_mafft_profile",
    "pmsf_profile_profile"
  ],
  "line_trace_original_probe_only": true,
  "full_original_source_verification_inherited": true,
  "full_original_source_archive_rehashed": false,
  "original_prior_ten_cohort_probe_sequence_replayed": false,
  "scientific_eligibility": false,
  "production_tolerance_changed": false,
  "biological_fits": 0,
  "gpu": false,
  "original_jobs_restarted": false,
  "scope": "Ordered40original selected timing probes on closed exact cohort11 exports, including preserved original guard/primary likelihood/independent qualification/likelihood points. Line events in original unchanged probe hash all five source factors through zero-copy buffers; first changed transition raises an explicit diagnostic stop. Instrumentation changes allocation/timing context and does not prove an exact native instruction or original-run root cause. Shared cohort factors/operators and designs/responses hashed before/after each probe; repeated after hashes, nonoverlapping factor-buffer layouts and affected factor snapshots/bitwise differences retained; mutation stops further attempts and retains all unattempted identities. Diagnostics only, not whole prior10cohort execution-state replay, fit/source repair, tolerance relaxation or biological acceptance. Full source verification is inherited from the closed exact-cohort producer; consumed exported artifact bindings rehash."
}
