{
  "status": "preserved_stopped_original_pae_error_prefix_and_unreceipted_inventory",
  "checked_utc": "2026-10-05T20:22:02.069150+00:00",
  "original_invocation": "f002364f0fa542d5bc085cc952ca9772",
  "original_tool_session_id": 20937,
  "original_tool_terminal_exit_code": null,
  "native_success_claimed": false,
  "recovered_complete_error_rows": 8400,
  "error_types": {
    "ValueError": 8400
  },
  "gzip_end_of_stream_present": false,
  "trailing_decompressed_bytes": 0,
  "trailing_decompressed_sha256": "e3b0c44298fc1c149afbf4c8996fb92427ae41e4649b934ca495991b7852b855",
  "unreceipted_files": 8464,
  "unreceipted_bytes": 548209214,
  "partial_files": 0,
  "accepted_cached_matrices": 0,
  "scientific_eligibility": false,
  "scope": "Stopped exact original V1; original gzip remains unchanged, including any missing trailer. Only complete original JSON lines are recovered into a new artifact and matched to original bounded queue prefix; all unreceipted files are byte-inventoried. No file is accepted as a matrix, no HTTP provenance or native zero exit is invented, no original command is repeated. V2 retrieves full original queue in a separate cache."
}
