{
  "status": "passed_complete_closed_weighted_timing_fit_admission_and_capacity_contracts_v1",
  "checked_utc": "2026-10-04T02:49:59.093163+00:00",
  "total_admission_candidate_rows": 72000,
  "rehashed_closure_and_accounting_alterations_rejected": [
    [
      0,
      "unfinished_closure"
    ],
    [
      0,
      "wrong_completion_status"
    ],
    [
      0,
      "foreign_fit_contract"
    ],
    [
      0,
      "changed_reader_source"
    ],
    [
      0,
      "omit_candidate"
    ],
    [
      0,
      "duplicate_candidate"
    ],
    [
      0,
      "wrong_candidate_digest"
    ],
    [
      0,
      "foreign_representative"
    ],
    [
      0,
      "missing_group"
    ],
    [
      0,
      "missing_numeric_replay"
    ],
    [
      0,
      "promoted_science"
    ],
    [
      0,
      "altered_hardware_claim"
    ],
    [
      0,
      "changed_budget"
    ],
    [
      0,
      "extra_artifact"
    ],
    [
      0,
      "wrong_stage_hash"
    ],
    [
      1,
      "unfinished_closure"
    ],
    [
      1,
      "wrong_completion_status"
    ],
    [
      1,
      "foreign_fit_contract"
    ],
    [
      1,
      "changed_reader_source"
    ],
    [
      1,
      "omit_candidate"
    ],
    [
      1,
      "duplicate_candidate"
    ],
    [
      1,
      "wrong_candidate_digest"
    ],
    [
      1,
      "foreign_representative"
    ],
    [
      1,
      "missing_group"
    ],
    [
      1,
      "missing_numeric_replay"
    ],
    [
      1,
      "promoted_science"
    ],
    [
      1,
      "altered_hardware_claim"
    ],
    [
      1,
      "changed_budget"
    ],
    [
      1,
      "extra_artifact"
    ],
    [
      1,
      "wrong_stage_hash"
    ],
    [
      2,
      "unfinished_closure"
    ],
    [
      2,
      "wrong_completion_status"
    ],
    [
      2,
      "foreign_fit_contract"
    ],
    [
      2,
      "changed_reader_source"
    ],
    [
      2,
      "omit_candidate"
    ],
    [
      2,
      "duplicate_candidate"
    ],
    [
      2,
      "wrong_candidate_digest"
    ],
    [
      2,
      "foreign_representative"
    ],
    [
      2,
      "missing_group"
    ],
    [
      2,
      "missing_numeric_replay"
    ],
    [
      2,
      "promoted_science"
    ],
    [
      2,
      "altered_hardware_claim"
    ],
    [
      2,
      "changed_budget"
    ],
    [
      2,
      "extra_artifact"
    ],
    [
      2,
      "wrong_stage_hash"
    ]
  ],
  "production_scope_and_tolerance_relaxations_rejected": [
    "partial_expected",
    "partial_admission",
    "drop_policy",
    "drop_mode",
    "drop_tree",
    "drop_method",
    "changed_primary_budget",
    "relaxed_primary_gradient",
    "changed_variance_cap",
    "changed_column_batch",
    "relaxed_independent_gradient",
    "relaxed_replay",
    "changed_curvature"
  ],
  "actual_missing_prerequisites_refused": true,
  "source_and_journal_closure_fixtures_synthetic": true,
  "parent_numeric_probes_closed_not_repeated": true,
  "original_parent_bytes_never_modified": true,
  "own_corrupted_fixture_bytes_restored": true,
  "synthetic_scope_cannot_admit_production": true,
  "immutable_measured_configuration_unchanged": true,
  "production_resources_installed": false,
  "production_fitting_launched_or_queued": false,
  "scientific_eligibility": false,
  "new_cost_usd": 0,
  "gpu": false
}
