overlap_coordinate_pairs 1 /643
overlap_coordinate_pairs 2 /643
overlap_coordinate_pairs 3 /643
overlap_coordinate_pairs 4 /643
overlap_coordinate_pairs 5 /643
overlap_coordinate_pairs 6 /643
overlap_coordinate_pairs 7 /643
overlap_coordinate_pairs 8 /643
overlap_coordinate_pairs 9 /643
overlap_coordinate_pairs 10 /643
overlap_coordinate_pairs 11 /643
overlap_coordinate_pairs 12 /643
overlap_coordinate_pairs 13 /643
overlap_coordinate_pairs 14 /643
overlap_coordinate_pairs 15 /643
overlap_coordinate_pairs 16 /643
overlap_coordinate_pairs 17 /643
overlap_coordinate_pairs 18 /643
overlap_coordinate_pairs 19 /643
overlap_coordinate_pairs 20 /643
overlap_coordinate_pairs 21 /643
overlap_coordinate_pairs 22 /643
overlap_coordinate_pairs 23 /643
overlap_coordinate_pairs 24 /643
overlap_coordinate_pairs 25 /643
overlap_coordinate_pairs 26 /643
overlap_coordinate_pairs 27 /643
overlap_coordinate_pairs 28 /643
overlap_coordinate_pairs 29 /643
overlap_coordinate_pairs 30 /643
overlap_coordinate_pairs 31 /643
overlap_coordinate_pairs 32 /643
overlap_coordinate_pairs 33 /643
overlap_coordinate_pairs 34 /643
overlap_coordinate_pairs 35 /643
overlap_coordinate_pairs 36 /643
overlap_coordinate_pairs 37 /643
overlap_coordinate_pairs 38 /643
overlap_coordinate_pairs 39 /643
overlap_coordinate_pairs 40 /643
overlap_coordinate_pairs 41 /643
overlap_coordinate_pairs 42 /643
overlap_coordinate_pairs 43 /643
overlap_coordinate_pairs 44 /643
overlap_coordinate_pairs 45 /643
overlap_coordinate_pairs 46 /643
overlap_coordinate_pairs 47 /643
overlap_coordinate_pairs 48 /643
overlap_coordinate_pairs 49 /643
overlap_coordinate_pairs 50 /643
overlap_coordinate_pairs 51 /643
overlap_coordinate_pairs 52 /643
overlap_coordinate_pairs 53 /643
overlap_coordinate_pairs 54 /643
overlap_coordinate_pairs 55 /643
overlap_coordinate_pairs 56 /643
overlap_coordinate_pairs 57 /643
overlap_coordinate_pairs 58 /643
overlap_coordinate_pairs 59 /643
overlap_coordinate_pairs 60 /643
overlap_coordinate_pairs 61 /643
overlap_coordinate_pairs 62 /643
overlap_coordinate_pairs 63 /643
overlap_coordinate_pairs 64 /643
overlap_coordinate_pairs 65 /643
overlap_coordinate_pairs 66 /643
overlap_coordinate_pairs 67 /643
overlap_coordinate_pairs 68 /643
overlap_coordinate_pairs 69 /643
overlap_coordinate_pairs 70 /643
overlap_coordinate_pairs 71 /643
overlap_coordinate_pairs 72 /643
overlap_coordinate_pairs 73 /643
overlap_coordinate_pairs 74 /643
overlap_coordinate_pairs 75 /643
overlap_coordinate_pairs 76 /643
overlap_coordinate_pairs 77 /643
overlap_coordinate_pairs 78 /643
overlap_coordinate_pairs 79 /643
overlap_coordinate_pairs 80 /643
overlap_coordinate_pairs 81 /643
overlap_coordinate_pairs 82 /643
overlap_coordinate_pairs 83 /643
overlap_coordinate_pairs 84 /643
overlap_coordinate_pairs 85 /643
overlap_coordinate_pairs 86 /643
overlap_coordinate_pairs 87 /643
overlap_coordinate_pairs 88 /643
overlap_coordinate_pairs 89 /643
overlap_coordinate_pairs 90 /643
overlap_coordinate_pairs 91 /643
overlap_coordinate_pairs 92 /643
overlap_coordinate_pairs 93 /643
overlap_coordinate_pairs 94 /643
overlap_coordinate_pairs 95 /643
overlap_coordinate_pairs 96 /643
overlap_coordinate_pairs 97 /643
overlap_coordinate_pairs 98 /643
overlap_coordinate_pairs 99 /643
overlap_coordinate_pairs 100 /643
overlap_coordinate_pairs 101 /643
overlap_coordinate_pairs 102 /643
overlap_coordinate_pairs 103 /643
overlap_coordinate_pairs 104 /643
overlap_coordinate_pairs 105 /643
overlap_coordinate_pairs 106 /643
overlap_coordinate_pairs 107 /643
overlap_coordinate_pairs 108 /643
overlap_coordinate_pairs 109 /643
overlap_coordinate_pairs 110 /643
overlap_coordinate_pairs 111 /643
overlap_coordinate_pairs 112 /643
overlap_coordinate_pairs 113 /643
overlap_coordinate_pairs 114 /643
overlap_coordinate_pairs 115 /643
overlap_coordinate_pairs 116 /643
overlap_coordinate_pairs 117 /643
overlap_coordinate_pairs 118 /643
overlap_coordinate_pairs 119 /643
overlap_coordinate_pairs 120 /643
overlap_coordinate_pairs 121 /643
overlap_coordinate_pairs 122 /643
overlap_coordinate_pairs 123 /643
overlap_coordinate_pairs 124 /643
overlap_coordinate_pairs 125 /643
overlap_coordinate_pairs 126 /643
overlap_coordinate_pairs 127 /643
overlap_coordinate_pairs 128 /643
overlap_coordinate_pairs 129 /643
overlap_coordinate_pairs 130 /643
overlap_coordinate_pairs 131 /643
overlap_coordinate_pairs 132 /643
overlap_coordinate_pairs 133 /643
overlap_coordinate_pairs 134 /643
overlap_coordinate_pairs 135 /643
overlap_coordinate_pairs 136 /643
overlap_coordinate_pairs 137 /643
overlap_coordinate_pairs 138 /643
overlap_coordinate_pairs 139 /643
overlap_coordinate_pairs 140 /643
overlap_coordinate_pairs 141 /643
overlap_coordinate_pairs 142 /643
overlap_coordinate_pairs 143 /643
overlap_coordinate_pairs 144 /643
overlap_coordinate_pairs 145 /643
overlap_coordinate_pairs 146 /643
overlap_coordinate_pairs 147 /643
overlap_coordinate_pairs 148 /643
overlap_coordinate_pairs 149 /643
overlap_coordinate_pairs 150 /643
overlap_coordinate_pairs 151 /643
overlap_coordinate_pairs 152 /643
overlap_coordinate_pairs 153 /643
overlap_coordinate_pairs 154 /643
overlap_coordinate_pairs 155 /643
overlap_coordinate_pairs 156 /643
overlap_coordinate_pairs 157 /643
overlap_coordinate_pairs 158 /643
overlap_coordinate_pairs 159 /643
overlap_coordinate_pairs 160 /643
overlap_coordinate_pairs 161 /643
overlap_coordinate_pairs 162 /643
overlap_coordinate_pairs 163 /643
overlap_coordinate_pairs 164 /643
overlap_coordinate_pairs 165 /643
overlap_coordinate_pairs 166 /643
overlap_coordinate_pairs 167 /643
overlap_coordinate_pairs 168 /643
overlap_coordinate_pairs 169 /643
overlap_coordinate_pairs 170 /643
overlap_coordinate_pairs 171 /643
overlap_coordinate_pairs 172 /643
overlap_coordinate_pairs 173 /643
overlap_coordinate_pairs 174 /643
overlap_coordinate_pairs 175 /643
overlap_coordinate_pairs 176 /643
overlap_coordinate_pairs 177 /643
overlap_coordinate_pairs 178 /643
overlap_coordinate_pairs 179 /643
overlap_coordinate_pairs 180 /643
overlap_coordinate_pairs 181 /643
overlap_coordinate_pairs 182 /643
overlap_coordinate_pairs 183 /643
overlap_coordinate_pairs 184 /643
overlap_coordinate_pairs 185 /643
overlap_coordinate_pairs 186 /643
overlap_coordinate_pairs 187 /643
overlap_coordinate_pairs 188 /643
overlap_coordinate_pairs 189 /643
overlap_coordinate_pairs 190 /643
overlap_coordinate_pairs 191 /643
overlap_coordinate_pairs 192 /643
overlap_coordinate_pairs 193 /643
overlap_coordinate_pairs 194 /643
overlap_coordinate_pairs 195 /643
overlap_coordinate_pairs 196 /643
overlap_coordinate_pairs 197 /643
overlap_coordinate_pairs 198 /643
overlap_coordinate_pairs 199 /643
overlap_coordinate_pairs 200 /643
overlap_coordinate_pairs 201 /643
overlap_coordinate_pairs 202 /643
overlap_coordinate_pairs 203 /643
overlap_coordinate_pairs 204 /643
overlap_coordinate_pairs 205 /643
overlap_coordinate_pairs 206 /643
overlap_coordinate_pairs 207 /643
overlap_coordinate_pairs 208 /643
overlap_coordinate_pairs 209 /643
overlap_coordinate_pairs 210 /643
overlap_coordinate_pairs 211 /643
overlap_coordinate_pairs 212 /643
overlap_coordinate_pairs 213 /643
overlap_coordinate_pairs 214 /643
overlap_coordinate_pairs 215 /643
overlap_coordinate_pairs 216 /643
overlap_coordinate_pairs 217 /643
overlap_coordinate_pairs 218 /643
overlap_coordinate_pairs 219 /643
overlap_coordinate_pairs 220 /643
overlap_coordinate_pairs 221 /643
overlap_coordinate_pairs 222 /643
overlap_coordinate_pairs 223 /643
overlap_coordinate_pairs 224 /643
overlap_coordinate_pairs 225 /643
overlap_coordinate_pairs 226 /643
overlap_coordinate_pairs 227 /643
overlap_coordinate_pairs 228 /643
overlap_coordinate_pairs 229 /643
overlap_coordinate_pairs 230 /643
overlap_coordinate_pairs 231 /643
overlap_coordinate_pairs 232 /643
overlap_coordinate_pairs 233 /643
overlap_coordinate_pairs 234 /643
overlap_coordinate_pairs 235 /643
overlap_coordinate_pairs 236 /643
overlap_coordinate_pairs 237 /643
overlap_coordinate_pairs 238 /643
overlap_coordinate_pairs 239 /643
overlap_coordinate_pairs 240 /643
overlap_coordinate_pairs 241 /643
overlap_coordinate_pairs 242 /643
overlap_coordinate_pairs 243 /643
overlap_coordinate_pairs 244 /643
overlap_coordinate_pairs 245 /643
overlap_coordinate_pairs 246 /643
overlap_coordinate_pairs 247 /643
overlap_coordinate_pairs 248 /643
overlap_coordinate_pairs 249 /643
overlap_coordinate_pairs 250 /643
overlap_coordinate_pairs 251 /643
overlap_coordinate_pairs 252 /643
overlap_coordinate_pairs 253 /643
overlap_coordinate_pairs 254 /643
overlap_coordinate_pairs 255 /643
overlap_coordinate_pairs 256 /643
overlap_coordinate_pairs 257 /643
overlap_coordinate_pairs 258 /643
overlap_coordinate_pairs 259 /643
overlap_coordinate_pairs 260 /643
overlap_coordinate_pairs 261 /643
overlap_coordinate_pairs 262 /643
overlap_coordinate_pairs 263 /643
overlap_coordinate_pairs 264 /643
overlap_coordinate_pairs 265 /643
overlap_coordinate_pairs 266 /643
overlap_coordinate_pairs 267 /643
overlap_coordinate_pairs 268 /643
overlap_coordinate_pairs 269 /643
overlap_coordinate_pairs 270 /643
overlap_coordinate_pairs 271 /643
overlap_coordinate_pairs 272 /643
overlap_coordinate_pairs 273 /643
overlap_coordinate_pairs 274 /643
overlap_coordinate_pairs 275 /643
overlap_coordinate_pairs 276 /643
overlap_coordinate_pairs 277 /643
overlap_coordinate_pairs 278 /643
overlap_coordinate_pairs 279 /643
overlap_coordinate_pairs 280 /643
overlap_coordinate_pairs 281 /643
overlap_coordinate_pairs 282 /643
overlap_coordinate_pairs 283 /643
overlap_coordinate_pairs 284 /643
overlap_coordinate_pairs 285 /643
overlap_coordinate_pairs 286 /643
overlap_coordinate_pairs 287 /643
overlap_coordinate_pairs 288 /643
overlap_coordinate_pairs 289 /643
overlap_coordinate_pairs 290 /643
overlap_coordinate_pairs 291 /643
overlap_coordinate_pairs 292 /643
overlap_coordinate_pairs 293 /643
overlap_coordinate_pairs 294 /643
overlap_coordinate_pairs 295 /643
overlap_coordinate_pairs 296 /643
overlap_coordinate_pairs 297 /643
overlap_coordinate_pairs 298 /643
overlap_coordinate_pairs 299 /643
overlap_coordinate_pairs 300 /643
overlap_coordinate_pairs 301 /643
overlap_coordinate_pairs 302 /643
overlap_coordinate_pairs 303 /643
overlap_coordinate_pairs 304 /643
overlap_coordinate_pairs 305 /643
overlap_coordinate_pairs 306 /643
overlap_coordinate_pairs 307 /643
overlap_coordinate_pairs 308 /643
overlap_coordinate_pairs 309 /643
overlap_coordinate_pairs 310 /643
overlap_coordinate_pairs 311 /643
overlap_coordinate_pairs 312 /643
overlap_coordinate_pairs 313 /643
overlap_coordinate_pairs 314 /643
overlap_coordinate_pairs 315 /643
overlap_coordinate_pairs 316 /643
overlap_coordinate_pairs 317 /643
overlap_coordinate_pairs 318 /643
overlap_coordinate_pairs 319 /643
overlap_coordinate_pairs 320 /643
overlap_coordinate_pairs 321 /643
overlap_coordinate_pairs 322 /643
overlap_coordinate_pairs 323 /643
overlap_coordinate_pairs 324 /643
overlap_coordinate_pairs 325 /643
overlap_coordinate_pairs 326 /643
overlap_coordinate_pairs 327 /643
overlap_coordinate_pairs 328 /643
overlap_coordinate_pairs 329 /643
overlap_coordinate_pairs 330 /643
overlap_coordinate_pairs 331 /643
overlap_coordinate_pairs 332 /643
overlap_coordinate_pairs 333 /643
overlap_coordinate_pairs 334 /643
overlap_coordinate_pairs 335 /643
overlap_coordinate_pairs 336 /643
overlap_coordinate_pairs 337 /643
overlap_coordinate_pairs 338 /643
overlap_coordinate_pairs 339 /643
overlap_coordinate_pairs 340 /643
overlap_coordinate_pairs 341 /643
overlap_coordinate_pairs 342 /643
overlap_coordinate_pairs 343 /643
overlap_coordinate_pairs 344 /643
overlap_coordinate_pairs 345 /643
overlap_coordinate_pairs 346 /643
overlap_coordinate_pairs 347 /643
overlap_coordinate_pairs 348 /643
overlap_coordinate_pairs 349 /643
overlap_coordinate_pairs 350 /643
overlap_coordinate_pairs 351 /643
overlap_coordinate_pairs 352 /643
overlap_coordinate_pairs 353 /643
overlap_coordinate_pairs 354 /643
overlap_coordinate_pairs 355 /643
overlap_coordinate_pairs 356 /643
overlap_coordinate_pairs 357 /643
overlap_coordinate_pairs 358 /643
overlap_coordinate_pairs 359 /643
overlap_coordinate_pairs 360 /643
overlap_coordinate_pairs 361 /643
overlap_coordinate_pairs 362 /643
overlap_coordinate_pairs 363 /643
overlap_coordinate_pairs 364 /643
overlap_coordinate_pairs 365 /643
overlap_coordinate_pairs 366 /643
overlap_coordinate_pairs 367 /643
overlap_coordinate_pairs 368 /643
overlap_coordinate_pairs 369 /643
overlap_coordinate_pairs 370 /643
overlap_coordinate_pairs 371 /643
overlap_coordinate_pairs 372 /643
overlap_coordinate_pairs 373 /643
overlap_coordinate_pairs 374 /643
overlap_coordinate_pairs 375 /643
overlap_coordinate_pairs 376 /643
overlap_coordinate_pairs 377 /643
overlap_coordinate_pairs 378 /643
overlap_coordinate_pairs 379 /643
overlap_coordinate_pairs 380 /643
overlap_coordinate_pairs 381 /643
overlap_coordinate_pairs 382 /643
overlap_coordinate_pairs 383 /643
overlap_coordinate_pairs 384 /643
overlap_coordinate_pairs 385 /643
overlap_coordinate_pairs 386 /643
overlap_coordinate_pairs 387 /643
overlap_coordinate_pairs 388 /643
overlap_coordinate_pairs 389 /643
overlap_coordinate_pairs 390 /643
overlap_coordinate_pairs 391 /643
overlap_coordinate_pairs 392 /643
overlap_coordinate_pairs 393 /643
overlap_coordinate_pairs 394 /643
overlap_coordinate_pairs 395 /643
overlap_coordinate_pairs 396 /643
overlap_coordinate_pairs 397 /643
overlap_coordinate_pairs 398 /643
overlap_coordinate_pairs 399 /643
overlap_coordinate_pairs 400 /643
overlap_coordinate_pairs 401 /643
overlap_coordinate_pairs 402 /643
overlap_coordinate_pairs 403 /643
overlap_coordinate_pairs 404 /643
overlap_coordinate_pairs 405 /643
overlap_coordinate_pairs 406 /643
overlap_coordinate_pairs 407 /643
overlap_coordinate_pairs 408 /643
overlap_coordinate_pairs 409 /643
overlap_coordinate_pairs 410 /643
overlap_coordinate_pairs 411 /643
overlap_coordinate_pairs 412 /643
overlap_coordinate_pairs 413 /643
overlap_coordinate_pairs 414 /643
overlap_coordinate_pairs 415 /643
overlap_coordinate_pairs 416 /643
overlap_coordinate_pairs 417 /643
overlap_coordinate_pairs 418 /643
overlap_coordinate_pairs 419 /643
overlap_coordinate_pairs 420 /643
overlap_coordinate_pairs 421 /643
overlap_coordinate_pairs 422 /643
overlap_coordinate_pairs 423 /643
overlap_coordinate_pairs 424 /643
overlap_coordinate_pairs 425 /643
overlap_coordinate_pairs 426 /643
overlap_coordinate_pairs 427 /643
overlap_coordinate_pairs 428 /643
overlap_coordinate_pairs 429 /643
overlap_coordinate_pairs 430 /643
overlap_coordinate_pairs 431 /643
overlap_coordinate_pairs 432 /643
overlap_coordinate_pairs 433 /643
overlap_coordinate_pairs 434 /643
overlap_coordinate_pairs 435 /643
overlap_coordinate_pairs 436 /643
overlap_coordinate_pairs 437 /643
overlap_coordinate_pairs 438 /643
overlap_coordinate_pairs 439 /643
overlap_coordinate_pairs 440 /643
overlap_coordinate_pairs 441 /643
overlap_coordinate_pairs 442 /643
overlap_coordinate_pairs 443 /643
overlap_coordinate_pairs 444 /643
overlap_coordinate_pairs 445 /643
overlap_coordinate_pairs 446 /643
overlap_coordinate_pairs 447 /643
overlap_coordinate_pairs 448 /643
overlap_coordinate_pairs 449 /643
overlap_coordinate_pairs 450 /643
overlap_coordinate_pairs 451 /643
overlap_coordinate_pairs 452 /643
overlap_coordinate_pairs 453 /643
overlap_coordinate_pairs 454 /643
overlap_coordinate_pairs 455 /643
overlap_coordinate_pairs 456 /643
overlap_coordinate_pairs 457 /643
overlap_coordinate_pairs 458 /643
overlap_coordinate_pairs 459 /643
overlap_coordinate_pairs 460 /643
overlap_coordinate_pairs 461 /643
overlap_coordinate_pairs 462 /643
overlap_coordinate_pairs 463 /643
overlap_coordinate_pairs 464 /643
overlap_coordinate_pairs 465 /643
overlap_coordinate_pairs 466 /643
overlap_coordinate_pairs 467 /643
overlap_coordinate_pairs 468 /643
overlap_coordinate_pairs 469 /643
overlap_coordinate_pairs 470 /643
overlap_coordinate_pairs 471 /643
overlap_coordinate_pairs 472 /643
overlap_coordinate_pairs 473 /643
overlap_coordinate_pairs 474 /643
overlap_coordinate_pairs 475 /643
overlap_coordinate_pairs 476 /643
overlap_coordinate_pairs 477 /643
overlap_coordinate_pairs 478 /643
overlap_coordinate_pairs 479 /643
overlap_coordinate_pairs 480 /643
overlap_coordinate_pairs 481 /643
overlap_coordinate_pairs 482 /643
overlap_coordinate_pairs 483 /643
overlap_coordinate_pairs 484 /643
overlap_coordinate_pairs 485 /643
overlap_coordinate_pairs 486 /643
overlap_coordinate_pairs 487 /643
overlap_coordinate_pairs 488 /643
overlap_coordinate_pairs 489 /643
overlap_coordinate_pairs 490 /643
overlap_coordinate_pairs 491 /643
overlap_coordinate_pairs 492 /643
overlap_coordinate_pairs 493 /643
overlap_coordinate_pairs 494 /643
overlap_coordinate_pairs 495 /643
overlap_coordinate_pairs 496 /643
overlap_coordinate_pairs 497 /643
overlap_coordinate_pairs 498 /643
overlap_coordinate_pairs 499 /643
overlap_coordinate_pairs 500 /643
overlap_coordinate_pairs 501 /643
overlap_coordinate_pairs 502 /643
overlap_coordinate_pairs 503 /643
overlap_coordinate_pairs 504 /643
overlap_coordinate_pairs 505 /643
overlap_coordinate_pairs 506 /643
overlap_coordinate_pairs 507 /643
overlap_coordinate_pairs 508 /643
overlap_coordinate_pairs 509 /643
overlap_coordinate_pairs 510 /643
overlap_coordinate_pairs 511 /643
overlap_coordinate_pairs 512 /643
overlap_coordinate_pairs 513 /643
overlap_coordinate_pairs 514 /643
overlap_coordinate_pairs 515 /643
overlap_coordinate_pairs 516 /643
overlap_coordinate_pairs 517 /643
overlap_coordinate_pairs 518 /643
overlap_coordinate_pairs 519 /643
overlap_coordinate_pairs 520 /643
overlap_coordinate_pairs 521 /643
overlap_coordinate_pairs 522 /643
overlap_coordinate_pairs 523 /643
overlap_coordinate_pairs 524 /643
overlap_coordinate_pairs 525 /643
overlap_coordinate_pairs 526 /643
overlap_coordinate_pairs 527 /643
overlap_coordinate_pairs 528 /643
overlap_coordinate_pairs 529 /643
overlap_coordinate_pairs 530 /643
overlap_coordinate_pairs 531 /643
overlap_coordinate_pairs 532 /643
overlap_coordinate_pairs 533 /643
overlap_coordinate_pairs 534 /643
overlap_coordinate_pairs 535 /643
overlap_coordinate_pairs 536 /643
overlap_coordinate_pairs 537 /643
overlap_coordinate_pairs 538 /643
overlap_coordinate_pairs 539 /643
overlap_coordinate_pairs 540 /643
overlap_coordinate_pairs 541 /643
overlap_coordinate_pairs 542 /643
overlap_coordinate_pairs 543 /643
overlap_coordinate_pairs 544 /643
overlap_coordinate_pairs 545 /643
overlap_coordinate_pairs 546 /643
overlap_coordinate_pairs 547 /643
overlap_coordinate_pairs 548 /643
overlap_coordinate_pairs 549 /643
overlap_coordinate_pairs 550 /643
overlap_coordinate_pairs 551 /643
overlap_coordinate_pairs 552 /643
overlap_coordinate_pairs 553 /643
overlap_coordinate_pairs 554 /643
overlap_coordinate_pairs 555 /643
overlap_coordinate_pairs 556 /643
overlap_coordinate_pairs 557 /643
overlap_coordinate_pairs 558 /643
overlap_coordinate_pairs 559 /643
overlap_coordinate_pairs 560 /643
overlap_coordinate_pairs 561 /643
overlap_coordinate_pairs 562 /643
overlap_coordinate_pairs 563 /643
overlap_coordinate_pairs 564 /643
overlap_coordinate_pairs 565 /643
overlap_coordinate_pairs 566 /643
overlap_coordinate_pairs 567 /643
overlap_coordinate_pairs 568 /643
overlap_coordinate_pairs 569 /643
overlap_coordinate_pairs 570 /643
overlap_coordinate_pairs 571 /643
overlap_coordinate_pairs 572 /643
overlap_coordinate_pairs 573 /643
overlap_coordinate_pairs 574 /643
overlap_coordinate_pairs 575 /643
overlap_coordinate_pairs 576 /643
overlap_coordinate_pairs 577 /643
overlap_coordinate_pairs 578 /643
overlap_coordinate_pairs 579 /643
overlap_coordinate_pairs 580 /643
overlap_coordinate_pairs 581 /643
overlap_coordinate_pairs 582 /643
overlap_coordinate_pairs 583 /643
overlap_coordinate_pairs 584 /643
overlap_coordinate_pairs 585 /643
overlap_coordinate_pairs 586 /643
overlap_coordinate_pairs 587 /643
overlap_coordinate_pairs 588 /643
overlap_coordinate_pairs 589 /643
overlap_coordinate_pairs 590 /643
overlap_coordinate_pairs 591 /643
overlap_coordinate_pairs 592 /643
overlap_coordinate_pairs 593 /643
overlap_coordinate_pairs 594 /643
overlap_coordinate_pairs 595 /643
overlap_coordinate_pairs 596 /643
overlap_coordinate_pairs 597 /643
overlap_coordinate_pairs 598 /643
overlap_coordinate_pairs 599 /643
overlap_coordinate_pairs 600 /643
overlap_coordinate_pairs 601 /643
overlap_coordinate_pairs 602 /643
overlap_coordinate_pairs 603 /643
overlap_coordinate_pairs 604 /643
overlap_coordinate_pairs 605 /643
overlap_coordinate_pairs 606 /643
overlap_coordinate_pairs 607 /643
overlap_coordinate_pairs 608 /643
overlap_coordinate_pairs 609 /643
overlap_coordinate_pairs 610 /643
overlap_coordinate_pairs 611 /643
overlap_coordinate_pairs 612 /643
overlap_coordinate_pairs 613 /643
overlap_coordinate_pairs 614 /643
overlap_coordinate_pairs 615 /643
overlap_coordinate_pairs 616 /643
overlap_coordinate_pairs 617 /643
overlap_coordinate_pairs 618 /643
overlap_coordinate_pairs 619 /643
overlap_coordinate_pairs 620 /643
overlap_coordinate_pairs 621 /643
overlap_coordinate_pairs 622 /643
overlap_coordinate_pairs 623 /643
overlap_coordinate_pairs 624 /643
overlap_coordinate_pairs 625 /643
overlap_coordinate_pairs 626 /643
overlap_coordinate_pairs 627 /643
overlap_coordinate_pairs 628 /643
overlap_coordinate_pairs 629 /643
overlap_coordinate_pairs 630 /643
overlap_coordinate_pairs 631 /643
overlap_coordinate_pairs 632 /643
overlap_coordinate_pairs 633 /643
overlap_coordinate_pairs 634 /643
overlap_coordinate_pairs 635 /643
overlap_coordinate_pairs 636 /643
overlap_coordinate_pairs 637 /643
overlap_coordinate_pairs 638 /643
overlap_coordinate_pairs 639 /643
overlap_coordinate_pairs 640 /643
overlap_coordinate_pairs 641 /643
overlap_coordinate_pairs 642 /643
overlap_coordinate_pairs 643 /643
{
  "status": "complete_full_matched_predictor_coordinate_benchmark_pending_independent_readback",
  "checked_utc": "2026-10-04T16:27:29.261578+00:00",
  "model_pairs": 643,
  "marker_taxon_links": 673,
  "confidence_settings": 12,
  "comparison_rows": 7716,
  "status_counts": {
    "coordinates_compared": 5171,
    "insufficient_common_coverage": 2545
  },
  "table": "results/phylogeny/overlap-coordinate-benchmark-20261004-v1/all_model_pair_coordinates.tsv",
  "table_sha256": "d81f8a4eae252c1ff59dd557bb85155caf0637b189c127a7563a071c56bbf200",
  "scientific_eligibility": false,
  "new_native_fits": 0,
  "gpu": false,
  "all_eight_aims_incomplete": true,
  "scope": "Every original exact-complete-sequence matched model pair and all original12feature-confidence settings retained. Raw coordinate sequences, all atoms/CA and confidence values checked; proper-rotation superposition plus all-pair, spatial-contact union<=15A/separation>=3, and original-sequence-gap3to10distance differences measured on exactly the original state-confidence masks. Whole proteins, not only fitted marker columns or conserved domains; orientation and local conformation may both contribute. Source-file and numeric memory checks preserve inputs. No additivity, evolutionary branch assignment, experimental accuracy, causation or independent model-pair sampling inferred. Full independent coordinate/mask/numeric replay and linkage to original phylogenetic paths remain required."
}
