{
  "status": "passed_weighted_shared_entity_gaussian_simulation_and_fixed_sample_accounting_v1",
  "checked_utc": "2026-10-04T03:42:47.658293+00:00",
  "original_software_model_cases": 64,
  "basis_dimensions": [
    4,
    5,
    6
  ],
  "exact_latent_response_replays": 576,
  "dense_covariance_cases": 192,
  "maximum_absolute_dense_covariance_error": 5.329070518200751e-15,
  "maximum_absolute_latent_response_error": 3.552713678800501e-15,
  "gaussian_moment_smoke_cases": 16,
  "gaussian_moment_smoke_replicates": 8192,
  "signed_duplicate_cancellation_and_zero_rank_passed": true,
  "input_and_scenario_rejections": [
    "zero_diagonal",
    "negative_diagonal",
    "nan_diagonal",
    "wrong_diagonal",
    "nan_factor",
    "nan_design",
    "rank_design",
    "zero_column",
    "missing_name",
    "wrong_name_order",
    "duplicate_name",
    "entity_crosses_blocks",
    "nan_operator",
    "negative_ratio",
    "nan_ratio",
    "wrong_ratios",
    "wrong_beta",
    "nan_beta",
    "zero_scale",
    "negative_scale",
    "infinite_scale",
    "boolean_scale",
    "underflow_variance",
    "overflow_variance",
    "empty_candidate",
    "empty_scenario",
    "negative_seed",
    "boolean_seed",
    "negative_replicate"
  ],
  "coverage_accounting_rejections": [
    "missing_replicate",
    "duplicate_replicate",
    "boolean_replicate",
    "foreign_candidate",
    "foreign_scenario",
    "foreign_input",
    "foreign_truth",
    "promoted_science",
    "unknown_status",
    "nonboolean_coverage",
    "missing_coefficient"
  ],
  "response_replay_rejections": [
    "response_hash",
    "changed_seed",
    "changed_truth",
    "changed_component_stream",
    "changed_names",
    "promoted_science",
    "invented_refit"
  ],
  "scheduling_order_independent": true,
  "original_full_expected": {
    "logical_cases": 75188,
    "cohorts": 4340,
    "designs": 130200,
    "fit_inputs": 260400,
    "settings": 622080,
    "candidate_rows": 20832000,
    "setting_fit_links": 49766400
  },
  "full_data_simulation_launched": false,
  "fits_computed": 0,
  "scientific_eligibility": false,
  "gpu": false,
  "new_cost_usd": 0,
  "scope": "Software Gaussian-response generator and fixed-sample unresolved-coverage accounting for all64original synthetic weighted models, q4/q5/q6 and all control/mode/outcome/method axes. No refit mocked as actual fit; coverage statuses are explicitly synthetic accounting fixtures. Actual original closed source/fit admission, full scenarios/refits/calibration, global dependence/multiple-testing and adequacy remain required; full biological scope unchanged, all eight aims incomplete."
}
