full_entity_operator_numeric_benchmark signed t1 cases 24 seconds 0.0047754039987921715
full_entity_operator_numeric_benchmark unsigned t1 cases 24 seconds 0.004401625017635524
full_entity_operator_numeric_benchmark signed t2 cases 24 seconds 0.0042225029319524765
full_entity_operator_numeric_benchmark unsigned t2 cases 24 seconds 0.004208130994811654
full_entity_operator_numeric_benchmark signed t3 cases 24 seconds 0.004222151939757168
full_entity_operator_numeric_benchmark unsigned t3 cases 24 seconds 0.004154560039751232
full_entity_operator_numeric_benchmark signed t4 cases 24 seconds 0.0042050560005009174
full_entity_operator_numeric_benchmark unsigned t4 cases 24 seconds 0.004388033994473517
full_entity_operator_numeric_benchmark signed t5 cases 24 seconds 0.004289134056307375
full_entity_operator_numeric_benchmark unsigned t5 cases 24 seconds 0.004166187020018697
{"logical_cases": 24, "entity_occurrences": 336, "unique_entities": {"target_node": 24, "background_node": 6, "model_pair": 12, "family": 2, "gene": 60, "model": 24}, "matrices": 13, "operator_nnz": {"signed|target_node": 24, "unsigned|target_node": 24, "signed|background_node": 24, "unsigned|background_node": 24, "signed|model_pair": 48, "unsigned|model_pair": 48, "signed|family": 0, "unsigned|family": 24, "signed|gene": 96, "unsigned|gene": 96, "signed|model": 96, "unsigned|model": 96, "contrast|family_intercept": 24}, "family_components": 2, "largest_component": 12, "sum_component_squared_sizes": 288, "trees": ["t1", "t2", "t3", "t4", "t5"], "kernel_gram_ranks": {"signed|t1": 4, "unsigned|t1": 4, "signed|t2": 4, "unsigned|t2": 4, "signed|t3": 4, "unsigned|t3": 4, "signed|t4": 4, "unsigned|t4": 4, "signed|t5": 4, "unsigned|t5": 4}, "zero_kernels": {"signed|t1": ["family"], "unsigned|t1": [], "signed|t2": ["family"], "unsigned|t2": [], "signed|t3": ["family"], "unsigned|t3": [], "signed|t4": ["family"], "unsigned|t4": [], "signed|t5": ["family"], "unsigned|t5": []}, "numerical_benchmarks": 10}
independent_full_entity_operator_benchmark signed t1 24
independent_full_entity_operator_benchmark unsigned t1 24
independent_full_entity_operator_benchmark signed t2 24
independent_full_entity_operator_benchmark unsigned t2 24
independent_full_entity_operator_benchmark signed t3 24
independent_full_entity_operator_benchmark unsigned t3 24
independent_full_entity_operator_benchmark signed t4 24
independent_full_entity_operator_benchmark unsigned t4 24
independent_full_entity_operator_benchmark signed t5 24
independent_full_entity_operator_benchmark unsigned t5 24
{"logical_cases": 24, "entity_occurrences": 336, "unique_entities": {"target_node": 24, "background_node": 6, "model_pair": 12, "family": 2, "gene": 60, "model": 24}, "matrices": 13, "operator_nnz": {"signed|target_node": 24, "unsigned|target_node": 24, "signed|background_node": 24, "unsigned|background_node": 24, "signed|model_pair": 48, "unsigned|model_pair": 48, "signed|family": 0, "unsigned|family": 24, "signed|gene": 96, "unsigned|gene": 96, "signed|model": 96, "unsigned|model": 96, "contrast|family_intercept": 24}, "family_components": 2, "largest_component": 12, "sum_component_squared_sizes": 288, "trees": ["t1", "t2", "t3", "t4", "t5"], "kernel_gram_ranks": {"signed|t1": 4, "unsigned|t1": 4, "signed|t2": 4, "unsigned|t2": 4, "signed|t3": 4, "unsigned|t3": 4, "signed|t4": 4, "unsigned|t4": 4, "signed|t5": 4, "unsigned|t5": 4}, "zero_kernels": {"signed|t1": ["family"], "unsigned|t1": [], "signed|t2": ["family"], "unsigned|t2": [], "signed|t3": ["family"], "unsigned|t3": [], "signed|t4": ["family"], "unsigned|t4": [], "signed|t5": ["family"], "unsigned|t5": []}, "numerical_benchmarks": 10}
{"status": "complete_full_four_control_covariance_source_census_pending_readback_v1", "checked_utc": "2026-10-04T10:02:18.242982+00:00", "plan_sha256": "48d7daf7883e000caa9709a8b7f0b8b6114b2013d8fdd5d1b87c28325a57fd7c", "source_contract": "82d40b0d80a6fe7c7c0968c76b0cfbfebe97e03bc232fc97ea1bda6ca4d2e839", "logical_cases": 24, "cohorts": 5, "case_row_occurrences": 56, "designs": 150, "fit_inputs": 300, "settings": 600, "design_status_counts": {"full_rank_design": 90, "insufficient_residual_dimension": 60}, "fit_input_status_counts": {"ready_for_working_covariance_fit": 150, "insufficient_residual_dimension": 120, "constant_response_requires_review": 30}, "setting_status_counts": {"ready_for_working_covariance_fit": 300, "insufficient_residual_dimension": 240, "constant_response_requires_review": 60}, "policy_basis_counts": {"uniform:signed:q5": 4, "uniform:unsigned:q5": 4, "background_node:signed:q5": 4, "background_node:unsigned:q5": 4, "background_pair:signed:q5": 3, "background_pair:unsigned:q5": 3, "family_component:signed:q5": 4, "family_component:unsigned:q5": 4, "uniform:signed:q4": 1, "uniform:unsigned:q4": 1, "background_node:signed:q4": 1, "background_node:unsigned:q4": 1, "background_pair:signed:q4": 1, "background_pair:unsigned:q4": 1, "family_component:signed:q4": 1, "family_component:unsigned:q4": 1, "background_pair:signed:q6": 1, "background_pair:unsigned:q6": 1}, "expected_numerical_audit_rows": 6000, "expected_setting_audit_links": 24000, "policies": ["uniform", "background_node", "background_pair", "family_component"], "trees": ["t1", "t2", "t3", "t4", "t5"], "loading_modes": ["signed", "unsigned"], "numerical_audits_computed": 0, "working_model_fits_computed": 0, "raw_reml_basis_qualification_complete": false, "scientific_eligibility": false}
{"status": "passed_full_four_control_covariance_source_census_readback_v1", "checked_utc": "2026-10-04T10:02:18.370800+00:00", "plan_sha256": "48d7daf7883e000caa9709a8b7f0b8b6114b2013d8fdd5d1b87c28325a57fd7c", "source_contract": "82d40b0d80a6fe7c7c0968c76b0cfbfebe97e03bc232fc97ea1bda6ca4d2e839", "logical_cases": 24, "cohorts": 5, "case_row_occurrences": 56, "designs": 150, "fit_inputs": 300, "settings": 600, "design_status_counts": {"full_rank_design": 90, "insufficient_residual_dimension": 60}, "fit_input_status_counts": {"ready_for_working_covariance_fit": 150, "insufficient_residual_dimension": 120, "constant_response_requires_review": 30}, "setting_status_counts": {"ready_for_working_covariance_fit": 300, "insufficient_residual_dimension": 240, "constant_response_requires_review": 60}, "policy_basis_counts": {"uniform:signed:q5": 4, "uniform:unsigned:q5": 4, "background_node:signed:q5": 4, "background_node:unsigned:q5": 4, "background_pair:signed:q5": 3, "background_pair:unsigned:q5": 3, "family_component:signed:q5": 4, "family_component:unsigned:q5": 4, "uniform:signed:q4": 1, "uniform:unsigned:q4": 1, "background_node:signed:q4": 1, "background_node:unsigned:q4": 1, "background_pair:signed:q4": 1, "background_pair:unsigned:q4": 1, "family_component:signed:q4": 1, "family_component:unsigned:q4": 1, "background_pair:signed:q6": 1, "background_pair:unsigned:q6": 1}, "expected_numerical_audit_rows": 6000, "expected_setting_audit_links": 24000, "policies": ["uniform", "background_node", "background_pair", "family_component"], "trees": ["t1", "t2", "t3", "t4", "t5"], "loading_modes": ["signed", "unsigned"], "numerical_audits_computed": 0, "working_model_fits_computed": 0, "raw_reml_basis_qualification_complete": false, "scientific_eligibility": false, "producer_receipt_sha256": "a7371a8697c1fbcd9b84200a965e5d819f0c54e2872e9e6f94a84737d64a144e"}
full_entity_operator_numeric_benchmark signed t1 cases 24 seconds 0.004614939913153648
full_entity_operator_numeric_benchmark unsigned t1 cases 24 seconds 0.004277496016584337
full_entity_operator_numeric_benchmark signed t2 cases 24 seconds 0.004276023944839835
full_entity_operator_numeric_benchmark unsigned t2 cases 24 seconds 0.00429426203481853
full_entity_operator_numeric_benchmark signed t3 cases 24 seconds 0.004318870021961629
full_entity_operator_numeric_benchmark unsigned t3 cases 24 seconds 0.004232628969475627
full_entity_operator_numeric_benchmark signed t4 cases 24 seconds 0.004393383045680821
full_entity_operator_numeric_benchmark unsigned t4 cases 24 seconds 0.004901515902020037
full_entity_operator_numeric_benchmark signed t5 cases 24 seconds 0.004347183043137193
full_entity_operator_numeric_benchmark unsigned t5 cases 24 seconds 0.0043704480631276965
{"logical_cases": 24, "entity_occurrences": 336, "unique_entities": {"target_node": 24, "background_node": 6, "model_pair": 12, "family": 2, "gene": 60, "model": 24}, "matrices": 13, "operator_nnz": {"signed|target_node": 24, "unsigned|target_node": 24, "signed|background_node": 24, "unsigned|background_node": 24, "signed|model_pair": 48, "unsigned|model_pair": 48, "signed|family": 0, "unsigned|family": 24, "signed|gene": 96, "unsigned|gene": 96, "signed|model": 96, "unsigned|model": 96, "contrast|family_intercept": 24}, "family_components": 2, "largest_component": 12, "sum_component_squared_sizes": 288, "trees": ["t1", "t2", "t3", "t4", "t5"], "kernel_gram_ranks": {"signed|t1": 4, "unsigned|t1": 4, "signed|t2": 4, "unsigned|t2": 4, "signed|t3": 4, "unsigned|t3": 4, "signed|t4": 4, "unsigned|t4": 4, "signed|t5": 4, "unsigned|t5": 4}, "zero_kernels": {"signed|t1": ["family"], "unsigned|t1": [], "signed|t2": ["family"], "unsigned|t2": [], "signed|t3": ["family"], "unsigned|t3": [], "signed|t4": ["family"], "unsigned|t4": [], "signed|t5": ["family"], "unsigned|t5": []}, "numerical_benchmarks": 10}
independent_full_entity_operator_benchmark signed t1 24
independent_full_entity_operator_benchmark unsigned t1 24
independent_full_entity_operator_benchmark signed t2 24
independent_full_entity_operator_benchmark unsigned t2 24
independent_full_entity_operator_benchmark signed t3 24
independent_full_entity_operator_benchmark unsigned t3 24
independent_full_entity_operator_benchmark signed t4 24
independent_full_entity_operator_benchmark unsigned t4 24
independent_full_entity_operator_benchmark signed t5 24
independent_full_entity_operator_benchmark unsigned t5 24
{"logical_cases": 24, "entity_occurrences": 336, "unique_entities": {"target_node": 24, "background_node": 6, "model_pair": 12, "family": 2, "gene": 60, "model": 24}, "matrices": 13, "operator_nnz": {"signed|target_node": 24, "unsigned|target_node": 24, "signed|background_node": 24, "unsigned|background_node": 24, "signed|model_pair": 48, "unsigned|model_pair": 48, "signed|family": 0, "unsigned|family": 24, "signed|gene": 96, "unsigned|gene": 96, "signed|model": 96, "unsigned|model": 96, "contrast|family_intercept": 24}, "family_components": 2, "largest_component": 12, "sum_component_squared_sizes": 288, "trees": ["t1", "t2", "t3", "t4", "t5"], "kernel_gram_ranks": {"signed|t1": 4, "unsigned|t1": 4, "signed|t2": 4, "unsigned|t2": 4, "signed|t3": 4, "unsigned|t3": 4, "signed|t4": 4, "unsigned|t4": 4, "signed|t5": 4, "unsigned|t5": 4}, "zero_kernels": {"signed|t1": ["family"], "unsigned|t1": [], "signed|t2": ["family"], "unsigned|t2": [], "signed|t3": ["family"], "unsigned|t3": [], "signed|t4": ["family"], "unsigned|t4": [], "signed|t5": ["family"], "unsigned|t5": []}, "numerical_benchmarks": 10}
{"status": "complete_full_four_control_covariance_source_census_pending_readback_v1", "checked_utc": "2026-10-04T10:02:19.154001+00:00", "plan_sha256": "48582bf90b55c4f718727133755ae00080c8580d37e73f0eaf602f6dc88b5670", "source_contract": "542c435d452a545140935571435f1cc75d8e9e18191ad8b014095350d25be47f", "logical_cases": 24, "cohorts": 5, "case_row_occurrences": 55, "designs": 150, "fit_inputs": 300, "settings": 600, "design_status_counts": {"full_rank_design": 90, "insufficient_residual_dimension": 60}, "fit_input_status_counts": {"ready_for_working_covariance_fit": 150, "insufficient_residual_dimension": 120, "constant_response_requires_review": 30}, "setting_status_counts": {"ready_for_working_covariance_fit": 300, "insufficient_residual_dimension": 240, "constant_response_requires_review": 60}, "policy_basis_counts": {"uniform:signed:q4": 5, "uniform:unsigned:q4": 5, "background_node:signed:q5": 4, "background_node:unsigned:q5": 4, "background_pair:signed:q5": 4, "background_pair:unsigned:q5": 4, "family_component:signed:q4": 4, "family_component:unsigned:q4": 4, "background_node:signed:q4": 1, "background_node:unsigned:q4": 1, "background_pair:signed:q4": 1, "background_pair:unsigned:q4": 1, "family_component:signed:q5": 1, "family_component:unsigned:q5": 1}, "expected_numerical_audit_rows": 6000, "expected_setting_audit_links": 24000, "policies": ["uniform", "background_node", "background_pair", "family_component"], "trees": ["t1", "t2", "t3", "t4", "t5"], "loading_modes": ["signed", "unsigned"], "numerical_audits_computed": 0, "working_model_fits_computed": 0, "raw_reml_basis_qualification_complete": false, "scientific_eligibility": false}
{"status": "passed_full_four_control_covariance_source_census_readback_v1", "checked_utc": "2026-10-04T10:02:19.295458+00:00", "plan_sha256": "48582bf90b55c4f718727133755ae00080c8580d37e73f0eaf602f6dc88b5670", "source_contract": "542c435d452a545140935571435f1cc75d8e9e18191ad8b014095350d25be47f", "logical_cases": 24, "cohorts": 5, "case_row_occurrences": 55, "designs": 150, "fit_inputs": 300, "settings": 600, "design_status_counts": {"full_rank_design": 90, "insufficient_residual_dimension": 60}, "fit_input_status_counts": {"ready_for_working_covariance_fit": 150, "insufficient_residual_dimension": 120, "constant_response_requires_review": 30}, "setting_status_counts": {"ready_for_working_covariance_fit": 300, "insufficient_residual_dimension": 240, "constant_response_requires_review": 60}, "policy_basis_counts": {"uniform:signed:q4": 5, "uniform:unsigned:q4": 5, "background_node:signed:q5": 4, "background_node:unsigned:q5": 4, "background_pair:signed:q5": 4, "background_pair:unsigned:q5": 4, "family_component:signed:q4": 4, "family_component:unsigned:q4": 4, "background_node:signed:q4": 1, "background_node:unsigned:q4": 1, "background_pair:signed:q4": 1, "background_pair:unsigned:q4": 1, "family_component:signed:q5": 1, "family_component:unsigned:q5": 1}, "expected_numerical_audit_rows": 6000, "expected_setting_audit_links": 24000, "policies": ["uniform", "background_node", "background_pair", "family_component"], "trees": ["t1", "t2", "t3", "t4", "t5"], "loading_modes": ["signed", "unsigned"], "numerical_audits_computed": 0, "working_model_fits_computed": 0, "raw_reml_basis_qualification_complete": false, "scientific_eligibility": false, "producer_receipt_sha256": "1c056015a2110b5031e64929d750594cabea199c64ce4e60dafc01068a27e463"}
full_entity_operator_numeric_benchmark signed t1 cases 24 seconds 0.004194290027953684
full_entity_operator_numeric_benchmark unsigned t1 cases 24 seconds 0.004454344976693392
full_entity_operator_numeric_benchmark signed t2 cases 24 seconds 0.004094558069482446
full_entity_operator_numeric_benchmark unsigned t2 cases 24 seconds 0.004046594956889749
full_entity_operator_numeric_benchmark signed t3 cases 24 seconds 0.004103561979718506
full_entity_operator_numeric_benchmark unsigned t3 cases 24 seconds 0.004279290093109012
full_entity_operator_numeric_benchmark signed t4 cases 24 seconds 0.004305779933929443
full_entity_operator_numeric_benchmark unsigned t4 cases 24 seconds 0.004282323061488569
full_entity_operator_numeric_benchmark signed t5 cases 24 seconds 0.0043065110221505165
full_entity_operator_numeric_benchmark unsigned t5 cases 24 seconds 0.004379370948299766
{"logical_cases": 24, "entity_occurrences": 336, "unique_entities": {"target_node": 24, "background_node": 6, "model_pair": 12, "family": 2, "gene": 60, "model": 24}, "matrices": 13, "operator_nnz": {"signed|target_node": 24, "unsigned|target_node": 24, "signed|background_node": 24, "unsigned|background_node": 24, "signed|model_pair": 48, "unsigned|model_pair": 48, "signed|family": 0, "unsigned|family": 24, "signed|gene": 96, "unsigned|gene": 96, "signed|model": 96, "unsigned|model": 96, "contrast|family_intercept": 24}, "family_components": 2, "largest_component": 12, "sum_component_squared_sizes": 288, "trees": ["t1", "t2", "t3", "t4", "t5"], "kernel_gram_ranks": {"signed|t1": 4, "unsigned|t1": 4, "signed|t2": 4, "unsigned|t2": 4, "signed|t3": 4, "unsigned|t3": 4, "signed|t4": 4, "unsigned|t4": 4, "signed|t5": 4, "unsigned|t5": 4}, "zero_kernels": {"signed|t1": ["family"], "unsigned|t1": [], "signed|t2": ["family"], "unsigned|t2": [], "signed|t3": ["family"], "unsigned|t3": [], "signed|t4": ["family"], "unsigned|t4": [], "signed|t5": ["family"], "unsigned|t5": []}, "numerical_benchmarks": 10}
independent_full_entity_operator_benchmark signed t1 24
independent_full_entity_operator_benchmark unsigned t1 24
independent_full_entity_operator_benchmark signed t2 24
independent_full_entity_operator_benchmark unsigned t2 24
independent_full_entity_operator_benchmark signed t3 24
independent_full_entity_operator_benchmark unsigned t3 24
independent_full_entity_operator_benchmark signed t4 24
independent_full_entity_operator_benchmark unsigned t4 24
independent_full_entity_operator_benchmark signed t5 24
independent_full_entity_operator_benchmark unsigned t5 24
{"logical_cases": 24, "entity_occurrences": 336, "unique_entities": {"target_node": 24, "background_node": 6, "model_pair": 12, "family": 2, "gene": 60, "model": 24}, "matrices": 13, "operator_nnz": {"signed|target_node": 24, "unsigned|target_node": 24, "signed|background_node": 24, "unsigned|background_node": 24, "signed|model_pair": 48, "unsigned|model_pair": 48, "signed|family": 0, "unsigned|family": 24, "signed|gene": 96, "unsigned|gene": 96, "signed|model": 96, "unsigned|model": 96, "contrast|family_intercept": 24}, "family_components": 2, "largest_component": 12, "sum_component_squared_sizes": 288, "trees": ["t1", "t2", "t3", "t4", "t5"], "kernel_gram_ranks": {"signed|t1": 4, "unsigned|t1": 4, "signed|t2": 4, "unsigned|t2": 4, "signed|t3": 4, "unsigned|t3": 4, "signed|t4": 4, "unsigned|t4": 4, "signed|t5": 4, "unsigned|t5": 4}, "zero_kernels": {"signed|t1": ["family"], "unsigned|t1": [], "signed|t2": ["family"], "unsigned|t2": [], "signed|t3": ["family"], "unsigned|t3": [], "signed|t4": ["family"], "unsigned|t4": [], "signed|t5": ["family"], "unsigned|t5": []}, "numerical_benchmarks": 10}
{"status": "complete_full_four_control_covariance_source_census_pending_readback_v1", "checked_utc": "2026-10-04T10:02:20.160427+00:00", "plan_sha256": "0e8f6278f3cf10e72c2e30b2145a92d304dd447ae6350a35b363682983b33fba", "source_contract": "c496705441c32343d3dce7c46b097d14bbfbabe41f386078537f1b3660aa6f09", "logical_cases": 24, "cohorts": 5, "case_row_occurrences": 55, "designs": 150, "fit_inputs": 300, "settings": 600, "design_status_counts": {"full_rank_design": 90, "insufficient_residual_dimension": 60}, "fit_input_status_counts": {"ready_for_working_covariance_fit": 150, "insufficient_residual_dimension": 120, "constant_response_requires_review": 30}, "setting_status_counts": {"ready_for_working_covariance_fit": 300, "insufficient_residual_dimension": 240, "constant_response_requires_review": 60}, "policy_basis_counts": {"uniform:signed:q5": 5, "uniform:unsigned:q5": 5, "background_node:signed:q6": 4, "background_node:unsigned:q6": 4, "background_pair:signed:q6": 4, "background_pair:unsigned:q6": 4, "family_component:signed:q5": 4, "family_component:unsigned:q5": 4, "background_node:signed:q5": 1, "background_node:unsigned:q5": 1, "background_pair:signed:q5": 1, "background_pair:unsigned:q5": 1, "family_component:signed:q6": 1, "family_component:unsigned:q6": 1}, "expected_numerical_audit_rows": 6000, "expected_setting_audit_links": 24000, "policies": ["uniform", "background_node", "background_pair", "family_component"], "trees": ["t1", "t2", "t3", "t4", "t5"], "loading_modes": ["signed", "unsigned"], "numerical_audits_computed": 0, "working_model_fits_computed": 0, "raw_reml_basis_qualification_complete": false, "scientific_eligibility": false}
{"status": "passed_full_four_control_covariance_source_census_readback_v1", "checked_utc": "2026-10-04T10:02:20.292432+00:00", "plan_sha256": "0e8f6278f3cf10e72c2e30b2145a92d304dd447ae6350a35b363682983b33fba", "source_contract": "c496705441c32343d3dce7c46b097d14bbfbabe41f386078537f1b3660aa6f09", "logical_cases": 24, "cohorts": 5, "case_row_occurrences": 55, "designs": 150, "fit_inputs": 300, "settings": 600, "design_status_counts": {"full_rank_design": 90, "insufficient_residual_dimension": 60}, "fit_input_status_counts": {"ready_for_working_covariance_fit": 150, "insufficient_residual_dimension": 120, "constant_response_requires_review": 30}, "setting_status_counts": {"ready_for_working_covariance_fit": 300, "insufficient_residual_dimension": 240, "constant_response_requires_review": 60}, "policy_basis_counts": {"uniform:signed:q5": 5, "uniform:unsigned:q5": 5, "background_node:signed:q6": 4, "background_node:unsigned:q6": 4, "background_pair:signed:q6": 4, "background_pair:unsigned:q6": 4, "family_component:signed:q5": 4, "family_component:unsigned:q5": 4, "background_node:signed:q5": 1, "background_node:unsigned:q5": 1, "background_pair:signed:q5": 1, "background_pair:unsigned:q5": 1, "family_component:signed:q6": 1, "family_component:unsigned:q6": 1}, "expected_numerical_audit_rows": 6000, "expected_setting_audit_links": 24000, "policies": ["uniform", "background_node", "background_pair", "family_component"], "trees": ["t1", "t2", "t3", "t4", "t5"], "loading_modes": ["signed", "unsigned"], "numerical_audits_computed": 0, "working_model_fits_computed": 0, "raw_reml_basis_qualification_complete": false, "scientific_eligibility": false, "producer_receipt_sha256": "ba24cdeffbf2a53c7a6950622e0a15e1777849d70df1af0ab283d8a68c5a7d2e"}
{
  "status": "prepared_three_complete_private_parallel_software_grids_v1",
  "checked_utc": "2026-10-04T10:02:20.303497+00:00",
  "grids": [
    {
      "name": "unqualified",
      "qualified": false,
      "pair_exception": false,
      "serial": "data/software_audits/full-weighted-parallel-fixtures-20261004-v3/unqualified/serial.plan.json",
      "parallel": "data/software_audits/full-weighted-parallel-fixtures-20261004-v3/unqualified/parallel.plan.json"
    },
    {
      "name": "qualified-common-pair",
      "qualified": true,
      "pair_exception": false,
      "serial": "data/software_audits/full-weighted-parallel-fixtures-20261004-v3/qualified-common-pair/serial.plan.json",
      "parallel": "data/software_audits/full-weighted-parallel-fixtures-20261004-v3/qualified-common-pair/parallel.plan.json"
    },
    {
      "name": "qualified-pair-exception",
      "qualified": true,
      "pair_exception": true,
      "serial": "data/software_audits/full-weighted-parallel-fixtures-20261004-v3/qualified-pair-exception/serial.plan.json",
      "parallel": "data/software_audits/full-weighted-parallel-fixtures-20261004-v3/qualified-pair-exception/parallel.plan.json"
    }
  ],
  "negatives": [
    {
      "case": "raw_gram",
      "plan": "data/software_audits/full-weighted-parallel-fixtures-20261004-v3/unqualified/negative-raw_gram.plan.json"
    },
    {
      "case": "projected_gram",
      "plan": "data/software_audits/full-weighted-parallel-fixtures-20261004-v3/unqualified/negative-projected_gram.plan.json"
    },
    {
      "case": "raw_envelope",
      "plan": "data/software_audits/full-weighted-parallel-fixtures-20261004-v3/unqualified/negative-raw_envelope.plan.json"
    },
    {
      "case": "projected_envelope",
      "plan": "data/software_audits/full-weighted-parallel-fixtures-20261004-v3/unqualified/negative-projected_envelope.plan.json"
    },
    {
      "case": "diagnostic_rank",
      "plan": "data/software_audits/full-weighted-parallel-fixtures-20261004-v3/unqualified/negative-diagnostic_rank.plan.json"
    },
    {
      "case": "retained_names",
      "plan": "data/software_audits/full-weighted-parallel-fixtures-20261004-v3/unqualified/negative-retained_names.plan.json"
    },
    {
      "case": "uniform_class",
      "plan": "data/software_audits/full-weighted-parallel-fixtures-20261004-v3/unqualified/negative-uniform_class.plan.json"
    },
    {
      "case": "control_label",
      "plan": "data/software_audits/full-weighted-parallel-fixtures-20261004-v3/unqualified/negative-control_label.plan.json"
    },
    {
      "case": "diagonal_hash",
      "plan": "data/software_audits/full-weighted-parallel-fixtures-20261004-v3/unqualified/negative-diagonal_hash.plan.json"
    },
    {
      "case": "source_design_status",
      "plan": "data/software_audits/full-weighted-parallel-fixtures-20261004-v3/unqualified/negative-source_design_status.plan.json"
    },
    {
      "case": "promote_science",
      "plan": "data/software_audits/full-weighted-parallel-fixtures-20261004-v3/unqualified/negative-promote_science.plan.json"
    },
    {
      "case": "omit_last_audit",
      "plan": "data/software_audits/full-weighted-parallel-fixtures-20261004-v3/unqualified/negative-omit_last_audit.plan.json"
    },
    {
      "case": "duplicate_audit",
      "plan": "data/software_audits/full-weighted-parallel-fixtures-20261004-v3/unqualified/negative-duplicate_audit.plan.json"
    },
    {
      "case": "foreign_record_count",
      "plan": "data/software_audits/full-weighted-parallel-fixtures-20261004-v3/unqualified/negative-foreign_record_count.plan.json"
    },
    {
      "case": "foreign_link",
      "plan": "data/software_audits/full-weighted-parallel-fixtures-20261004-v3/unqualified/negative-foreign_link.plan.json"
    },
    {
      "case": "missing_link",
      "plan": "data/software_audits/full-weighted-parallel-fixtures-20261004-v3/unqualified/negative-missing_link.plan.json"
    },
    {
      "case": "duplicate_link",
      "plan": "data/software_audits/full-weighted-parallel-fixtures-20261004-v3/unqualified/negative-duplicate_link.plan.json"
    },
    {
      "case": "changed_original_setting",
      "plan": "data/software_audits/full-weighted-parallel-fixtures-20261004-v3/unqualified/negative-changed_original_setting.plan.json"
    },
    {
      "case": "changed_setting_ordinal",
      "plan": "data/software_audits/full-weighted-parallel-fixtures-20261004-v3/unqualified/negative-changed_setting_ordinal.plan.json"
    }
  ],
  "synthetic_source_closures": true,
  "scientific_eligibility": false,
  "scope": "Three complete synthetic source grids constructed and census/readback executed under their original two-CPU/16-GiB caps. Numerical plans are prepared before execution for two-CPU/32-GiB serial/parallel qualification. Separate output namespaces retain all private corruption cases. No biological pilot or production fit."
}
