log_alpha_v10_native_control broad passed
log_alpha_v10_native_control centered passed
log_alpha_v10_native_control package passed
{
  "status": "passed_reversible_latent_log_alpha_v10_full_source_and_paired_native_controls",
  "checked_utc": "2026-10-05T23:00:57.741394+00:00",
  "full_programs_reversibly_checked": 405,
  "paired_prior_controls": 3,
  "scalar_rows": 63,
  "unchanged_scalar_comparisons": 2709,
  "new_diagnostic_rows": 63,
  "deterministic_diagnostic_rows": 57,
  "explicit_overflow_rows": 15,
  "installed_software_changed": false,
  "original_jobs_restarted": false,
  "prior_or_likelihood_changed": false,
  "scientific_eligibility": false,
  "posterior_qualified": false,
  "original_chain_overflow_cause_proven": false,
  "scope": "Expose the same latent Laplace draw used by the installed exp-transform, retain derived alpha and native category rates in a separate corrected scalar file. All405sources reverse exactly; three paired short native controls preserve six original scientific files byte for byte.57deterministic rows retain15overflow states. No historical latent value is reconstructed, existing review array admitted, prior truncated, native binary changed or posterior accepted."
}
