{
  "status": "passed_full_structural_marker_tree_projection_software_and_source_contracts",
  "checked_utc": "2026-10-03T11:45:33.795438+00:00",
  "synthetic_retained_sets": 512,
  "synthetic_original_branches": 6,
  "synthetic_original_branch_cells": 3072,
  "all_five_status_classes_observed": true,
  "altered_cases_rejected": [
    "altered_status",
    "altered_observed_side",
    "altered_observed_complement",
    "altered_path_internal_branch_count",
    "altered_path_length_sum",
    "invented_missing_path_length",
    "serialized_missing_key",
    "serialized_extra_key",
    "serialized_wrong_dtype",
    "serialized_wrong_shape",
    "serialized_object_dtype"
  ],
  "full_real_source_views": 70,
  "full_real_source_cohorts": 5,
  "full_real_marker_slots": 125,
  "full_real_taxon_entries": 526,
  "full_original_internal_branches": 36190,
  "future_projection_cases": 17500,
  "future_branch_projection_cells": 9047500,
  "scientific_eligibility": false,
  "scope": "All512subsets of a nine-tip unrooted synthetic tree exhaustively compared with independent DendroPy actual pruning/path lengths; allfiveprojectionclasses and11altered value/serialization cases checked. Complete actual70view/two-source/125marker source metadata, original branch identities and every emitted paired-alignment mask/membership verified. Synthetic checks are not production fungal projection, a biological pilot, inference, estimability/model/root/predictor qualification or any biological aim completion."
}
