{
  "status": "passed_complete_parallel_timing_checkpoint_fit_admission_v1",
  "checked_utc": "2026-10-04T12:06:41.850263+00:00",
  "complete_synthetic_grids": [
    {
      "name": "unqualified",
      "candidate_rows": 24000,
      "timing_groups": 0,
      "checked_checkpoint_pairs": 5
    },
    {
      "name": "qualified-common-pair",
      "candidate_rows": 24000,
      "timing_groups": 160,
      "checked_checkpoint_pairs": 5
    },
    {
      "name": "qualified-pair-exception",
      "candidate_rows": 24000,
      "timing_groups": 160,
      "checked_checkpoint_pairs": 5
    }
  ],
  "total_admission_candidate_rows": 72000,
  "full_checkpoint_pairs_checked": 15,
  "private_rehashed_corruptions_rejected": [
    [
      "unqualified",
      "unfinished_closure"
    ],
    [
      "unqualified",
      "wrong_completion_status"
    ],
    [
      "unqualified",
      "foreign_fit_contract"
    ],
    [
      "unqualified",
      "changed_reader_source"
    ],
    [
      "unqualified",
      "omit_candidate"
    ],
    [
      "unqualified",
      "duplicate_candidate"
    ],
    [
      "unqualified",
      "wrong_candidate_digest"
    ],
    [
      "unqualified",
      "foreign_representative"
    ],
    [
      "unqualified",
      "missing_group"
    ],
    [
      "unqualified",
      "missing_numeric_replay"
    ],
    [
      "unqualified",
      "promoted_science"
    ],
    [
      "unqualified",
      "altered_hardware_claim"
    ],
    [
      "unqualified",
      "changed_budget"
    ],
    [
      "unqualified",
      "extra_artifact"
    ],
    [
      "unqualified",
      "wrong_stage_hash"
    ],
    [
      "unqualified",
      "checkpoint_producer_cache_false"
    ],
    [
      "unqualified",
      "checkpoint_producer_submitted_false"
    ],
    [
      "unqualified",
      "checkpoint_reader_cache_false"
    ],
    [
      "unqualified",
      "checkpoint_reader_submitted_false"
    ],
    [
      "unqualified",
      "checkpoint_reader_as_changed"
    ],
    [
      "unqualified",
      "checkpoint_reader_count_changed"
    ],
    [
      "unqualified",
      "checkpoint_reader_index_changed"
    ],
    [
      "unqualified",
      "checkpoint_reader_pid_changed"
    ],
    [
      "unqualified",
      "checkpoint_reader_cache_unchecked"
    ],
    [
      "unqualified",
      "checkpoint_reader_task_unchecked"
    ],
    [
      "unqualified",
      "checkpoint_reader_science_true"
    ],
    [
      "unqualified",
      "checkpoint_reader_review_invented"
    ],
    [
      "unqualified",
      "missing_reader_checkpoint_binding"
    ],
    [
      "qualified-common-pair",
      "unfinished_closure"
    ],
    [
      "qualified-common-pair",
      "wrong_completion_status"
    ],
    [
      "qualified-common-pair",
      "foreign_fit_contract"
    ],
    [
      "qualified-common-pair",
      "changed_reader_source"
    ],
    [
      "qualified-common-pair",
      "omit_candidate"
    ],
    [
      "qualified-common-pair",
      "duplicate_candidate"
    ],
    [
      "qualified-common-pair",
      "wrong_candidate_digest"
    ],
    [
      "qualified-common-pair",
      "foreign_representative"
    ],
    [
      "qualified-common-pair",
      "missing_group"
    ],
    [
      "qualified-common-pair",
      "missing_numeric_replay"
    ],
    [
      "qualified-common-pair",
      "promoted_science"
    ],
    [
      "qualified-common-pair",
      "altered_hardware_claim"
    ],
    [
      "qualified-common-pair",
      "changed_budget"
    ],
    [
      "qualified-common-pair",
      "extra_artifact"
    ],
    [
      "qualified-common-pair",
      "wrong_stage_hash"
    ],
    [
      "qualified-common-pair",
      "checkpoint_producer_cache_false"
    ],
    [
      "qualified-common-pair",
      "checkpoint_producer_submitted_false"
    ],
    [
      "qualified-common-pair",
      "checkpoint_reader_cache_false"
    ],
    [
      "qualified-common-pair",
      "checkpoint_reader_submitted_false"
    ],
    [
      "qualified-common-pair",
      "checkpoint_reader_as_changed"
    ],
    [
      "qualified-common-pair",
      "checkpoint_reader_count_changed"
    ],
    [
      "qualified-common-pair",
      "checkpoint_reader_index_changed"
    ],
    [
      "qualified-common-pair",
      "checkpoint_reader_pid_changed"
    ],
    [
      "qualified-common-pair",
      "checkpoint_reader_cache_unchecked"
    ],
    [
      "qualified-common-pair",
      "checkpoint_reader_task_unchecked"
    ],
    [
      "qualified-common-pair",
      "checkpoint_reader_science_true"
    ],
    [
      "qualified-common-pair",
      "checkpoint_reader_review_invented"
    ],
    [
      "qualified-common-pair",
      "missing_reader_checkpoint_binding"
    ],
    [
      "qualified-pair-exception",
      "unfinished_closure"
    ],
    [
      "qualified-pair-exception",
      "wrong_completion_status"
    ],
    [
      "qualified-pair-exception",
      "foreign_fit_contract"
    ],
    [
      "qualified-pair-exception",
      "changed_reader_source"
    ],
    [
      "qualified-pair-exception",
      "omit_candidate"
    ],
    [
      "qualified-pair-exception",
      "duplicate_candidate"
    ],
    [
      "qualified-pair-exception",
      "wrong_candidate_digest"
    ],
    [
      "qualified-pair-exception",
      "foreign_representative"
    ],
    [
      "qualified-pair-exception",
      "missing_group"
    ],
    [
      "qualified-pair-exception",
      "missing_numeric_replay"
    ],
    [
      "qualified-pair-exception",
      "promoted_science"
    ],
    [
      "qualified-pair-exception",
      "altered_hardware_claim"
    ],
    [
      "qualified-pair-exception",
      "changed_budget"
    ],
    [
      "qualified-pair-exception",
      "extra_artifact"
    ],
    [
      "qualified-pair-exception",
      "wrong_stage_hash"
    ],
    [
      "qualified-pair-exception",
      "checkpoint_producer_cache_false"
    ],
    [
      "qualified-pair-exception",
      "checkpoint_producer_submitted_false"
    ],
    [
      "qualified-pair-exception",
      "checkpoint_reader_cache_false"
    ],
    [
      "qualified-pair-exception",
      "checkpoint_reader_submitted_false"
    ],
    [
      "qualified-pair-exception",
      "checkpoint_reader_as_changed"
    ],
    [
      "qualified-pair-exception",
      "checkpoint_reader_count_changed"
    ],
    [
      "qualified-pair-exception",
      "checkpoint_reader_index_changed"
    ],
    [
      "qualified-pair-exception",
      "checkpoint_reader_pid_changed"
    ],
    [
      "qualified-pair-exception",
      "checkpoint_reader_cache_unchecked"
    ],
    [
      "qualified-pair-exception",
      "checkpoint_reader_task_unchecked"
    ],
    [
      "qualified-pair-exception",
      "checkpoint_reader_science_true"
    ],
    [
      "qualified-pair-exception",
      "checkpoint_reader_review_invented"
    ],
    [
      "qualified-pair-exception",
      "missing_reader_checkpoint_binding"
    ]
  ],
  "corruption_cases_per_grid": 28,
  "unchanged_qualified_parent_bytes_verified": true,
  "positive_custody_copies_passed": true,
  "actual_missing_timing_prerequisite_refused": true,
  "synthetic_scope_cannot_admit_production": true,
  "full_native_timing_probes_repeated": false,
  "full_probe_arrays_accumulated": false,
  "source_and_journal_closure_fixtures_synthetic": true,
  "production_fitting_launched": false,
  "scientific_eligibility": false,
  "gpu": false
}
