{
  "status": "complete_full_predictor_coordinate_phylogeny_links_pending_independent_readback",
  "checked_utc": "2026-10-04T16:39:14.543044+00:00",
  "marker_slots": 125,
  "tree_views": 70,
  "project_taxon_entries": 526,
  "comparison_cases": 8750,
  "mapped_internal_paths": 31290,
  "original_internal_branch_slots": 4523750,
  "case_status_counts": {
    "ready_for_matched_predictor_branch_fits": 4970,
    "insufficient_joint_observation_taxa": 3780
  },
  "branch_status_counts": {
    "insufficient_matched_taxa": 1954260,
    "no_observations_on_one_side": 2346889,
    "terminal_projection": 50544,
    "unique_internal_projection": 13235,
    "shared_internal_projection": 158822
  },
  "matched_taxon_coordinate_link_occurrences": 46900,
  "paired_distribution_occurrences": 187740,
  "artifacts": {
    "all_case_coordinate_links.jsonl.gz": "a9ea23c78db859fd6dbc8f3b5ad4d43445838ae52a00b80b3f63e92bd255011e",
    "all_internal_path_coordinate_links.jsonl.gz": "1c5db55bce12a5a3f38acbd541e5f22844a49ab768fa2cb34712eb1150990258"
  },
  "scientific_eligibility": false,
  "new_native_fits": 0,
  "gpu": false,
  "all_eight_aims_incomplete": true,
  "scope": "Full125marker/70candidate-tree-view/526-taxon source universe retained. Every ready/nonready disposition and all4,523,750original branch slots audited;31,290observed internal paths link six conditional predictor resampling summaries, fixed-topology AA point estimates and both-side whole-protein coordinate controls. Many-to-one original paths remain explicit; no single-branch localization, physical rate, branch-time conversion, independence, causality, calibrated discovery or posterior adequacy accepted. Only21selected fungal taxa have predictor overlap; outgroups/fullfungal coverage remain upstream requirements. No cases filtered by geometry."
}
