{
  "status": "passed_independent_full_ancestral_derived_storage_readback",
  "checked_utc": "2026-10-06T03:23:31.243199+00:00",
  "measured_attempts": 1644,
  "original_roles": 1620,
  "effective_inputs": 135,
  "original_quartets": 405,
  "failed_originals_retained": 24,
  "comparison_attempts_retained": 24,
  "computational_baselines": 1620,
  "integrity_checked_baselines": 1606,
  "review_baselines_without_exports": 14,
  "measured_projection_files": 4818,
  "measured_array_members": 48180,
  "measured_derived_files": 6477,
  "measured_bytes_by_kind": {
    "stage_metadata": 280174735,
    "role_disposition": 100159817,
    "projection_array": 1432750716
  },
  "measured_derived_bytes": 1813085268,
  "measured_raw_array_bytes": 1419886656,
  "measured_serialization_overhead_bytes": 12864060,
  "largest_observed_projection_file_bytes": 5702962,
  "proposed_iterations": 10000,
  "saved_frame_interval": 10,
  "proposed_frames_per_role": 1001,
  "linear_observed_role_array_projection_bytes": 478061155643,
  "resource_only_peer_proxy_projection_bytes": 16764325578,
  "array_projection_with_review_resource_proxies_bytes": 494825481221,
  "native_projection_with_latent_allowance_bytes": 945474558095,
  "native_plus_array_projection_with_resource_proxies_bytes": 1440300039316,
  "resource_proxy_chain_ids": [
    "00b9b6eba0393f9cb0a750d2c36c6e3668218771fa9e056864fac67cc8d73259-broad-scalar-cjson-v6-chain3",
    "0c37c31b6f016a2f9012543375db4664a4afd263e0bb68f1b32191eaa9f366fc-broad-scalar-cjson-v6-chain4",
    "0cae3dc2d60aab44546ea86757c9027b6f46bad0d34e7485ee665a9cdf2c0b90-broad-scalar-cjson-v6-chain1",
    "0cae3dc2d60aab44546ea86757c9027b6f46bad0d34e7485ee665a9cdf2c0b90-package-scalar-cjson-v6-chain3",
    "1215fce145aa6a564b4858e2bf8d86023d6e5ddc500c5b358ed6016a4777df0c-broad-scalar-cjson-v6-chain2",
    "1e50904a556578d0d0af5119fb7344406994056afe39934fd10f0306d13cd568-broad-scalar-cjson-v6-chain4",
    "2c1005bd7e13d6ce2cb4b0429ac1ae47856c3153b120052d98b537113689ded9-broad-scalar-cjson-v6-chain4",
    "498bc2cddb01a705da9e9f3537c7bf1823aa7470c4620443b1bc968d537cba26-broad-scalar-cjson-v6-chain3",
    "498bc2cddb01a705da9e9f3537c7bf1823aa7470c4620443b1bc968d537cba26-centered-scalar-cjson-v6-chain1",
    "9b92fbbb126a2db7b15e7c72df7eb6447db40116420a41c9b2197294eac105e0-broad-scalar-cjson-v6-chain2",
    "acfc837699b7ad7b47bda478356d778fa35864ba0a2af4bfe55096cf9e8b65a5-broad-scalar-cjson-v6-chain3-latent-log-alpha-v10-full-comparison",
    "d7f0f2d2199cf9865658589f741cbb1dc1980d7615e27cc377d1fccc43386dd3-broad-scalar-cjson-v6-chain4",
    "e350b566a9c0c9bcb6e81785d2994a59f4de291eb47b77ce575b6a8d659802f3-broad-scalar-cjson-v6-chain1",
    "f9afda0ec2543df1e855aaf3048fa302b415440ce828b14ec71d8e686cb6b0f0-centered-scalar-cjson-v6-chain4-latent-log-alpha-v10-full-comparison"
  ],
  "every_derived_file_rehashed": true,
  "every_member_values_shape_dtype_digest_checked": true,
  "every_original_failure_review_and_comparison_retained": true,
  "scalar_or_joint_posterior_adequacy_proved": false,
  "scientific_eligibility": false,
  "posterior_qualified": false,
  "production_launch_allowed": false,
  "new_native_runs": 0,
  "new_predictions": 0,
  "gpu": false,
  "scope": "All derived bytes/NumPy members, attempts, missing-export dispositions and separate resource arithmetic replayed. Producer streaming NPY bytes and independent NumPy value loads share NumPy serialization and original closed inputs. Fourteen peer proxies are disk planning only. No reconstruction of missing draws, full biological revalidation, long-run bound or launch."
}
