{
  "status": "passed_independent_full_v7_candidate_comparison_readback",
  "checked_utc": "2026-10-04T14:41:38.894467+00:00",
  "source_receipt_sha256": "b8dd78694a9e8f22179db409c174aa1ed045978dcf20d489ddbcd31d57a767f9",
  "original_source_chain_id": "acfc837699b7ad7b47bda478356d778fa35864ba0a2af4bfe55096cf9e8b65a5-broad-scalar-cjson-v6-chain1",
  "native_receipt": "results/ancestral/baliphy-joint-fasta-v7-full-input-comparison-20261004-v1/native/attempt-0001/receipt.json",
  "scalar_rows": 21,
  "mapped_scalar_values": 903,
  "joint_frames": 3,
  "candidate_frames": 12,
  "native_tips": 622,
  "native_ancestors": 621,
  "ancestral_residue_category_pairs": 956096,
  "tip_residue_category_pairs": 854976,
  "original_8_mib_empty_files_excluded_from_compatibility_evidence": true,
  "disposition": "/mnt/ca1e2e99-718e-417c-9ba6-62421455971a/STRUCTURAL_GENOMICS/results/ancestral/baliphy-joint-fasta-v7-full-comparison-readback-20261004-v1/disposition.json",
  "full_24_failure_grid_qualified": false,
  "scientific_eligibility": false,
  "posterior_qualified": false,
  "original_jobs_restarted": false,
  "installed_software_changed": false,
  "gpu": false,
  "scope": "Existing independent native/tree/branch/FASTA/scalar/category readers check all three full1243-node frames and mapped source candidates. Original native command and artifact custody are reconstructed, and all ten saved64MiB scalar rows plus the nonempty first joint/FASTA frame match exactly. Only output integrity for one full failed input is qualified, not all24original failures or posterior mixing."
}
